Archive member included to satisfy reference by file (symbol)

../../../libDaisy/build\libdaisy.a(daisy_seed.o)
                              build/adsr.o (daisy::DaisySeed::Configure())
../../../libDaisy/build\libdaisy.a(codec_ak4556.o)
                              ../../../libDaisy/build\libdaisy.a(daisy_seed.o) (daisy::Ak4556::Init(dsy_gpio_pin))
../../../libDaisy/build\libdaisy.a(codec_wm8731.o)
                              ../../../libDaisy/build\libdaisy.a(daisy_seed.o) (daisy::Wm8731::Init(daisy::Wm8731::Config const&, daisy::I2CHandle))
../../../libDaisy/build\libdaisy.a(sdram.o)
                              ../../../libDaisy/build\libdaisy.a(daisy_seed.o) (SdramHandle::Init())
../../../libDaisy/build\libdaisy.a(audio.o)
                              ../../../libDaisy/build\libdaisy.a(daisy_seed.o) (daisy::AudioHandle::Init(daisy::AudioHandle::Config const&, daisy::SaiHandle))
../../../libDaisy/build\libdaisy.a(usb_midi.o)
                              build/adsr.o (daisy::MidiUsbTransport::Init(daisy::MidiUsbTransport::Config))
../../../libDaisy/build\libdaisy.a(adc.o)
                              build/adsr.o (daisy::AdcChannelConfig::InitSingle(dsy_gpio_pin))
../../../libDaisy/build\libdaisy.a(gpio.o)
                              ../../../libDaisy/build\libdaisy.a(daisy_seed.o) (dsy_gpio_init)
../../../libDaisy/build\libdaisy.a(i2c.o)
                              build/adsr.o (daisy::I2CHandle::Init(daisy::I2CHandle::Config const&))
../../../libDaisy/build\libdaisy.a(qspi.o)
                              ../../../libDaisy/build\libdaisy.a(daisy_seed.o) (daisy::QSPIHandle::Init(daisy::QSPIHandle::Config const&))
../../../libDaisy/build\libdaisy.a(sai.o)
                              ../../../libDaisy/build\libdaisy.a(daisy_seed.o) (daisy::SaiHandle::Init(daisy::SaiHandle::Config const&))
../../../libDaisy/build\libdaisy.a(system.o)
                              ../../../libDaisy/build\libdaisy.a(daisy_seed.o) (daisy::System::DeInit())
../../../libDaisy/build\libdaisy.a(system_stm32h7xx.o)
                              build/startup_stm32h750xx.o (SystemInit)
../../../libDaisy/build\libdaisy.a(usbd_conf.o)
                              ../../../libDaisy/build\libdaisy.a(system.o) (hpcd_USB_OTG_HS)
../../../libDaisy/build\libdaisy.a(usbh_conf.o)
                              ../../../libDaisy/build\libdaisy.a(system.o) (hhcd_USB_OTG_HS)
../../../libDaisy/build\libdaisy.a(hal_map.o)
                              ../../../libDaisy/build\libdaisy.a(gpio.o) (dsy_hal_map_get_port)
../../../libDaisy/build\libdaisy.a(oled_fonts.o)
                              build/adsr.o (Font_7x10)
../../../libDaisy/build\libdaisy.a(stm32h7xx_hal.o)
                              ../../../libDaisy/build\libdaisy.a(system.o) (HAL_Init)
../../../libDaisy/build\libdaisy.a(stm32h7xx_hal_adc.o)
                              ../../../libDaisy/build\libdaisy.a(adc.o) (HAL_ADC_ConfigChannel)
../../../libDaisy/build\libdaisy.a(stm32h7xx_hal_adc_ex.o)
                              ../../../libDaisy/build\libdaisy.a(adc.o) (HAL_ADCEx_Calibration_Start)
../../../libDaisy/build\libdaisy.a(stm32h7xx_hal_cortex.o)
                              ../../../libDaisy/build\libdaisy.a(stm32h7xx_hal.o) (HAL_NVIC_SetPriorityGrouping)
../../../libDaisy/build\libdaisy.a(stm32h7xx_hal_dma.o)
                              ../../../libDaisy/build\libdaisy.a(adc.o) (HAL_DMA_Init)
../../../libDaisy/build\libdaisy.a(stm32h7xx_hal_gpio.o)
                              ../../../libDaisy/build\libdaisy.a(sdram.o) (HAL_GPIO_Init)
../../../libDaisy/build\libdaisy.a(stm32h7xx_hal_hcd.o)
                              ../../../libDaisy/build\libdaisy.a(usbh_conf.o) (HAL_HCD_HC_Init)
../../../libDaisy/build\libdaisy.a(stm32h7xx_hal_i2c.o)
                              ../../../libDaisy/build\libdaisy.a(i2c.o) (HAL_I2C_Init)
../../../libDaisy/build\libdaisy.a(stm32h7xx_hal_i2c_ex.o)
                              ../../../libDaisy/build\libdaisy.a(i2c.o) (HAL_I2CEx_ConfigAnalogFilter)
../../../libDaisy/build\libdaisy.a(stm32h7xx_hal_pcd.o)
                              ../../../libDaisy/build\libdaisy.a(usbd_conf.o) (HAL_PCD_Init)
../../../libDaisy/build\libdaisy.a(stm32h7xx_hal_pcd_ex.o)
                              ../../../libDaisy/build\libdaisy.a(usbd_conf.o) (HAL_PCDEx_SetTxFiFo)
../../../libDaisy/build\libdaisy.a(stm32h7xx_hal_pwr_ex.o)
                              ../../../libDaisy/build\libdaisy.a(system.o) (HAL_PWREx_ConfigSupply)
../../../libDaisy/build\libdaisy.a(stm32h7xx_hal_qspi.o)
                              ../../../libDaisy/build\libdaisy.a(qspi.o) (HAL_QSPI_Init)
../../../libDaisy/build\libdaisy.a(stm32h7xx_hal_rcc.o)
                              ../../../libDaisy/build\libdaisy.a(system.o) (HAL_RCC_OscConfig)
../../../libDaisy/build\libdaisy.a(stm32h7xx_hal_rcc_ex.o)
[...]
Memory Configuration

Name             Origin             Length             Attributes
FLASH            0x08000000         0x00020000         xr
DTCMRAM          0x20000000         0x00020000         xrw
SRAM             0x24000000         0x00080000         xrw
RAM_D2           0x30000000         0x00048000         xrw
RAM_D3           0x38000000         0x00010000         xrw
ITCMRAM          0x00000000         0x00010000         xrw
SDRAM            0xc0000000         0x04000000         xrw
QSPIFLASH        0x90000000         0x00800000         xr
*default*        0x00000000         0xffffffff

Linker script and memory map

LOAD c:/users/toesc/documents/daisytoolchain/windows/bin/../lib/gcc/arm-none-eabi/10.2.1/thumb/v7e-m+dp/hard/crti.o
LOAD c:/users/toesc/documents/daisytoolchain/windows/bin/../lib/gcc/arm-none-eabi/10.2.1/thumb/v7e-m+dp/hard/crtbegin.o
LOAD c:/users/toesc/documents/daisytoolchain/windows/bin/../lib/gcc/arm-none-eabi/10.2.1/../../../../arm-none-eabi/lib/thumb/v7e-m+dp/hard/crt0.o
LOAD build/startup_stm32h750xx.o
LOAD build/adsr.o
LOAD ../../../libDaisy/build\libdaisy.a
LOAD c:/users/toesc/documents/daisytoolchain/windows/bin/../lib/gcc/arm-none-eabi/10.2.1/../../../../arm-none-eabi/lib/thumb/v7e-m+dp/hard\libnosys.a
LOAD ../../../DaisySP/build\libdaisysp.a
LOAD c:/users/toesc/documents/daisytoolchain/windows/bin/../lib/gcc/arm-none-eabi/10.2.1/../../../../arm-none-eabi/lib/thumb/v7e-m+dp/hard\libstdc++_nano.a
LOAD c:/users/toesc/documents/daisytoolchain/windows/bin/../lib/gcc/arm-none-eabi/10.2.1/../../../../arm-none-eabi/lib/thumb/v7e-m+dp/hard\libm.a
LOAD c:/users/toesc/documents/daisytoolchain/windows/bin/../lib/gcc/arm-none-eabi/10.2.1/../../../../arm-none-eabi/lib/thumb/v7e-m+dp/hard\libc_nano.a
START GROUP
LOAD c:/users/toesc/documents/daisytoolchain/windows/bin/../lib/gcc/arm-none-eabi/10.2.1/thumb/v7e-m+dp/hard\libgcc.a
LOAD c:/users/toesc/documents/daisytoolchain/windows/bin/../lib/gcc/arm-none-eabi/10.2.1/../../../../arm-none-eabi/lib/thumb/v7e-m+dp/hard\libc_nano.a
END GROUP
START GROUP
LOAD c:/users/toesc/documents/daisytoolchain/windows/bin/../lib/gcc/arm-none-eabi/10.2.1/thumb/v7e-m+dp/hard\libgcc.a
LOAD c:/users/toesc/documents/daisytoolchain/windows/bin/../lib/gcc/arm-none-eabi/10.2.1/../../../../arm-none-eabi/lib/thumb/v7e-m+dp/hard\libc_nano.a
LOAD c:/users/toesc/documents/daisytoolchain/windows/bin/../lib/gcc/arm-none-eabi/10.2.1/../../../../arm-none-eabi/lib/thumb/v7e-m+dp/hard\libnosys.a
END GROUP
START GROUP
LOAD c:/users/toesc/documents/daisytoolchain/windows/bin/../lib/gcc/arm-none-eabi/10.2.1/thumb/v7e-m+dp/hard\libgcc.a
LOAD c:/users/toesc/documents/daisytoolchain/windows/bin/../lib/gcc/arm-none-eabi/10.2.1/../../../../arm-none-eabi/lib/thumb/v7e-m+dp/hard\libc_nano.a
LOAD c:/users/toesc/documents/daisytoolchain/windows/bin/../lib/gcc/arm-none-eabi/10.2.1/../../../../arm-none-eabi/lib/thumb/v7e-m+dp/hard\libnosys.a
END GROUP
LOAD c:/users/toesc/documents/daisytoolchain/windows/bin/../lib/gcc/arm-none-eabi/10.2.1/thumb/v7e-m+dp/hard/crtend.o
LOAD c:/users/toesc/documents/daisytoolchain/windows/bin/../lib/gcc/arm-none-eabi/10.2.1/thumb/v7e-m+dp/hard/crtn.o
                0x20020000                _estack = 0x20020000

.isr_vector     0x08000000      0x298
                0x08000000                . = ALIGN (0x4)
 *(.isr_vector)
 .isr_vector    0x08000000      0x298 build/startup_stm32h750xx.o
                0x08000000                g_pfnVectors
                0x08000298                . = ALIGN (0x4)

.text           0x080002a0    0x184e8
                0x080002a0                . = ALIGN (0x4)
                0x080002a0                _stext = .
 *(.text)
 .text          0x080002a0       0x40 c:/users/toesc/documents/daisytoolchain/windows/bin/../lib/gcc/arm-none-eabi/10.2.1/thumb/v7e-m+dp/hard/crtbegin.o
 .text          0x080002e0       0xa0 c:/users/toesc/documents/daisytoolchain/windows/bin/../lib/gcc/arm-none-eabi/10.2.1/../../../../arm-none-eabi/lib/thumb/v7e-m+dp/hard\libc_nano.a(lib_a-memchr.o)
                0x080002e0                memchr
 .text          0x08000380       0x10 c:/users/toesc/documents/daisytoolchain/windows/bin/../lib/gcc/arm-none-eabi/10.2.1/../../../../arm-none-eabi/lib/thumb/v7e-m+dp/hard\libc_nano.a(lib_a-strlen.o)
                0x08000380                strlen
 .text          0x08000390      0x378 c:/users/toesc/documents/daisytoolchain/windows/bin/../lib/gcc/arm-none-eabi/10.2.1/thumb/v7e-m+dp/hard\libgcc.a(_arm_addsubdf3.o)
                0x08000390                __aeabi_drsub
                0x08000398                __aeabi_dsub
                0x08000398                __subdf3
                0x0800039c                __aeabi_dadd
                0x0800039c                __adddf3
                0x08000614                __floatunsidf
                0x08000614                __aeabi_ui2d
                0x08000634                __floatsidf
                0x08000634                __aeabi_i2d
                0x08000658                __aeabi_f2d
                0x08000658                __extendsfdf2
                0x0800069c                __floatundidf
                0x0800069c                __aeabi_ul2d
                0x080006ac                __floatdidf
                0x080006ac                __aeabi_l2d
 .text          0x08000708       0x30 c:/users/toesc/documents/daisytoolchain/windows/bin/../lib/gcc/arm-none-eabi/10.2.1/thumb/v7e-m+dp/hard\libgcc.a(_aeabi_uldivmod.o)
                0x08000708                __aeabi_uldivmod
 .text          0x08000738      0x2d0 c:/users/toesc/documents/daisytoolchain/windows/bin/../lib/gcc/arm-none-eabi/10.2.1/thumb/v7e-m+dp/hard\libgcc.a(_udivmoddi4.o)
                0x08000738                __udivmoddi4
 .text          0x08000a08        0x4 c:/users/toesc/documents/daisytoolchain/windows/bin/../lib/gcc/arm-none-eabi/10.2.1/thumb/v7e-m+dp/hard\libgcc.a(_dvmd_tls.o)
                0x08000a08                __aeabi_idiv0
                0x08000a08                __aeabi_ldiv0
 *(.text*)
 .text.Default_Handler
                0x08000a0c        0x4 build/startup_stm32h750xx.o
                0x08000a0c                RTC_Alarm_IRQHandler
                0x08000a0c                HASH_RNG_IRQHandler
                0x08000a0c                EXTI2_IRQHandler
                0x08000a0c                TIM8_CC_IRQHandler
                0x08000a0c                HRTIM1_Master_IRQHandler
                0x08000a0c                DebugMon_Handler
                0x08000a0c                TIM1_CC_IRQHandler
                0x08000a0c                BDMA_Channel6_IRQHandler
                0x08000a0c                DMA2_Stream5_IRQHandler
                0x08000a0c                HRTIM1_FLT_IRQHandler
                0x08000a0c                JPEG_IRQHandler
                0x08000a0c                BDMA_Channel1_IRQHandler
                0x08000a0c                HRTIM1_TIMD_IRQHandler
                0x08000a0c                TAMP_STAMP_IRQHandler
                0x08000a0c                PendSV_Handler
                0x08000a0c                NMI_Handler
                0x08000a0c                EXTI3_IRQHandler
                0x08000a0c                LPTIM4_IRQHandler
                0x08000a0c                TIM8_TRG_COM_TIM14_IRQHandler
                0x08000a0c                LPTIM2_IRQHandler
                0x08000a0c                DFSDM1_FLT1_IRQHandler
                0x08000a0c                DMAMUX2_OVR_IRQHandler
                0x08000a0c                TIM8_UP_TIM13_IRQHandler
                0x08000a0c                I2C3_ER_IRQHandler
                0x08000a0c                DFSDM1_FLT2_IRQHandler
                0x08000a0c                MDMA_IRQHandler
                0x08000a0c                LPTIM3_IRQHandler
                0x08000a0c                HSEM1_IRQHandler
                0x08000a0c                EXTI0_IRQHandler
                0x08000a0c                FPU_IRQHandler
                0x08000a0c                OTG_HS_WKUP_IRQHandler
                0x08000a0c                FDCAN1_IT1_IRQHandler
                0x08000a0c                UsageFault_Handler
                0x08000a0c                LTDC_ER_IRQHandler
                0x08000a0c                HRTIM1_TIME_IRQHandler
                0x08000a0c                TIM6_DAC_IRQHandler
                0x08000a0c                DCMI_IRQHandler
                0x08000a0c                HRTIM1_TIMC_IRQHandler
                0x08000a0c                SAI2_IRQHandler
                0x08000a0c                DFSDM1_FLT3_IRQHandler
                0x08000a0c                TIM17_IRQHandler
                0x08000a0c                CRYP_IRQHandler
                0x08000a0c                BDMA_Channel7_IRQHandler
                0x08000a0c                LPTIM5_IRQHandler
                0x08000a0c                ADC3_IRQHandler
                0x08000a0c                DMA2_Stream0_IRQHandler
                0x08000a0c                BDMA_Channel2_IRQHandler
                0x08000a0c                DMAMUX1_OVR_IRQHandler
                0x08000a0c                TIM16_IRQHandler
                0x08000a0c                BDMA_Channel5_IRQHandler
                0x08000a0c                RCC_IRQHandler
                0x08000a0c                TIM8_BRK_TIM12_IRQHandler
                0x08000a0c                TIM1_TRG_COM_IRQHandler
                0x08000a0c                Default_Handler
                0x08000a0c                ECC_IRQHandler
                0x08000a0c                CEC_IRQHandler
                0x08000a0c                EXTI15_10_IRQHandler
                0x08000a0c                BDMA_Channel0_IRQHandler
                0x08000a0c                ADC_IRQHandler
                0x08000a0c                DMA1_Stream7_IRQHandler
                0x08000a0c                HRTIM1_TIMA_IRQHandler
                0x08000a0c                TIM7_IRQHandler
                0x08000a0c                SDMMC1_IRQHandler
                0x08000a0c                DMA2_Stream7_IRQHandler
                0x08000a0c                TIM15_IRQHandler
                0x08000a0c                PVD_AVD_IRQHandler
                0x08000a0c                EXTI9_5_IRQHandler
                0x08000a0c                RTC_WKUP_IRQHandler
                0x08000a0c                LTDC_IRQHandler
                0x08000a0c                SAI3_IRQHandler
                0x08000a0c                ETH_WKUP_IRQHandler
                0x08000a0c                SPDIF_RX_IRQHandler
                0x08000a0c                MemManage_Handler
                0x08000a0c                SVC_Handler
                0x08000a0c                CRS_IRQHandler
                0x08000a0c                EXTI4_IRQHandler
                0x08000a0c                HRTIM1_TIMB_IRQHandler
                0x08000a0c                FDCAN2_IT1_IRQHandler
                0x08000a0c                ETH_IRQHandler
                0x08000a0c                TIM1_UP_IRQHandler
                0x08000a0c                BDMA_Channel4_IRQHandler
                0x08000a0c                WWDG_IRQHandler
                0x08000a0c                SPI6_IRQHandler
                0x08000a0c                I2C4_EV_IRQHandler
                0x08000a0c                MDIOS_IRQHandler
                0x08000a0c                FDCAN2_IT0_IRQHandler
                0x08000a0c                FDCAN1_IT0_IRQHandler
                0x08000a0c                OTG_FS_WKUP_IRQHandler
                0x08000a0c                DMA2D_IRQHandler
                0x08000a0c                TIM1_BRK_IRQHandler
                0x08000a0c                EXTI1_IRQHandler
                0x08000a0c                SDMMC2_IRQHandler
                0x08000a0c                BDMA_Channel3_IRQHandler
                0x08000a0c                MDIOS_WKUP_IRQHandler
                0x08000a0c                DFSDM1_FLT0_IRQHandler
                0x08000a0c                SAI4_IRQHandler
                0x08000a0c                I2C2_ER_IRQHandler
                0x08000a0c                DMA2_Stream1_IRQHandler
                0x08000a0c                FLASH_IRQHandler
                0x08000a0c                BusFault_Handler
                0x08000a0c                WAKEUP_PIN_IRQHandler
                0x08000a0c                I2C1_ER_IRQHandler
                0x08000a0c                FMC_IRQHandler
                0x08000a0c                FDCAN_CAL_IRQHandler
                0x08000a0c                SWPMI1_IRQHandler
                0x08000a0c                COMP1_IRQHandler
                0x08000a0c                LPTIM1_IRQHandler
                0x08000a0c                I2C4_ER_IRQHandler
                0x08000a0c                DMA2_Stream6_IRQHandler
                0x08000a0c                SAI1_IRQHandler
 .text.Reset_Handler
                0x08000a10       0x44 build/startup_stm32h750xx.o
                0x08000a10                Reset_Handler
 .text._ZN7daisysp4AdsrD2Ev
                0x08000a54        0x4 build/adsr.o
                0x08000a54                daisysp::Adsr::~Adsr()
                0x08000a54                daisysp::Adsr::~Adsr()
 .text._ZN7daisysp10OscillatorD2Ev
                0x08000a58        0x4 build/adsr.o
                0x08000a58                daisysp::Oscillator::~Oscillator()
                0x08000a58                daisysp::Oscillator::~Oscillator()
 .text._ZN7daisysp8ReverbScD2Ev
                0x08000a5c        0x4 build/adsr.o
                0x08000a5c                daisysp::ReverbSc::~ReverbSc()
                0x08000a5c                daisysp::ReverbSc::~ReverbSc()
 .text._ZN7daisysp10MoogLadderD2Ev
                0x08000a60        0x4 build/adsr.o
                0x08000a60                daisysp::MoogLadder::~MoogLadder()
                0x08000a60                daisysp::MoogLadder::~MoogLadder()
 .text._ZN7daisysp5BlOscD2Ev
                0x08000a64        0x4 build/adsr.o
                0x08000a64                daisysp::BlOsc::~BlOsc()
                0x08000a64                daisysp::BlOsc::~BlOsc()
 .text._ZN5daisy9DaisySeedD2Ev
                0x08000a68        0x4 build/adsr.o
                0x08000a68                daisy::DaisySeed::~DaisySeed()
                0x08000a68                daisy::DaisySeed::~DaisySeed()
 .text._ZN5daisy11OledDisplayINS_13SSD130xDriverILj128ELj32ENS_19SSD130xI2CTransportEEEE4FillEb
                0x08000a6c       0x10 build/adsr.o
                0x08000a6c                daisy::OledDisplay<daisy::SSD130xDriver<128u, 32u, daisy::SSD130xI2CTransport> >::Fill(bool)
 .text._ZN5daisy11OledDisplayINS_13SSD130xDriverILj128ELj32ENS_19SSD130xI2CTransportEEEED2Ev
                0x08000a7c        0x4 build/adsr.o
                0x08000a7c                daisy::OledDisplay<daisy::SSD130xDriver<128u, 32u, daisy::SSD130xI2CTransport> >::~OledDisplay()
                0x08000a7c                daisy::OledDisplay<daisy::SSD130xDriver<128u, 32u, daisy::SSD130xI2CTransport> >::~OledDisplay()
 .text._ZNK5daisy11OledDisplayINS_13SSD130xDriverILj128ELj32ENS_19SSD130xI2CTransportEEEE6HeightEv
                0x08000a80        0x4 build/adsr.o
                0x08000a80                daisy::OledDisplay<daisy::SSD130xDriver<128u, 32u, daisy::SSD130xI2CTransport> >::Height() const
 .text._ZNK5daisy11OledDisplayINS_13SSD130xDriverILj128ELj32ENS_19SSD130xI2CTransportEEEE5WidthEv
                0x08000a84        0x4 build/adsr.o
                0x08000a84                daisy::OledDisplay<daisy::SSD130xDriver<128u, 32u, daisy::SSD130xI2CTransport> >::Width() const
 .text._ZN5daisy11MidiHandlerINS_16MidiUsbTransportEED2Ev
                0x08000a88        0x4 build/adsr.o
                0x08000a88                daisy::MidiHandler<daisy::MidiUsbTransport>::~MidiHandler()
                0x08000a88                daisy::MidiHandler<daisy::MidiUsbTransport>::~MidiHandler()
 .text._ZL13AudioCallbackPKfPfj
                0x08000a8c      0x10c build/adsr.o
 .text._ZN5daisy11OledDisplayINS_13SSD130xDriverILj128ELj32ENS_19SSD130xI2CTransportEEEED0Ev
                0x08000b98       0x10 build/adsr.o
                0x08000b98                daisy::OledDisplay<daisy::SSD130xDriver<128u, 32u, daisy::SSD130xI2CTransport> >::~OledDisplay()
 .text.startup._ZNSt7__cxx1112basic_stringIcSt11char_traitsIcESaIcEEC2EPKcRKS3_.isra.0
                0x08000ba8       0x58 build/adsr.o
 .text._ZN5daisy11OledDisplayINS_13SSD130xDriverILj128ELj32ENS_19SSD130xI2CTransportEEEE6UpdateEv
                0x08000c00       0xac build/adsr.o
                0x08000c00                daisy::OledDisplay<daisy::SSD130xDriver<128u, 32u, daisy::SSD130xI2CTransport> >::Update()
 .text._ZN5daisy25OneBitGraphicsDisplayImplINS_11OledDisplayINS_13SSD130xDriverILj128ELj32ENS_19SSD130xI2CTransportEEEEEE9WriteCharEc7FontDefb
                0x08000cac      0x1a0 build/adsr.o
                0x08000cac                daisy::OneBitGraphicsDisplayImpl<daisy::OledDisplay<daisy::SSD130xDriver<128u, 32u, daisy::SSD130xI2CTransport> > >::WriteChar(char, FontDef, bool)
 .text._ZN5daisy11OledDisplayINS_13SSD130xDriverILj128ELj32ENS_19SSD130xI2CTransportEEEE9DrawPixelEjjb
                0x08000e4c       0x44 build/adsr.o
                0x08000e4c                daisy::OledDisplay<daisy::SSD130xDriver<128u, 32u, daisy::SSD130xI2CTransport> >::DrawPixel(unsigned int, unsigned int, bool)
 .text._ZN5daisy25OneBitGraphicsDisplayImplINS_11OledDisplayINS_13SSD130xDriverILj128ELj32ENS_19SSD130xI2CTransportEEEEEE11WriteStringEPKc7FontDefb
                0x08000e90      0x1c0 build/adsr.o
                0x08000e90                daisy::OneBitGraphicsDisplayImpl<daisy::OledDisplay<daisy::SSD130xDriver<128u, 32u, daisy::SSD130xI2CTransport> > >::WriteString(char const*, FontDef, bool)
 .text._ZN5daisy25OneBitGraphicsDisplayImplINS_11OledDisplayINS_13SSD130xDriverILj128ELj32ENS_19SSD130xI2CTransportEEEEEE8DrawLineEjjjjb
                0x08001050       0xfc build/adsr.o
                0x08001050                daisy::OneBitGraphicsDisplayImpl<daisy::OledDisplay<daisy::SSD130xDriver<128u, 32u, daisy::SSD130xI2CTransport> > >::DrawLine(unsigned int, unsigned int, unsigned int, unsigned int, bool)
 *fill*         0x0800114c        0x4 
 .text._ZN5daisy25OneBitGraphicsDisplayImplINS_11OledDisplayINS_13SSD130xDriverILj128ELj32ENS_19SSD130xI2CTransportEEEEEE7DrawArcEjjjiib
                0x08001150      0x478 build/adsr.o
                0x08001150                daisy::OneBitGraphicsDisplayImpl<daisy::OledDisplay<daisy::SSD130xDriver<128u, 32u, daisy::SSD130xI2CTransport> > >::DrawArc(unsigned int, unsigned int, unsigned int, int, int, bool)
 .text._ZN5daisy25OneBitGraphicsDisplayImplINS_11OledDisplayINS_13SSD130xDriverILj128ELj32ENS_19SSD130xI2CTransportEEEEEE18WriteStringAlignedEPKcRK7FontDefNS_9RectangleENS_9AlignmentEb
                0x080015c8      0x3f0 build/adsr.o
                0x080015c8                daisy::OneBitGraphicsDisplayImpl<daisy::OledDisplay<daisy::SSD130xDriver<128u, 32u, daisy::SSD130xI2CTransport> > >::WriteStringAligned(char const*, FontDef const&, daisy::Rectangle, daisy::Alignment, bool)
 .text._ZN5daisy25OneBitGraphicsDisplayImplINS_11OledDisplayINS_13SSD130xDriverILj128ELj32ENS_19SSD130xI2CTransportEEEEEE8DrawRectEjjjjbb
                0x080019b8      0x418 build/adsr.o
                0x080019b8                daisy::OneBitGraphicsDisplayImpl<daisy::OledDisplay<daisy::SSD130xDriver<128u, 32u, daisy::SSD130xI2CTransport> > >::DrawRect(unsigned int, unsigned int, unsigned int, unsigned int, bool, bool)
 .text._Z12screenupdatev
                0x08001dd0      0x2ec build/adsr.o
                0x08001dd0                screenupdate()
 .text._Z17primaryoscillatori
                0x080020bc       0x90 build/adsr.o
                0x080020bc                primaryoscillator(int)
 .text._Z19secondaryoscillatori
                0x0800214c       0x94 build/adsr.o
                0x0800214c                secondaryoscillator(int)
 .text._ZN5daisy13SSD130xDriverILj128ELj32ENS_19SSD130xI2CTransportEE4InitENS2_6ConfigE
                0x080021e0      0x250 build/adsr.o
                0x080021e0                daisy::SSD130xDriver<128u, 32u, daisy::SSD130xI2CTransport>::Init(daisy::SSD130xDriver<128u, 32u, daisy::SSD130xI2CTransport>::Config)
 .text._ZN5daisy11MidiHandlerINS_16MidiUsbTransportEE5ParseEh
                0x08002430      0x2c0 build/adsr.o
                0x08002430                daisy::MidiHandler<daisy::MidiUsbTransport>::Parse(unsigned char)
 .text.startup.main
                0x080026f0      0x568 build/adsr.o
                0x080026f0                main
 .text.startup._GLOBAL__sub_I_mygate
                0x08002c58      0x13c build/adsr.o
 .text._ZN5daisy9DaisySeed9ConfigureEv
                0x08002d94        0x4 ../../../libDaisy/build\libdaisy.a(daisy_seed.o)
                0x08002d94                daisy::DaisySeed::Configure()
 .text._ZN5daisy9DaisySeed10StartAudioEPFvPKfPfjE
                0x08002d98        0x8 ../../../libDaisy/build\libdaisy.a(daisy_seed.o)
                0x08002d98                daisy::DaisySeed::StartAudio(void (*)(float const*, float*, unsigned int))
 .text._ZN5daisy9DaisySeed15AudioSampleRateEv
                0x08002da0        0x8 ../../../libDaisy/build\libdaisy.a(daisy_seed.o)
                0x08002da0                daisy::DaisySeed::AudioSampleRate()
 .text._ZN5daisy9DaisySeed17SetAudioBlockSizeEj
                0x08002da8       0x38 ../../../libDaisy/build\libdaisy.a(daisy_seed.o)
                0x08002da8                daisy::DaisySeed::SetAudioBlockSize(unsigned int)
 .text._ZN5daisy9DaisySeed14ConfigureAudioEv
                0x08002de0       0xd0 ../../../libDaisy/build\libdaisy.a(daisy_seed.o)
                0x08002de0                daisy::DaisySeed::ConfigureAudio()
 .text._ZN5daisy9DaisySeed4InitEb
                0x08002eb0       0xf0 ../../../libDaisy/build\libdaisy.a(daisy_seed.o)
                0x08002eb0                daisy::DaisySeed::Init(bool)
 .text._ZN5daisy6Ak45564InitE12dsy_gpio_pin
                0x08002fa0       0x44 ../../../libDaisy/build\libdaisy.a(codec_ak4556.o)
                0x08002fa0                daisy::Ak4556::Init(dsy_gpio_pin)
 .text._ZN5daisy6Wm873120WriteControlRegisterEht
                0x08002fe4       0x3c ../../../libDaisy/build\libdaisy.a(codec_wm8731.o)
                0x08002fe4                daisy::Wm8731::WriteControlRegister(unsigned char, unsigned short)
 .text._ZN5daisy6Wm87314InitERKNS0_6ConfigENS_9I2CHandleE
                0x08003020      0x1bc ../../../libDaisy/build\libdaisy.a(codec_wm8731.o)
                0x08003020                daisy::Wm8731::Init(daisy::Wm8731::Config const&, daisy::I2CHandle)
 .text._ZN11SdramHandle10DeviceInitEv
                0x080031dc       0x98 ../../../libDaisy/build\libdaisy.a(sdram.o)
                0x080031dc                SdramHandle::DeviceInit()
 .text._ZN11SdramHandle4InitEv
                0x08003274       0x7c ../../../libDaisy/build\libdaisy.a(sdram.o)
                0x08003274                SdramHandle::Init()
 .text.HAL_SDRAM_MspInit
                0x080032f0      0x1a8 ../../../libDaisy/build\libdaisy.a(sdram.o)
                0x080032f0                HAL_SDRAM_MspInit
 .text._ZN5daisy11AudioHandle4Impl16InternalCallbackEPlS2_j
                0x08003498      0xbbc ../../../libDaisy/build\libdaisy.a(audio.o)
                0x08003498                daisy::AudioHandle::Impl::InternalCallback(long*, long*, unsigned int)
 .text._ZN5daisy11AudioHandle4InitERKNS0_6ConfigENS_9SaiHandleE
                0x08004054       0x70 ../../../libDaisy/build\libdaisy.a(audio.o)
                0x08004054                daisy::AudioHandle::Init(daisy::AudioHandle::Config const&, daisy::SaiHandle)
 .text._ZNK5daisy11AudioHandle9GetConfigEv
                0x080040c4        0x8 ../../../libDaisy/build\libdaisy.a(audio.o)
                0x080040c4                daisy::AudioHandle::GetConfig() const
 .text._ZN5daisy11AudioHandle12SetBlockSizeEj
                0x080040cc       0x1c ../../../libDaisy/build\libdaisy.a(audio.o)
                0x080040cc                daisy::AudioHandle::SetBlockSize(unsigned int)
 .text._ZN5daisy11AudioHandle13GetSampleRateEv
                0x080040e8        0x8 ../../../libDaisy/build\libdaisy.a(audio.o)
                0x080040e8                daisy::AudioHandle::GetSampleRate()
 .text._ZN5daisy11AudioHandle5StartEPFvPKfPfjE
                0x080040f0       0x2c ../../../libDaisy/build\libdaisy.a(audio.o)
                0x080040f0                daisy::AudioHandle::Start(void (*)(float const*, float*, unsigned int))
 .text.startup._GLOBAL__sub_I__ZN5daisy11AudioHandle4Impl4InitENS0_6ConfigENS_9SaiHandleE
                0x0800411c       0x24 ../../../libDaisy/build\libdaisy.a(audio.o)
 .text._ZN5daisy16MidiUsbTransport4ImplD2Ev
                0x08004140        0x4 ../../../libDaisy/build\libdaisy.a(usb_midi.o)
                0x08004140                daisy::MidiUsbTransport::Impl::~Impl()
                0x08004140                daisy::MidiUsbTransport::Impl::~Impl()
 .text._Z15ReceiveCallbackPhPm
                0x08004144       0x9c ../../../libDaisy/build\libdaisy.a(usb_midi.o)
                0x08004144                ReceiveCallback(unsigned char*, unsigned long*)
 .text._ZN5daisy16MidiUsbTransport4InitENS0_6ConfigE
                0x080041e0       0x50 ../../../libDaisy/build\libdaisy.a(usb_midi.o)
                0x080041e0                daisy::MidiUsbTransport::Init(daisy::MidiUsbTransport::Config)
 .text._ZN5daisy16MidiUsbTransport7StartRxEv
                0x08004230        0x8 ../../../libDaisy/build\libdaisy.a(usb_midi.o)
                0x08004230                daisy::MidiUsbTransport::StartRx()
 .text._ZN5daisy16MidiUsbTransport8ReadableEv
                0x08004238       0x14 ../../../libDaisy/build\libdaisy.a(usb_midi.o)
                0x08004238                daisy::MidiUsbTransport::Readable()
 .text._ZN5daisy16MidiUsbTransport2RxEv
                0x0800424c       0x28 ../../../libDaisy/build\libdaisy.a(usb_midi.o)
                0x0800424c                daisy::MidiUsbTransport::Rx()
 .text._ZN5daisy16MidiUsbTransport8RxActiveEv
                0x08004274        0x8 ../../../libDaisy/build\libdaisy.a(usb_midi.o)
                0x08004274                daisy::MidiUsbTransport::RxActive()
 .text._ZN5daisy16MidiUsbTransport7FlushRxEv
                0x0800427c        0xc ../../../libDaisy/build\libdaisy.a(usb_midi.o)
                0x0800427c                daisy::MidiUsbTransport::FlushRx()
 .text.startup._GLOBAL__sub_I__Z15ReceiveCallbackPhPm
                0x08004288       0x58 ../../../libDaisy/build\libdaisy.a(usb_midi.o)
 .text._ZN5daisy16AdcChannelConfig10InitSingleE12dsy_gpio_pin
                0x080042e0       0x1c ../../../libDaisy/build\libdaisy.a(adc.o)
                0x080042e0                daisy::AdcChannelConfig::InitSingle(dsy_gpio_pin)
 .text._ZN5daisy9AdcHandle4InitEPNS_16AdcChannelConfigEjNS0_12OverSamplingE
                0x080042fc      0x3c8 ../../../libDaisy/build\libdaisy.a(adc.o)
                0x080042fc                daisy::AdcHandle::Init(daisy::AdcChannelConfig*, unsigned int, daisy::AdcHandle::OverSampling)
 .text._ZN5daisy9AdcHandle5StartEv
                0x080046c4       0x2c ../../../libDaisy/build\libdaisy.a(adc.o)
                0x080046c4                daisy::AdcHandle::Start()
 .text._ZNK5daisy9AdcHandle8GetFloatEh
                0x080046f0       0x20 ../../../libDaisy/build\libdaisy.a(adc.o)
                0x080046f0                daisy::AdcHandle::GetFloat(unsigned char) const
 .text.HAL_ADC_MspInit
                0x08004710       0x98 ../../../libDaisy/build\libdaisy.a(adc.o)
                0x08004710                HAL_ADC_MspInit
 .text.DMA1_Stream2_IRQHandler
                0x080047a8        0xc ../../../libDaisy/build\libdaisy.a(adc.o)
                0x080047a8                DMA1_Stream2_IRQHandler
 .text.HAL_ADC_ConvCpltCallback
                0x080047b4      0x148 ../../../libDaisy/build\libdaisy.a(adc.o)
                0x080047b4                HAL_ADC_ConvCpltCallback
 .text.HAL_ADC_ErrorCallback
                0x080048fc        0x4 ../../../libDaisy/build\libdaisy.a(adc.o)
                0x080048fc                HAL_ADC_ErrorCallback
 .text.dsy_gpio_init
                0x08004900      0x1b8 ../../../libDaisy/build\libdaisy.a(gpio.o)
                0x08004900                dsy_gpio_init
 .text.dsy_gpio_read
                0x08004ab8       0x1c ../../../libDaisy/build\libdaisy.a(gpio.o)
                0x08004ab8                dsy_gpio_read
 .text.dsy_gpio_write
                0x08004ad4       0x24 ../../../libDaisy/build\libdaisy.a(gpio.o)
                0x08004ad4                dsy_gpio_write
 .text._ZN5daisy9I2CHandle4Impl8InitPinsEv
                0x08004af8       0x58 ../../../libDaisy/build\libdaisy.a(i2c.o)
                0x08004af8                daisy::I2CHandle::Impl::InitPins()
 .text.HAL_I2C_MspInit
                0x08004b50      0x1b4 ../../../libDaisy/build\libdaisy.a(i2c.o)
                0x08004b50                HAL_I2C_MspInit
 .text.dsy_i2c_global_init
                0x08004d04       0x78 ../../../libDaisy/build\libdaisy.a(i2c.o)
                0x08004d04                dsy_i2c_global_init
 .text.DMA1_Stream6_IRQHandler
                0x08004d7c       0x34 ../../../libDaisy/build\libdaisy.a(i2c.o)
                0x08004d7c                DMA1_Stream6_IRQHandler
 .text.I2C1_EV_IRQHandler
                0x08004db0        0xc ../../../libDaisy/build\libdaisy.a(i2c.o)
                0x08004db0                I2C1_EV_IRQHandler
 .text.I2C2_EV_IRQHandler
                0x08004dbc        0xc ../../../libDaisy/build\libdaisy.a(i2c.o)
                0x08004dbc                I2C2_EV_IRQHandler
 .text.I2C3_EV_IRQHandler
                0x08004dc8        0xc ../../../libDaisy/build\libdaisy.a(i2c.o)
                0x08004dc8                I2C3_EV_IRQHandler
 .text._ZN5daisy9I2CHandle4InitERKNS0_6ConfigE
                0x08004dd4      0x12c ../../../libDaisy/build\libdaisy.a(i2c.o)
                0x08004dd4                daisy::I2CHandle::Init(daisy::I2CHandle::Config const&)
 .text._ZN5daisy9I2CHandle16TransmitBlockingEtPhtm
                0x08004f00       0x50 ../../../libDaisy/build\libdaisy.a(i2c.o)
                0x08004f00                daisy::I2CHandle::TransmitBlocking(unsigned short, unsigned char*, unsigned short, unsigned long)
 .text.startup._GLOBAL__sub_I__ZN5daisy9I2CHandle4Impl10GlobalInitEv
                0x08004f50       0x18 ../../../libDaisy/build\libdaisy.a(i2c.o)
 .text._ZN5daisy10QSPIHandle4Impl11WriteEnableEv
                0x08004f68       0x8c ../../../libDaisy/build\libdaisy.a(qspi.o)
                0x08004f68                daisy::QSPIHandle::Impl::WriteEnable()
 *fill*         0x08004ff4        0x4 
 .text._ZN5daisy10QSPIHandle4Impl17DummyCyclesConfigENS0_6Config6DeviceE
                0x08004ff8      0x118 ../../../libDaisy/build\libdaisy.a(qspi.o)
                0x08004ff8                daisy::QSPIHandle::Impl::DummyCyclesConfig(daisy::QSPIHandle::Config::Device)
 .text._ZN5daisy10QSPIHandle4Impl10QuadEnableEv
                0x08005110      0x158 ../../../libDaisy/build\libdaisy.a(qspi.o)
                0x08005110                daisy::QSPIHandle::Impl::QuadEnable()
 .text._ZN5daisy10QSPIHandle4InitERKNS0_6ConfigE
                0x08005268      0x198 ../../../libDaisy/build\libdaisy.a(qspi.o)
                0x08005268                daisy::QSPIHandle::Init(daisy::QSPIHandle::Config const&)
 .text.HAL_QSPI_MspInit
                0x08005400      0x11c ../../../libDaisy/build\libdaisy.a(qspi.o)
                0x08005400                HAL_QSPI_MspInit
 .text.HAL_QSPI_MspDeInit
                0x0800551c       0x54 ../../../libDaisy/build\libdaisy.a(qspi.o)
                0x0800551c                HAL_QSPI_MspDeInit
 .text.QUADSPI_IRQHandler
                0x08005570        0xc ../../../libDaisy/build\libdaisy.a(qspi.o)
                0x08005570                QUADSPI_IRQHandler
 .text.startup._GLOBAL__sub_I__ZN5daisy10QSPIHandle4Impl4InitERKNS0_6ConfigE
                0x0800557c       0x28 ../../../libDaisy/build\libdaisy.a(qspi.o)
 .text._ZN5daisy9SaiHandle4Impl7InitDmaENS1_15PeripheralBlockE
                0x080055a4       0xa0 ../../../libDaisy/build\libdaisy.a(sai.o)
                0x080055a4                daisy::SaiHandle::Impl::InitDma(daisy::SaiHandle::Impl::PeripheralBlock)
 .text._ZN5daisy9SaiHandle4Impl8InitPinsEv
                0x08005644       0xa8 ../../../libDaisy/build\libdaisy.a(sai.o)
                0x08005644                daisy::SaiHandle::Impl::InitPins()
 .text.HAL_SAI_MspInit
                0x080056ec      0x164 ../../../libDaisy/build\libdaisy.a(sai.o)
                0x080056ec                HAL_SAI_MspInit
 .text.DMA1_Stream0_IRQHandler
                0x08005850        0xc ../../../libDaisy/build\libdaisy.a(sai.o)
                0x08005850                DMA1_Stream0_IRQHandler
 .text.DMA1_Stream1_IRQHandler
                0x0800585c        0xc ../../../libDaisy/build\libdaisy.a(sai.o)
                0x0800585c                DMA1_Stream1_IRQHandler
 .text.DMA1_Stream3_IRQHandler
                0x08005868        0xc ../../../libDaisy/build\libdaisy.a(sai.o)
                0x08005868                DMA1_Stream3_IRQHandler
 .text.DMA1_Stream4_IRQHandler
                0x08005874        0xc ../../../libDaisy/build\libdaisy.a(sai.o)
                0x08005874                DMA1_Stream4_IRQHandler
 .text.HAL_SAI_RxHalfCpltCallback
                0x08005880       0x78 ../../../libDaisy/build\libdaisy.a(sai.o)
                0x08005880                HAL_SAI_RxHalfCpltCallback
 .text.HAL_SAI_RxCpltCallback
                0x080058f8       0x70 ../../../libDaisy/build\libdaisy.a(sai.o)
                0x080058f8                HAL_SAI_RxCpltCallback
 .text._ZN5daisy9SaiHandle4InitERKNS0_6ConfigE
                0x08005968      0x1f0 ../../../libDaisy/build\libdaisy.a(sai.o)
                0x08005968                daisy::SaiHandle::Init(daisy::SaiHandle::Config const&)
 .text._ZNK5daisy9SaiHandle9GetConfigEv
                0x08005b58        0x4 ../../../libDaisy/build\libdaisy.a(sai.o)
                0x08005b58                daisy::SaiHandle::GetConfig() const
 .text._ZN5daisy9SaiHandle8StartDmaEPlS1_jPFvS1_S1_jE
                0x08005b5c       0xbc ../../../libDaisy/build\libdaisy.a(sai.o)
                0x08005b5c                daisy::SaiHandle::StartDma(long*, long*, unsigned int, void (*)(long*, long*, unsigned int))
 .text._ZN5daisy9SaiHandle13GetSampleRateEv
                0x08005c18       0x24 ../../../libDaisy/build\libdaisy.a(sai.o)
                0x08005c18                daisy::SaiHandle::GetSampleRate()
 .text._ZNK5daisy9SaiHandle9GetOffsetEv
                0x08005c3c        0x8 ../../../libDaisy/build\libdaisy.a(sai.o)
                0x08005c3c                daisy::SaiHandle::GetOffset() const
 .text._ZN5daisy11TimerHandleD2Ev
                0x08005c44        0x4 ../../../libDaisy/build\libdaisy.a(system.o)
                0x08005c44                daisy::TimerHandle::~TimerHandle()
                0x08005c44                daisy::TimerHandle::~TimerHandle()
 .text.SysTick_Handler
                0x08005c48       0x10 ../../../libDaisy/build\libdaisy.a(system.o)
                0x08005c48                SysTick_Handler
 .text.OTG_HS_EP1_OUT_IRQHandler
                0x08005c58       0x24 ../../../libDaisy/build\libdaisy.a(system.o)
                0x08005c58                OTG_HS_EP1_OUT_IRQHandler
 .text.OTG_HS_EP1_IN_IRQHandler
                0x08005c7c       0x24 ../../../libDaisy/build\libdaisy.a(system.o)
                0x08005c7c                OTG_HS_EP1_IN_IRQHandler
 .text.OTG_HS_IRQHandler
                0x08005ca0       0x24 ../../../libDaisy/build\libdaisy.a(system.o)
                0x08005ca0                OTG_HS_IRQHandler
 .text.HardFault_Handler
                0x08005cc4       0xe0 ../../../libDaisy/build\libdaisy.a(system.o)
                0x08005cc4                HardFault_Handler
 .text._ZN5daisy6System6GetNowEv
                0x08005da4        0x4 ../../../libDaisy/build\libdaisy.a(system.o)
                0x08005da4                daisy::System::GetNow()
 .text._ZN5daisy6System5DelayEm
                0x08005da8        0x4 ../../../libDaisy/build\libdaisy.a(system.o)
                0x08005da8                daisy::System::Delay(unsigned long)
 .text._ZN5daisy6System15ConfigureClocksEv
                0x08005dac      0x194 ../../../libDaisy/build\libdaisy.a(system.o)
                0x08005dac                daisy::System::ConfigureClocks()
 .text._ZN5daisy6System4InitERKNS0_6ConfigE
                0x08005f40      0x140 ../../../libDaisy/build\libdaisy.a(system.o)
                0x08005f40                daisy::System::Init(daisy::System::Config const&)
 .text._ZN5daisy6System12GetPClk1FreqEv
                0x08006080        0x4 ../../../libDaisy/build\libdaisy.a(system.o)
                0x08006080                daisy::System::GetPClk1Freq()
 .text._ZN5daisy6System22GetProgramMemoryRegionEv
                0x08006084       0x78 ../../../libDaisy/build\libdaisy.a(system.o)
                0x08006084                daisy::System::GetProgramMemoryRegion()
 .text.startup._GLOBAL__sub_I_SysTick_Handler
                0x080060fc       0x1c ../../../libDaisy/build\libdaisy.a(system.o)
 .text.SystemInit
                0x08006118       0x9c ../../../libDaisy/build\libdaisy.a(system_stm32h7xx.o)
                0x08006118                SystemInit
 .text.HAL_PCD_MspInit
                0x080061b4      0x144 ../../../libDaisy/build\libdaisy.a(usbd_conf.o)
                0x080061b4                HAL_PCD_MspInit
 .text.HAL_PCD_SetupStageCallback
                0x080062f8        0xc ../../../libDaisy/build\libdaisy.a(usbd_conf.o)
                0x080062f8                HAL_PCD_SetupStageCallback
 .text.HAL_PCD_DataOutStageCallback
                0x08006304       0x14 ../../../libDaisy/build\libdaisy.a(usbd_conf.o)
                0x08006304                HAL_PCD_DataOutStageCallback
 .text.HAL_PCD_DataInStageCallback
                0x08006318       0x14 ../../../libDaisy/build\libdaisy.a(usbd_conf.o)
                0x08006318                HAL_PCD_DataInStageCallback
 .text.HAL_PCD_SOFCallback
                0x0800632c        0x8 ../../../libDaisy/build\libdaisy.a(usbd_conf.o)
                0x0800632c                HAL_PCD_SOFCallback
 .text.HAL_PCD_ResetCallback
                0x08006334       0x24 ../../../libDaisy/build\libdaisy.a(usbd_conf.o)
                0x08006334                HAL_PCD_ResetCallback
 .text.HAL_PCD_SuspendCallback
                0x08006358       0x30 ../../../libDaisy/build\libdaisy.a(usbd_conf.o)
                0x08006358                HAL_PCD_SuspendCallback
 .text.HAL_PCD_ResumeCallback
                0x08006388        0x8 ../../../libDaisy/build\libdaisy.a(usbd_conf.o)
                0x08006388                HAL_PCD_ResumeCallback
 .text.HAL_PCD_ISOOUTIncompleteCallback
                0x08006390        0x8 ../../../libDaisy/build\libdaisy.a(usbd_conf.o)
                0x08006390                HAL_PCD_ISOOUTIncompleteCallback
 .text.HAL_PCD_ISOINIncompleteCallback
                0x08006398        0x8 ../../../libDaisy/build\libdaisy.a(usbd_conf.o)
                0x08006398                HAL_PCD_ISOINIncompleteCallback
 .text.HAL_PCD_ConnectCallback
                0x080063a0        0x8 ../../../libDaisy/build\libdaisy.a(usbd_conf.o)
                0x080063a0                HAL_PCD_ConnectCallback
 .text.HAL_PCD_DisconnectCallback
                0x080063a8        0x8 ../../../libDaisy/build\libdaisy.a(usbd_conf.o)
                0x080063a8                HAL_PCD_DisconnectCallback
 .text.USBD_LL_Init
                0x080063b0       0xe4 ../../../libDaisy/build\libdaisy.a(usbd_conf.o)
                0x080063b0                USBD_LL_Init
 .text.USBD_LL_Start
                0x08006494       0x1c ../../../libDaisy/build\libdaisy.a(usbd_conf.o)
                0x08006494                USBD_LL_Start
 .text.USBD_LL_OpenEP
                0x080064b0       0x24 ../../../libDaisy/build\libdaisy.a(usbd_conf.o)
                0x080064b0                USBD_LL_OpenEP
 .text.USBD_LL_CloseEP
                0x080064d4       0x1c ../../../libDaisy/build\libdaisy.a(usbd_conf.o)
                0x080064d4                USBD_LL_CloseEP
 .text.USBD_LL_StallEP
                0x080064f0       0x1c ../../../libDaisy/build\libdaisy.a(usbd_conf.o)
                0x080064f0                USBD_LL_StallEP
 .text.USBD_LL_ClearStallEP
                0x0800650c       0x1c ../../../libDaisy/build\libdaisy.a(usbd_conf.o)
                0x0800650c                USBD_LL_ClearStallEP
 .text.USBD_LL_IsStallEP
                0x08006528       0x28 ../../../libDaisy/build\libdaisy.a(usbd_conf.o)
                0x08006528                USBD_LL_IsStallEP
 .text.USBD_LL_SetUSBAddress
                0x08006550       0x1c ../../../libDaisy/build\libdaisy.a(usbd_conf.o)
                0x08006550                USBD_LL_SetUSBAddress
 .text.USBD_LL_Transmit
                0x0800656c       0x1c ../../../libDaisy/build\libdaisy.a(usbd_conf.o)
                0x0800656c                USBD_LL_Transmit
 .text.USBD_LL_PrepareReceive
                0x08006588       0x1c ../../../libDaisy/build\libdaisy.a(usbd_conf.o)
                0x08006588                USBD_LL_PrepareReceive
 .text.USBD_LL_GetRxDataSize
                0x080065a4        0x8 ../../../libDaisy/build\libdaisy.a(usbd_conf.o)
                0x080065a4                USBD_LL_GetRxDataSize
 .text.HAL_HCD_SOF_Callback
                0x080065ac        0x8 ../../../libDaisy/build\libdaisy.a(usbh_conf.o)
                0x080065ac                HAL_HCD_SOF_Callback
 .text.HAL_HCD_Connect_Callback
                0x080065b4        0x8 ../../../libDaisy/build\libdaisy.a(usbh_conf.o)
                0x080065b4                HAL_HCD_Connect_Callback
 .text.HAL_HCD_Disconnect_Callback
                0x080065bc        0x8 ../../../libDaisy/build\libdaisy.a(usbh_conf.o)
                0x080065bc                HAL_HCD_Disconnect_Callback
 .text.HAL_HCD_HC_NotifyURBChange_Callback
                0x080065c4        0x4 ../../../libDaisy/build\libdaisy.a(usbh_conf.o)
                0x080065c4                HAL_HCD_HC_NotifyURBChange_Callback
 .text.HAL_HCD_PortEnabled_Callback
                0x080065c8        0x8 ../../../libDaisy/build\libdaisy.a(usbh_conf.o)
                0x080065c8                HAL_HCD_PortEnabled_Callback
 .text.HAL_HCD_PortDisabled_Callback
                0x080065d0        0x8 ../../../libDaisy/build\libdaisy.a(usbh_conf.o)
                0x080065d0                HAL_HCD_PortDisabled_Callback
 .text.USBH_LL_Stop
                0x080065d8       0x1c ../../../libDaisy/build\libdaisy.a(usbh_conf.o)
                0x080065d8                USBH_LL_Stop
 .text.dsy_hal_map_get_port
                0x080065f4       0x10 ../../../libDaisy/build\libdaisy.a(hal_map.o)
                0x080065f4                dsy_hal_map_get_port
 .text.dsy_hal_map_get_pin
                0x08006604       0x10 ../../../libDaisy/build\libdaisy.a(hal_map.o)
                0x08006604                dsy_hal_map_get_pin
 .text.dsy_hal_map_gpio_clk_enable
                0x08006614      0x150 ../../../libDaisy/build\libdaisy.a(hal_map.o)
                0x08006614                dsy_hal_map_gpio_clk_enable
 .text.HAL_MspInit
                0x08006764        0x4 ../../../libDaisy/build\libdaisy.a(stm32h7xx_hal.o)
                0x08006764                HAL_MspInit
 .text.HAL_InitTick
                0x08006768       0x4c ../../../libDaisy/build\libdaisy.a(stm32h7xx_hal.o)
                0x08006768                HAL_InitTick
 .text.HAL_Init
                0x080067b4       0x60 ../../../libDaisy/build\libdaisy.a(stm32h7xx_hal.o)
                0x080067b4                HAL_Init
 .text.HAL_IncTick
                0x08006814       0x18 ../../../libDaisy/build\libdaisy.a(stm32h7xx_hal.o)
                0x08006814                HAL_IncTick
 .text.HAL_GetTick
                0x0800682c        0xc ../../../libDaisy/build\libdaisy.a(stm32h7xx_hal.o)
                0x0800682c                HAL_GetTick
 .text.HAL_Delay
                0x08006838       0x24 ../../../libDaisy/build\libdaisy.a(stm32h7xx_hal.o)
                0x08006838                HAL_Delay
 .text.HAL_GetREVID
                0x0800685c        0xc ../../../libDaisy/build\libdaisy.a(stm32h7xx_hal.o)
                0x0800685c                HAL_GetREVID
 .text.HAL_ADC_ConvHalfCpltCallback
                0x08006868        0x4 ../../../libDaisy/build\libdaisy.a(stm32h7xx_hal_adc.o)
                0x08006868                HAL_ADC_ConvHalfCpltCallback
 .text.ADC_DMAHalfConvCplt
                0x0800686c        0xc ../../../libDaisy/build\libdaisy.a(stm32h7xx_hal_adc.o)
                0x0800686c                ADC_DMAHalfConvCplt
 .text.ADC_DMAConvCplt
                0x08006878       0x6c ../../../libDaisy/build\libdaisy.a(stm32h7xx_hal_adc.o)
                0x08006878                ADC_DMAConvCplt
 .text.ADC_DMAError
                0x080068e4       0x1c ../../../libDaisy/build\libdaisy.a(stm32h7xx_hal_adc.o)
                0x080068e4                ADC_DMAError
 .text.HAL_ADC_ConfigChannel
                0x08006900      0x3fc ../../../libDaisy/build\libdaisy.a(stm32h7xx_hal_adc.o)
                0x08006900                HAL_ADC_ConfigChannel
 .text.ADC_Enable
                0x08006cfc       0xac ../../../libDaisy/build\libdaisy.a(stm32h7xx_hal_adc.o)
                0x08006cfc                ADC_Enable
 .text.HAL_ADC_Start_DMA
                0x08006da8      0x114 ../../../libDaisy/build\libdaisy.a(stm32h7xx_hal_adc.o)
                0x08006da8                HAL_ADC_Start_DMA
 .text.ADC_Disable
                0x08006ebc       0x68 ../../../libDaisy/build\libdaisy.a(stm32h7xx_hal_adc.o)
                0x08006ebc                ADC_Disable
 .text.ADC_ConfigureBoostMode
                0x08006f24      0x184 ../../../libDaisy/build\libdaisy.a(stm32h7xx_hal_adc.o)
                0x08006f24                ADC_ConfigureBoostMode
 .text.HAL_ADC_Init
                0x080070a8      0x218 ../../../libDaisy/build\libdaisy.a(stm32h7xx_hal_adc.o)
                0x080070a8                HAL_ADC_Init
 .text.HAL_ADCEx_Calibration_Start
                0x080072c0       0xa4 ../../../libDaisy/build\libdaisy.a(stm32h7xx_hal_adc_ex.o)
                0x080072c0                HAL_ADCEx_Calibration_Start
 .text.HAL_ADCEx_MultiModeConfigChannel
                0x08007364       0xc4 ../../../libDaisy/build\libdaisy.a(stm32h7xx_hal_adc_ex.o)
                0x08007364                HAL_ADCEx_MultiModeConfigChannel
 .text.HAL_NVIC_SetPriorityGrouping
                0x08007428       0x24 ../../../libDaisy/build\libdaisy.a(stm32h7xx_hal_cortex.o)
                0x08007428                HAL_NVIC_SetPriorityGrouping
 .text.HAL_NVIC_SetPriority
                0x0800744c       0x7c ../../../libDaisy/build\libdaisy.a(stm32h7xx_hal_cortex.o)
                0x0800744c                HAL_NVIC_SetPriority
 .text.HAL_NVIC_EnableIRQ
                0x080074c8       0x1c ../../../libDaisy/build\libdaisy.a(stm32h7xx_hal_cortex.o)
                0x080074c8                HAL_NVIC_EnableIRQ
 .text.HAL_NVIC_DisableIRQ
                0x080074e4       0x28 ../../../libDaisy/build\libdaisy.a(stm32h7xx_hal_cortex.o)
                0x080074e4                HAL_NVIC_DisableIRQ
 .text.HAL_SYSTICK_Config
                0x0800750c       0x2c ../../../libDaisy/build\libdaisy.a(stm32h7xx_hal_cortex.o)
                0x0800750c                HAL_SYSTICK_Config
 .text.HAL_MPU_Disable
                0x08007538       0x1c ../../../libDaisy/build\libdaisy.a(stm32h7xx_hal_cortex.o)
                0x08007538                HAL_MPU_Disable
 .text.HAL_MPU_Enable
                0x08007554       0x20 ../../../libDaisy/build\libdaisy.a(stm32h7xx_hal_cortex.o)
                0x08007554                HAL_MPU_Enable
 .text.HAL_MPU_ConfigRegion
                0x08007574       0x64 ../../../libDaisy/build\libdaisy.a(stm32h7xx_hal_cortex.o)
                0x08007574                HAL_MPU_ConfigRegion
 .text.HAL_SYSTICK_Callback
                0x080075d8        0x4 ../../../libDaisy/build\libdaisy.a(stm32h7xx_hal_cortex.o)
                0x080075d8                HAL_SYSTICK_Callback
 .text.HAL_SYSTICK_IRQHandler
                0x080075dc        0x8 ../../../libDaisy/build\libdaisy.a(stm32h7xx_hal_cortex.o)
                0x080075dc                HAL_SYSTICK_IRQHandler
 .text.DMA_CalcBaseAndBitshift
                0x080075e4       0xf4 ../../../libDaisy/build\libdaisy.a(stm32h7xx_hal_dma.o)
 .text.DMA_CalcDMAMUXChannelBaseAndMask
                0x080076d8       0xd8 ../../../libDaisy/build\libdaisy.a(stm32h7xx_hal_dma.o)
 .text.HAL_DMA_Init
                0x080077b0      0x37c ../../../libDaisy/build\libdaisy.a(stm32h7xx_hal_dma.o)
                0x080077b0                HAL_DMA_Init
 .text.HAL_DMA_Start_IT
                0x08007b2c      0x240 ../../../libDaisy/build\libdaisy.a(stm32h7xx_hal_dma.o)
                0x08007b2c                HAL_DMA_Start_IT
 .text.HAL_DMA_Abort_IT
                0x08007d6c      0x134 ../../../libDaisy/build\libdaisy.a(stm32h7xx_hal_dma.o)
                0x08007d6c                HAL_DMA_Abort_IT
 .text.HAL_DMA_IRQHandler
                0x08007ea0      0x6a0 ../../../libDaisy/build\libdaisy.a(stm32h7xx_hal_dma.o)
                0x08007ea0                HAL_DMA_IRQHandler
 .text.HAL_DMA_GetError
                0x08008540        0x4 ../../../libDaisy/build\libdaisy.a(stm32h7xx_hal_dma.o)
                0x08008540                HAL_DMA_GetError
 .text.HAL_GPIO_Init
                0x08008544      0x280 ../../../libDaisy/build\libdaisy.a(stm32h7xx_hal_gpio.o)
                0x08008544                HAL_GPIO_Init
 .text.HAL_GPIO_DeInit
                0x080087c4      0x190 ../../../libDaisy/build\libdaisy.a(stm32h7xx_hal_gpio.o)
                0x080087c4                HAL_GPIO_DeInit
 .text.HAL_GPIO_ReadPin
                0x08008954        0xc ../../../libDaisy/build\libdaisy.a(stm32h7xx_hal_gpio.o)
                0x08008954                HAL_GPIO_ReadPin
 .text.HAL_GPIO_WritePin
                0x08008960        0x8 ../../../libDaisy/build\libdaisy.a(stm32h7xx_hal_gpio.o)
                0x08008960                HAL_GPIO_WritePin
 .text.HAL_HCD_IRQHandler
                0x08008968      0x780 ../../../libDaisy/build\libdaisy.a(stm32h7xx_hal_hcd.o)
                0x08008968                HAL_HCD_IRQHandler
 .text.HAL_HCD_Stop
                0x080090e8       0x28 ../../../libDaisy/build\libdaisy.a(stm32h7xx_hal_hcd.o)
                0x080090e8                HAL_HCD_Stop
 .text.I2C_WaitOnTXISFlagUntilTimeout
                0x08009110       0xb8 ../../../libDaisy/build\libdaisy.a(stm32h7xx_hal_i2c.o)
 .text.I2C_WaitOnSTOPFlagUntilTimeout
                0x080091c8       0xac ../../../libDaisy/build\libdaisy.a(stm32h7xx_hal_i2c.o)
 .text.HAL_I2C_Init
                0x08009274       0xac ../../../libDaisy/build\libdaisy.a(stm32h7xx_hal_i2c.o)
                0x08009274                HAL_I2C_Init
 .text.HAL_I2C_Master_Transmit
                0x08009320      0x1a8 ../../../libDaisy/build\libdaisy.a(stm32h7xx_hal_i2c.o)
                0x08009320                HAL_I2C_Master_Transmit
 .text.HAL_I2C_Slave_Transmit
                0x080094c8      0x1c8 ../../../libDaisy/build\libdaisy.a(stm32h7xx_hal_i2c.o)
                0x080094c8                HAL_I2C_Slave_Transmit
 .text.HAL_I2C_EV_IRQHandler
                0x08009690       0x10 ../../../libDaisy/build\libdaisy.a(stm32h7xx_hal_i2c.o)
                0x08009690                HAL_I2C_EV_IRQHandler
 .text.HAL_I2C_GetState
                0x080096a0        0x8 ../../../libDaisy/build\libdaisy.a(stm32h7xx_hal_i2c.o)
                0x080096a0                HAL_I2C_GetState
 .text.HAL_I2CEx_ConfigAnalogFilter
                0x080096a8       0x54 ../../../libDaisy/build\libdaisy.a(stm32h7xx_hal_i2c_ex.o)
                0x080096a8                HAL_I2CEx_ConfigAnalogFilter
 .text.HAL_I2CEx_ConfigDigitalFilter
                0x080096fc       0x58 ../../../libDaisy/build\libdaisy.a(stm32h7xx_hal_i2c_ex.o)
                0x080096fc                HAL_I2CEx_ConfigDigitalFilter
 .text.HAL_PCD_Init
                0x08009754      0x12c ../../../libDaisy/build\libdaisy.a(stm32h7xx_hal_pcd.o)
                0x08009754                HAL_PCD_Init
 .text.HAL_PCD_Start
                0x08009880       0x44 ../../../libDaisy/build\libdaisy.a(stm32h7xx_hal_pcd.o)
                0x08009880                HAL_PCD_Start
 .text.HAL_PCD_IRQHandler
                0x080098c4      0x69c ../../../libDaisy/build\libdaisy.a(stm32h7xx_hal_pcd.o)
                0x080098c4                HAL_PCD_IRQHandler
 .text.HAL_PCD_SetAddress
                0x08009f60       0x2c ../../../libDaisy/build\libdaisy.a(stm32h7xx_hal_pcd.o)
                0x08009f60                HAL_PCD_SetAddress
 .text.HAL_PCD_EP_Open
                0x08009f8c       0x7c ../../../libDaisy/build\libdaisy.a(stm32h7xx_hal_pcd.o)
                0x08009f8c                HAL_PCD_EP_Open
 .text.HAL_PCD_EP_Close
                0x0800a008       0x6c ../../../libDaisy/build\libdaisy.a(stm32h7xx_hal_pcd.o)
                0x0800a008                HAL_PCD_EP_Close
 .text.HAL_PCD_EP_Receive
                0x0800a074       0x50 ../../../libDaisy/build\libdaisy.a(stm32h7xx_hal_pcd.o)
                0x0800a074                HAL_PCD_EP_Receive
 .text.HAL_PCD_EP_GetRxCount
                0x0800a0c4       0x14 ../../../libDaisy/build\libdaisy.a(stm32h7xx_hal_pcd.o)
                0x0800a0c4                HAL_PCD_EP_GetRxCount
 .text.HAL_PCD_EP_Transmit
                0x0800a0d8       0x50 ../../../libDaisy/build\libdaisy.a(stm32h7xx_hal_pcd.o)
                0x0800a0d8                HAL_PCD_EP_Transmit
 .text.HAL_PCD_EP_SetStall
                0x0800a128       0x88 ../../../libDaisy/build\libdaisy.a(stm32h7xx_hal_pcd.o)
                0x0800a128                HAL_PCD_EP_SetStall
 .text.HAL_PCD_EP_ClrStall
                0x0800a1b0       0x78 ../../../libDaisy/build\libdaisy.a(stm32h7xx_hal_pcd.o)
                0x0800a1b0                HAL_PCD_EP_ClrStall
 .text.HAL_PCDEx_SetTxFiFo
                0x0800a228       0x54 ../../../libDaisy/build\libdaisy.a(stm32h7xx_hal_pcd_ex.o)
                0x0800a228                HAL_PCDEx_SetTxFiFo
 .text.HAL_PCDEx_SetRxFiFo
                0x0800a27c        0xc ../../../libDaisy/build\libdaisy.a(stm32h7xx_hal_pcd_ex.o)
                0x0800a27c                HAL_PCDEx_SetRxFiFo
 .text.HAL_PCDEx_ActivateLPM
                0x0800a288       0x30 ../../../libDaisy/build\libdaisy.a(stm32h7xx_hal_pcd_ex.o)
                0x0800a288                HAL_PCDEx_ActivateLPM
 .text.HAL_PCDEx_LPM_Callback
                0x0800a2b8        0x4 ../../../libDaisy/build\libdaisy.a(stm32h7xx_hal_pcd_ex.o)
                0x0800a2b8                HAL_PCDEx_LPM_Callback
 .text.HAL_PWREx_ConfigSupply
                0x0800a2bc       0x4c ../../../libDaisy/build\libdaisy.a(stm32h7xx_hal_pwr_ex.o)
                0x0800a2bc                HAL_PWREx_ConfigSupply
 .text.HAL_PWREx_EnableUSBVoltageDetector
                0x0800a308       0x10 ../../../libDaisy/build\libdaisy.a(stm32h7xx_hal_pwr_ex.o)
                0x0800a308                HAL_PWREx_EnableUSBVoltageDetector
 .text.QSPI_Config
                0x0800a318      0x174 ../../../libDaisy/build\libdaisy.a(stm32h7xx_hal_qspi.o)
 .text.HAL_QSPI_Init
                0x0800a48c       0xd8 ../../../libDaisy/build\libdaisy.a(stm32h7xx_hal_qspi.o)
                0x0800a48c                HAL_QSPI_Init
 .text.HAL_QSPI_DeInit
                0x0800a564       0x3c ../../../libDaisy/build\libdaisy.a(stm32h7xx_hal_qspi.o)
                0x0800a564                HAL_QSPI_DeInit
 .text.HAL_QSPI_Command
                0x0800a5a0       0xd4 ../../../libDaisy/build\libdaisy.a(stm32h7xx_hal_qspi.o)
                0x0800a5a0                HAL_QSPI_Command
 .text.HAL_QSPI_Transmit
                0x0800a674       0xfc ../../../libDaisy/build\libdaisy.a(stm32h7xx_hal_qspi.o)
                0x0800a674                HAL_QSPI_Transmit
 .text.HAL_QSPI_Receive
                0x0800a770      0x108 ../../../libDaisy/build\libdaisy.a(stm32h7xx_hal_qspi.o)
                0x0800a770                HAL_QSPI_Receive
 .text.HAL_QSPI_AutoPolling
                0x0800a878       0xf0 ../../../libDaisy/build\libdaisy.a(stm32h7xx_hal_qspi.o)
                0x0800a878                HAL_QSPI_AutoPolling
 .text.HAL_QSPI_MemoryMapped
                0x0800a968       0xc0 ../../../libDaisy/build\libdaisy.a(stm32h7xx_hal_qspi.o)
                0x0800a968                HAL_QSPI_MemoryMapped
 .text.HAL_QSPI_ErrorCallback
                0x0800aa28        0x4 ../../../libDaisy/build\libdaisy.a(stm32h7xx_hal_qspi.o)
                0x0800aa28                HAL_QSPI_ErrorCallback
 .text.QSPI_DMAAbortCplt
                0x0800aa2c       0x38 ../../../libDaisy/build\libdaisy.a(stm32h7xx_hal_qspi.o)
 .text.HAL_QSPI_AbortCpltCallback
                0x0800aa64        0x4 ../../../libDaisy/build\libdaisy.a(stm32h7xx_hal_qspi.o)
                0x0800aa64                HAL_QSPI_AbortCpltCallback
 .text.HAL_QSPI_CmdCpltCallback
                0x0800aa68        0x4 ../../../libDaisy/build\libdaisy.a(stm32h7xx_hal_qspi.o)
                0x0800aa68                HAL_QSPI_CmdCpltCallback
 .text.HAL_QSPI_RxCpltCallback
                0x0800aa6c        0x4 ../../../libDaisy/build\libdaisy.a(stm32h7xx_hal_qspi.o)
                0x0800aa6c                HAL_QSPI_RxCpltCallback
 .text.HAL_QSPI_TxCpltCallback
                0x0800aa70        0x4 ../../../libDaisy/build\libdaisy.a(stm32h7xx_hal_qspi.o)
                0x0800aa70                HAL_QSPI_TxCpltCallback
 .text.HAL_QSPI_FifoThresholdCallback
                0x0800aa74        0x4 ../../../libDaisy/build\libdaisy.a(stm32h7xx_hal_qspi.o)
                0x0800aa74                HAL_QSPI_FifoThresholdCallback
 .text.HAL_QSPI_StatusMatchCallback
                0x0800aa78        0x4 ../../../libDaisy/build\libdaisy.a(stm32h7xx_hal_qspi.o)
                0x0800aa78                HAL_QSPI_StatusMatchCallback
 .text.HAL_QSPI_TimeOutCallback
                0x0800aa7c        0x4 ../../../libDaisy/build\libdaisy.a(stm32h7xx_hal_qspi.o)
                0x0800aa7c                HAL_QSPI_TimeOutCallback
 .text.HAL_QSPI_IRQHandler
                0x0800aa80      0x210 ../../../libDaisy/build\libdaisy.a(stm32h7xx_hal_qspi.o)
                0x0800aa80                HAL_QSPI_IRQHandler
 .text.HAL_RCC_OscConfig
                0x0800ac90      0x51c ../../../libDaisy/build\libdaisy.a(stm32h7xx_hal_rcc.o)
                0x0800ac90                HAL_RCC_OscConfig
 .text.HAL_RCC_GetSysClockFreq
                0x0800b1ac      0x140 ../../../libDaisy/build\libdaisy.a(stm32h7xx_hal_rcc.o)
                0x0800b1ac                HAL_RCC_GetSysClockFreq
 .text.HAL_RCC_ClockConfig
                0x0800b2ec      0x234 ../../../libDaisy/build\libdaisy.a(stm32h7xx_hal_rcc.o)
                0x0800b2ec                HAL_RCC_ClockConfig
 .text.HAL_RCC_GetHCLKFreq
                0x0800b520       0x2c ../../../libDaisy/build\libdaisy.a(stm32h7xx_hal_rcc.o)
                0x0800b520                HAL_RCC_GetHCLKFreq
 .text.HAL_RCC_GetPCLK1Freq
                0x0800b54c       0x38 ../../../libDaisy/build\libdaisy.a(stm32h7xx_hal_rcc.o)
                0x0800b54c                HAL_RCC_GetPCLK1Freq
 .text.HAL_RCC_GetPCLK2Freq
                0x0800b584       0x38 ../../../libDaisy/build\libdaisy.a(stm32h7xx_hal_rcc.o)
                0x0800b584                HAL_RCC_GetPCLK2Freq
 .text.RCCEx_PLL2_Config
                0x0800b5bc       0xf4 ../../../libDaisy/build\libdaisy.a(stm32h7xx_hal_rcc_ex.o)
 .text.RCCEx_PLL3_Config
                0x0800b6b0       0xf4 ../../../libDaisy/build\libdaisy.a(stm32h7xx_hal_rcc_ex.o)
 .text.HAL_RCCEx_PeriphCLKConfig
                0x0800b7a4      0xa7c ../../../libDaisy/build\libdaisy.a(stm32h7xx_hal_rcc_ex.o)
                0x0800b7a4                HAL_RCCEx_PeriphCLKConfig
 .text.HAL_RCCEx_GetD3PCLK1Freq
                0x0800c220       0x24 ../../../libDaisy/build\libdaisy.a(stm32h7xx_hal_rcc_ex.o)
                0x0800c220                HAL_RCCEx_GetD3PCLK1Freq
 .text.HAL_RCCEx_GetPLL2ClockFreq
                0x0800c244      0x17c ../../../libDaisy/build\libdaisy.a(stm32h7xx_hal_rcc_ex.o)
                0x0800c244                HAL_RCCEx_GetPLL2ClockFreq
 .text.HAL_RCCEx_GetPLL3ClockFreq
                0x0800c3c0      0x17c ../../../libDaisy/build\libdaisy.a(stm32h7xx_hal_rcc_ex.o)
                0x0800c3c0                HAL_RCCEx_GetPLL3ClockFreq
 .text.HAL_RCCEx_GetPLL1ClockFreq
                0x0800c53c      0x17c ../../../libDaisy/build\libdaisy.a(stm32h7xx_hal_rcc_ex.o)
                0x0800c53c                HAL_RCCEx_GetPLL1ClockFreq
 .text.HAL_RCCEx_GetPeriphCLKFreq
                0x0800c6b8      0x198 ../../../libDaisy/build\libdaisy.a(stm32h7xx_hal_rcc_ex.o)
                0x0800c6b8                HAL_RCCEx_GetPeriphCLKFreq
 .text.HAL_RCCEx_GetD1SysClockFreq
                0x0800c850       0x2c ../../../libDaisy/build\libdaisy.a(stm32h7xx_hal_rcc_ex.o)
                0x0800c850                HAL_RCCEx_GetD1SysClockFreq
 .text.HAL_SAI_Init.part.0
                0x0800c87c      0x348 ../../../libDaisy/build\libdaisy.a(stm32h7xx_hal_sai.o)
 .text.HAL_SAI_InitProtocol
                0x0800cbc4      0x178 ../../../libDaisy/build\libdaisy.a(stm32h7xx_hal_sai.o)
                0x0800cbc4                HAL_SAI_InitProtocol
 .text.HAL_SAI_Transmit_DMA
                0x0800cd3c      0x124 ../../../libDaisy/build\libdaisy.a(stm32h7xx_hal_sai.o)
                0x0800cd3c                HAL_SAI_Transmit_DMA
 .text.HAL_SAI_Receive_DMA
                0x0800ce60       0xd0 ../../../libDaisy/build\libdaisy.a(stm32h7xx_hal_sai.o)
                0x0800ce60                HAL_SAI_Receive_DMA
 .text.HAL_SAI_TxCpltCallback
                0x0800cf30        0x4 ../../../libDaisy/build\libdaisy.a(stm32h7xx_hal_sai.o)
                0x0800cf30                HAL_SAI_TxCpltCallback
 .text.SAI_DMATxCplt
                0x0800cf34       0x64 ../../../libDaisy/build\libdaisy.a(stm32h7xx_hal_sai.o)
 .text.HAL_SAI_TxHalfCpltCallback
                0x0800cf98        0x4 ../../../libDaisy/build\libdaisy.a(stm32h7xx_hal_sai.o)
                0x0800cf98                HAL_SAI_TxHalfCpltCallback
 .text.SAI_DMATxHalfCplt
                0x0800cf9c        0xc ../../../libDaisy/build\libdaisy.a(stm32h7xx_hal_sai.o)
 .text.SAI_DMARxCplt
                0x0800cfa8       0x64 ../../../libDaisy/build\libdaisy.a(stm32h7xx_hal_sai.o)
 .text.SAI_DMARxHalfCplt
                0x0800d00c        0xc ../../../libDaisy/build\libdaisy.a(stm32h7xx_hal_sai.o)
 .text.HAL_SAI_ErrorCallback
                0x0800d018        0x4 ../../../libDaisy/build\libdaisy.a(stm32h7xx_hal_sai.o)
                0x0800d018                HAL_SAI_ErrorCallback
 .text.SAI_DMAError
                0x0800d01c       0x6c ../../../libDaisy/build\libdaisy.a(stm32h7xx_hal_sai.o)
 .text.HAL_SDRAM_Init
                0x0800d088       0x54 ../../../libDaisy/build\libdaisy.a(stm32h7xx_hal_sdram.o)
                0x0800d088                HAL_SDRAM_Init
 .text.HAL_SDRAM_SendCommand
                0x0800d0dc       0x40 ../../../libDaisy/build\libdaisy.a(stm32h7xx_hal_sdram.o)
                0x0800d0dc                HAL_SDRAM_SendCommand
 .text.HAL_SDRAM_ProgramRefreshRate
                0x0800d11c       0x30 ../../../libDaisy/build\libdaisy.a(stm32h7xx_hal_sdram.o)
                0x0800d11c                HAL_SDRAM_ProgramRefreshRate
 .text.FMC_SDRAM_Init
                0x0800d14c       0x7c ../../../libDaisy/build\libdaisy.a(stm32h7xx_ll_fmc.o)
                0x0800d14c                FMC_SDRAM_Init
 .text.FMC_SDRAM_Timing_Init
                0x0800d1c8       0x98 ../../../libDaisy/build\libdaisy.a(stm32h7xx_ll_fmc.o)
                0x0800d1c8                FMC_SDRAM_Timing_Init
 .text.FMC_SDRAM_SendCommand
                0x0800d260       0x28 ../../../libDaisy/build\libdaisy.a(stm32h7xx_ll_fmc.o)
                0x0800d260                FMC_SDRAM_SendCommand
 .text.FMC_SDRAM_ProgramRefreshRate
                0x0800d288       0x1c ../../../libDaisy/build\libdaisy.a(stm32h7xx_ll_fmc.o)
                0x0800d288                FMC_SDRAM_ProgramRefreshRate
 .text.USB_CoreInit
                0x0800d2a4      0x124 ../../../libDaisy/build\libdaisy.a(stm32h7xx_ll_usb.o)
                0x0800d2a4                USB_CoreInit
 .text.USB_SetTurnaroundTime
                0x0800d3c8      0x104 ../../../libDaisy/build\libdaisy.a(stm32h7xx_ll_usb.o)
                0x0800d3c8                USB_SetTurnaroundTime
 .text.USB_EnableGlobalInt
                0x0800d4cc       0x10 ../../../libDaisy/build\libdaisy.a(stm32h7xx_ll_usb.o)
                0x0800d4cc                USB_EnableGlobalInt
 .text.USB_DisableGlobalInt
                0x0800d4dc       0x10 ../../../libDaisy/build\libdaisy.a(stm32h7xx_ll_usb.o)
                0x0800d4dc                USB_DisableGlobalInt
 .text.USB_SetCurrentMode
                0x0800d4ec       0x30 ../../../libDaisy/build\libdaisy.a(stm32h7xx_ll_usb.o)
                0x0800d4ec                USB_SetCurrentMode
 .text.USB_DevInit
                0x0800d51c      0x20c ../../../libDaisy/build\libdaisy.a(stm32h7xx_ll_usb.o)
                0x0800d51c                USB_DevInit
 .text.USB_FlushTxFifo
                0x0800d728       0x34 ../../../libDaisy/build\libdaisy.a(stm32h7xx_ll_usb.o)
                0x0800d728                USB_FlushTxFifo
 .text.USB_GetDevSpeed
                0x0800d75c       0x24 ../../../libDaisy/build\libdaisy.a(stm32h7xx_ll_usb.o)
                0x0800d75c                USB_GetDevSpeed
 .text.USB_ActivateEndpoint
                0x0800d780       0x90 ../../../libDaisy/build\libdaisy.a(stm32h7xx_ll_usb.o)
                0x0800d780                USB_ActivateEndpoint
 .text.USB_DeactivateEndpoint
                0x0800d810       0x84 ../../../libDaisy/build\libdaisy.a(stm32h7xx_ll_usb.o)
                0x0800d810                USB_DeactivateEndpoint
 .text.USB_EPStartXfer
                0x0800d894      0x230 ../../../libDaisy/build\libdaisy.a(stm32h7xx_ll_usb.o)
                0x0800d894                USB_EPStartXfer
 .text.USB_EP0StartXfer
                0x0800dac4      0x174 ../../../libDaisy/build\libdaisy.a(stm32h7xx_ll_usb.o)
                0x0800dac4                USB_EP0StartXfer
 .text.USB_WritePacket
                0x0800dc38       0x2c ../../../libDaisy/build\libdaisy.a(stm32h7xx_ll_usb.o)
                0x0800dc38                USB_WritePacket
 .text.USB_ReadPacket
                0x0800dc64       0x20 ../../../libDaisy/build\libdaisy.a(stm32h7xx_ll_usb.o)
                0x0800dc64                USB_ReadPacket
 .text.USB_EPSetStall
                0x0800dc84       0x68 ../../../libDaisy/build\libdaisy.a(stm32h7xx_ll_usb.o)
                0x0800dc84                USB_EPSetStall
 .text.USB_EPClearStall
                0x0800dcec       0x58 ../../../libDaisy/build\libdaisy.a(stm32h7xx_ll_usb.o)
                0x0800dcec                USB_EPClearStall
 .text.USB_SetDevAddress
                0x0800dd44       0x24 ../../../libDaisy/build\libdaisy.a(stm32h7xx_ll_usb.o)
                0x0800dd44                USB_SetDevAddress
 .text.USB_DevConnect
                0x0800dd68       0x1c ../../../libDaisy/build\libdaisy.a(stm32h7xx_ll_usb.o)
                0x0800dd68                USB_DevConnect
 .text.USB_DevDisconnect
                0x0800dd84       0x1c ../../../libDaisy/build\libdaisy.a(stm32h7xx_ll_usb.o)
                0x0800dd84                USB_DevDisconnect
 .text.USB_ReadInterrupts
                0x0800dda0       0x14 ../../../libDaisy/build\libdaisy.a(stm32h7xx_ll_usb.o)
                0x0800dda0                USB_ReadInterrupts
 .text.USB_ReadDevAllOutEpInterrupt
                0x0800ddb4       0x1c ../../../libDaisy/build\libdaisy.a(stm32h7xx_ll_usb.o)
                0x0800ddb4                USB_ReadDevAllOutEpInterrupt
 .text.USB_ReadDevAllInEpInterrupt
                0x0800ddd0       0x1c ../../../libDaisy/build\libdaisy.a(stm32h7xx_ll_usb.o)
                0x0800ddd0                USB_ReadDevAllInEpInterrupt
 .text.USB_ReadDevOutEPInterrupt
                0x0800ddec       0x1c ../../../libDaisy/build\libdaisy.a(stm32h7xx_ll_usb.o)
                0x0800ddec                USB_ReadDevOutEPInterrupt
 .text.USB_ReadDevInEPInterrupt
                0x0800de08       0x38 ../../../libDaisy/build\libdaisy.a(stm32h7xx_ll_usb.o)
                0x0800de08                USB_ReadDevInEPInterrupt
 .text.USB_GetMode
                0x0800de40        0x8 ../../../libDaisy/build\libdaisy.a(stm32h7xx_ll_usb.o)
                0x0800de40                USB_GetMode
 .text.USB_ActivateSetup
                0x0800de48       0x38 ../../../libDaisy/build\libdaisy.a(stm32h7xx_ll_usb.o)
                0x0800de48                USB_ActivateSetup
 .text.USB_EP0_OutStart
                0x0800de80       0x58 ../../../libDaisy/build\libdaisy.a(stm32h7xx_ll_usb.o)
                0x0800de80                USB_EP0_OutStart
 .text.USB_InitFSLSPClkSel
                0x0800ded8       0x44 ../../../libDaisy/build\libdaisy.a(stm32h7xx_ll_usb.o)
                0x0800ded8                USB_InitFSLSPClkSel
 .text.USB_HC_ReadInterrupt
                0x0800df1c        0x8 ../../../libDaisy/build\libdaisy.a(stm32h7xx_ll_usb.o)
                0x0800df1c                USB_HC_ReadInterrupt
 .text.USB_HC_Halt
                0x0800df24       0xc0 ../../../libDaisy/build\libdaisy.a(stm32h7xx_ll_usb.o)
                0x0800df24                USB_HC_Halt
 .text.USB_StopHost
                0x0800dfe4      0x2ec ../../../libDaisy/build\libdaisy.a(stm32h7xx_ll_usb.o)
                0x0800dfe4                USB_StopHost
 .text.USBD_Init
                0x0800e2d0       0x44 ../../../libDaisy/build\libdaisy.a(usbd_core.o)
                0x0800e2d0                USBD_Init
 .text.USBD_RegisterClass
                0x0800e314       0x2c ../../../libDaisy/build\libdaisy.a(usbd_core.o)
                0x0800e314                USBD_RegisterClass
 .text.USBD_Start
                0x0800e340        0xc ../../../libDaisy/build\libdaisy.a(usbd_core.o)
                0x0800e340                USBD_Start
 .text.USBD_SetClassConfig
                0x0800e34c       0x14 ../../../libDaisy/build\libdaisy.a(usbd_core.o)
                0x0800e34c                USBD_SetClassConfig
 .text.USBD_ClrClassConfig
                0x0800e360       0x10 ../../../libDaisy/build\libdaisy.a(usbd_core.o)
                0x0800e360                USBD_ClrClassConfig
 .text.USBD_LL_SetupStage
                0x0800e370       0x5c ../../../libDaisy/build\libdaisy.a(usbd_core.o)
                0x0800e370                USBD_LL_SetupStage
 .text.USBD_LL_DataOutStage
                0x0800e3cc       0x7c ../../../libDaisy/build\libdaisy.a(usbd_core.o)
                0x0800e3cc                USBD_LL_DataOutStage
 .text.USBD_LL_DataInStage
                0x0800e448       0xcc ../../../libDaisy/build\libdaisy.a(usbd_core.o)
                0x0800e448                USBD_LL_DataInStage
 .text.USBD_LL_Reset
                0x0800e514       0x50 ../../../libDaisy/build\libdaisy.a(usbd_core.o)
                0x0800e514                USBD_LL_Reset
 .text.USBD_LL_SetSpeed
                0x0800e564        0x8 ../../../libDaisy/build\libdaisy.a(usbd_core.o)
                0x0800e564                USBD_LL_SetSpeed
 .text.USBD_LL_Suspend
                0x0800e56c       0x14 ../../../libDaisy/build\libdaisy.a(usbd_core.o)
                0x0800e56c                USBD_LL_Suspend
 .text.USBD_LL_Resume
                0x0800e580       0x10 ../../../libDaisy/build\libdaisy.a(usbd_core.o)
                0x0800e580                USBD_LL_Resume
 .text.USBD_LL_SOF
                0x0800e590       0x1c ../../../libDaisy/build\libdaisy.a(usbd_core.o)
                0x0800e590                USBD_LL_SOF
 .text.USBD_LL_IsoINIncomplete
                0x0800e5ac        0x4 ../../../libDaisy/build\libdaisy.a(usbd_core.o)
                0x0800e5ac                USBD_LL_IsoINIncomplete
 .text.USBD_LL_IsoOUTIncomplete
                0x0800e5b0        0x4 ../../../libDaisy/build\libdaisy.a(usbd_core.o)
                0x0800e5b0                USBD_LL_IsoOUTIncomplete
 .text.USBD_LL_DevConnected
                0x0800e5b4        0x4 ../../../libDaisy/build\libdaisy.a(usbd_core.o)
                0x0800e5b4                USBD_LL_DevConnected
 .text.USBD_LL_DevDisconnected
                0x0800e5b8       0x18 ../../../libDaisy/build\libdaisy.a(usbd_core.o)
                0x0800e5b8                USBD_LL_DevDisconnected
 .text.USBD_StdDevReq
                0x0800e5d0      0x304 ../../../libDaisy/build\libdaisy.a(usbd_ctlreq.o)
                0x0800e5d0                USBD_StdDevReq
 .text.USBD_StdItfReq
                0x0800e8d4       0x68 ../../../libDaisy/build\libdaisy.a(usbd_ctlreq.o)
                0x0800e8d4                USBD_StdItfReq
 .text.USBD_StdEPReq
                0x0800e93c      0x13c ../../../libDaisy/build\libdaisy.a(usbd_ctlreq.o)
                0x0800e93c                USBD_StdEPReq
 .text.USBD_ParseSetupRequest
                0x0800ea78       0x28 ../../../libDaisy/build\libdaisy.a(usbd_ctlreq.o)
                0x0800ea78                USBD_ParseSetupRequest
 .text.USBD_CtlError
                0x0800eaa0       0x18 ../../../libDaisy/build\libdaisy.a(usbd_ctlreq.o)
                0x0800eaa0                USBD_CtlError
 .text.USBD_GetString
                0x0800eab8       0x54 ../../../libDaisy/build\libdaisy.a(usbd_ctlreq.o)
                0x0800eab8                USBD_GetString
 .text.USBD_CtlSendData
                0x0800eb0c       0x1c ../../../libDaisy/build\libdaisy.a(usbd_ioreq.o)
                0x0800eb0c                USBD_CtlSendData
 .text.USBD_CtlContinueSendData
                0x0800eb28       0x14 ../../../libDaisy/build\libdaisy.a(usbd_ioreq.o)
                0x0800eb28                USBD_CtlContinueSendData
 .text.USBD_CtlPrepareRx
                0x0800eb3c       0x1c ../../../libDaisy/build\libdaisy.a(usbd_ioreq.o)
                0x0800eb3c                USBD_CtlPrepareRx
 .text.USBD_CtlContinueRx
                0x0800eb58       0x14 ../../../libDaisy/build\libdaisy.a(usbd_ioreq.o)
                0x0800eb58                USBD_CtlContinueRx
 .text.USBD_CtlSendStatus
                0x0800eb6c       0x18 ../../../libDaisy/build\libdaisy.a(usbd_ioreq.o)
                0x0800eb6c                USBD_CtlSendStatus
 .text.USBD_CtlReceiveStatus
                0x0800eb84       0x18 ../../../libDaisy/build\libdaisy.a(usbd_ioreq.o)
                0x0800eb84                USBD_CtlReceiveStatus
 .text.USBH_LL_IncTimer
                0x0800eb9c       0x20 ../../../libDaisy/build\libdaisy.a(usbh_core.o)
                0x0800eb9c                USBH_LL_IncTimer
 .text.USBH_LL_PortEnabled
                0x0800ebbc        0x8 ../../../libDaisy/build\libdaisy.a(usbh_core.o)
                0x0800ebbc                USBH_LL_PortEnabled
 .text.USBH_LL_PortDisabled
                0x0800ebc4        0x8 ../../../libDaisy/build\libdaisy.a(usbh_core.o)
                0x0800ebc4                USBH_LL_PortDisabled
 .text.USBH_LL_Connect
                0x0800ebcc       0x18 ../../../libDaisy/build\libdaisy.a(usbh_core.o)
                0x0800ebcc                USBH_LL_Connect
 .text.USBH_LL_Disconnect
                0x0800ebe4       0x2c ../../../libDaisy/build\libdaisy.a(usbh_core.o)
                0x0800ebe4                USBH_LL_Disconnect
 .text.USBH_FreePipe
                0x0800ec10       0x18 ../../../libDaisy/build\libdaisy.a(usbh_pipes.o)
                0x0800ec10                USBH_FreePipe
 .text.DummyRxCallback
                0x0800ec28        0x4 ../../../libDaisy/build\libdaisy.a(usb.o)
                0x0800ec28                DummyRxCallback
 .text._ZN5daisy9UsbHandle4InitENS0_9UsbPeriphE
                0x0800ec2c      0x10c ../../../libDaisy/build\libdaisy.a(usb.o)
                0x0800ec2c                daisy::UsbHandle::Init(daisy::UsbHandle::UsbPeriph)
 .text._ZN5daisy9UsbHandle18SetReceiveCallbackEPFvPhPmENS0_9UsbPeriphE
                0x0800ed38       0x38 ../../../libDaisy/build\libdaisy.a(usb.o)
                0x0800ed38                daisy::UsbHandle::SetReceiveCallback(void (*)(unsigned char*, unsigned long*), daisy::UsbHandle::UsbPeriph)
 .text.OTG_FS_EP1_OUT_IRQHandler
                0x0800ed70        0xc ../../../libDaisy/build\libdaisy.a(usb.o)
                0x0800ed70                OTG_FS_EP1_OUT_IRQHandler
 .text.OTG_FS_EP1_IN_IRQHandler
                0x0800ed7c        0xc ../../../libDaisy/build\libdaisy.a(usb.o)
                0x0800ed7c                OTG_FS_EP1_IN_IRQHandler
 .text.OTG_FS_IRQHandler
                0x0800ed88        0xc ../../../libDaisy/build\libdaisy.a(usb.o)
                0x0800ed88                OTG_FS_IRQHandler
 .text._ZN5daisy6Random4InitEv
                0x0800ed94       0x3c ../../../libDaisy/build\libdaisy.a(rng.o)
                0x0800ed94                daisy::Random::Init()
 .text._ZN5daisy9SpiHandle4Impl7InitDmaEv
                0x0800edd0       0xec ../../../libDaisy/build\libdaisy.a(spi.o)
                0x0800edd0                daisy::SpiHandle::Impl::InitDma()
 .text._ZN5daisy9SpiHandle4Impl10StartDmaTxEPhjPFvPvEPFvS3_NS0_6ResultEES3_
                0x0800eebc       0xc8 ../../../libDaisy/build\libdaisy.a(spi.o)
                0x0800eebc                daisy::SpiHandle::Impl::StartDmaTx(unsigned char*, unsigned int, void (*)(void*), void (*)(void*, daisy::SpiHandle::Result), void*)
 .text._ZN5daisy9SpiHandle4Impl10StartDmaRxEPhjPFvPvEPFvS3_NS0_6ResultEES3_
                0x0800ef84       0xc8 ../../../libDaisy/build\libdaisy.a(spi.o)
                0x0800ef84                daisy::SpiHandle::Impl::StartDmaRx(unsigned char*, unsigned int, void (*)(void*), void (*)(void*, daisy::SpiHandle::Result), void*)
 .text._ZN5daisy9SpiHandle4Impl12StartDmaRxTxEPhS2_jPFvPvEPFvS3_NS0_6ResultEES3_
                0x0800f04c       0xcc ../../../libDaisy/build\libdaisy.a(spi.o)
                0x0800f04c                daisy::SpiHandle::Impl::StartDmaRxTx(unsigned char*, unsigned char*, unsigned int, void (*)(void*), void (*)(void*, daisy::SpiHandle::Result), void*)
 .text._ZN5daisy9SpiHandle4Impl8InitPinsEv
                0x0800f118      0x274 ../../../libDaisy/build\libdaisy.a(spi.o)
                0x0800f118                daisy::SpiHandle::Impl::InitPins()
 .text.HAL_SPI_MspInit
                0x0800f38c      0x1a8 ../../../libDaisy/build\libdaisy.a(spi.o)
                0x0800f38c                HAL_SPI_MspInit
 .text.dsy_spi_global_init
                0x0800f534       0x80 ../../../libDaisy/build\libdaisy.a(spi.o)
                0x0800f534                dsy_spi_global_init
 .text.SPI1_IRQHandler
                0x0800f5b4        0xc ../../../libDaisy/build\libdaisy.a(spi.o)
                0x0800f5b4                SPI1_IRQHandler
 .text.SPI2_IRQHandler
                0x0800f5c0        0xc ../../../libDaisy/build\libdaisy.a(spi.o)
                0x0800f5c0                SPI2_IRQHandler
 .text.SPI3_IRQHandler
                0x0800f5cc        0xc ../../../libDaisy/build\libdaisy.a(spi.o)
                0x0800f5cc                SPI3_IRQHandler
 .text.SPI4_IRQHandler
                0x0800f5d8        0xc ../../../libDaisy/build\libdaisy.a(spi.o)
                0x0800f5d8                SPI4_IRQHandler
 .text.SPI5_IRQHandler
                0x0800f5e4        0xc ../../../libDaisy/build\libdaisy.a(spi.o)
                0x0800f5e4                SPI5_IRQHandler
 .text.DMA2_Stream2_IRQHandler
                0x0800f5f0       0x34 ../../../libDaisy/build\libdaisy.a(spi.o)
                0x0800f5f0                DMA2_Stream2_IRQHandler
 .text.DMA2_Stream3_IRQHandler
                0x0800f624       0x38 ../../../libDaisy/build\libdaisy.a(spi.o)
                0x0800f624                DMA2_Stream3_IRQHandler
 .text.HAL_SPI_TxCpltCallback
                0x0800f65c       0xc4 ../../../libDaisy/build\libdaisy.a(spi.o)
                0x0800f65c                HAL_SPI_TxCpltCallback
 .text.HAL_SPI_RxCpltCallback
                0x0800f720       0xc4 ../../../libDaisy/build\libdaisy.a(spi.o)
                0x0800f720                HAL_SPI_RxCpltCallback
 .text.HAL_SPI_TxRxCpltCallback
                0x0800f7e4       0xc4 ../../../libDaisy/build\libdaisy.a(spi.o)
                0x0800f7e4                HAL_SPI_TxRxCpltCallback
 .text.HAL_SPI_ErrorCallback
                0x0800f8a8       0xc8 ../../../libDaisy/build\libdaisy.a(spi.o)
                0x0800f8a8                HAL_SPI_ErrorCallback
 .text.startup._GLOBAL__sub_I__Z19MapInstanceToHandleP11SPI_TypeDef
                0x0800f970      0x1b0 ../../../libDaisy/build\libdaisy.a(spi.o)
 .text.HAL_TIM_Base_MspInit
                0x0800fb20      0x1e0 ../../../libDaisy/build\libdaisy.a(tim.o)
                0x0800fb20                HAL_TIM_Base_MspInit
 .text.HAL_TIM_PeriodElapsedCallback
                0x0800fd00       0x44 ../../../libDaisy/build\libdaisy.a(tim.o)
                0x0800fd00                HAL_TIM_PeriodElapsedCallback
 .text.TIM2_IRQHandler
                0x0800fd44        0xc ../../../libDaisy/build\libdaisy.a(tim.o)
                0x0800fd44                TIM2_IRQHandler
 .text.TIM3_IRQHandler
                0x0800fd50        0xc ../../../libDaisy/build\libdaisy.a(tim.o)
                0x0800fd50                TIM3_IRQHandler
 .text.TIM4_IRQHandler
                0x0800fd5c        0xc ../../../libDaisy/build\libdaisy.a(tim.o)
                0x0800fd5c                TIM4_IRQHandler
 .text.TIM5_IRQHandler
                0x0800fd68        0xc ../../../libDaisy/build\libdaisy.a(tim.o)
                0x0800fd68                TIM5_IRQHandler
 .text._ZN5daisy11TimerHandle4InitERKNS0_6ConfigE
                0x0800fd74       0xd0 ../../../libDaisy/build\libdaisy.a(tim.o)
                0x0800fd74                daisy::TimerHandle::Init(daisy::TimerHandle::Config const&)
 .text._ZN5daisy11TimerHandle5StartEv
                0x0800fe44       0x24 ../../../libDaisy/build\libdaisy.a(tim.o)
                0x0800fe44                daisy::TimerHandle::Start()
 .text.startup._GLOBAL__sub_I__ZN5daisy11TimerHandle4Impl4InitERKNS0_6ConfigE
                0x0800fe68       0x38 ../../../libDaisy/build\libdaisy.a(tim.o)
 .text._ZN5daisy11UartHandler4Impl7InitDmaEbb
                0x0800fea0      0x164 ../../../libDaisy/build\libdaisy.a(uart.o)
                0x0800fea0                daisy::UartHandler::Impl::InitDma(bool, bool)
 .text._ZN5daisy11UartHandler4Impl10HandleFifoEv
                0x08010004       0xec ../../../libDaisy/build\libdaisy.a(uart.o)
                0x08010004                daisy::UartHandler::Impl::HandleFifo()
 .text._ZN5daisy11UartHandler4Impl10StartDmaTxEPhjPFvPvEPFvS3_NS0_6ResultEES3_
                0x080100f0       0xcc ../../../libDaisy/build\libdaisy.a(uart.o)
                0x080100f0                daisy::UartHandler::Impl::StartDmaTx(unsigned char*, unsigned int, void (*)(void*), void (*)(void*, daisy::UartHandler::Result), void*)
 .text._ZN5daisy11UartHandler4Impl10StartDmaRxEPhjPFvPvEPFvS3_NS0_6ResultEES3_
                0x080101bc       0xcc ../../../libDaisy/build\libdaisy.a(uart.o)
                0x080101bc                daisy::UartHandler::Impl::StartDmaRx(unsigned char*, unsigned int, void (*)(void*), void (*)(void*, daisy::UartHandler::Result), void*)
 .text._ZN5daisy11UartHandler4Impl19DmaTransferFinishedEP20__UART_HandleTypeDefNS0_6ResultE
                0x08010288       0xc0 ../../../libDaisy/build\libdaisy.a(uart.o)
                0x08010288                daisy::UartHandler::Impl::DmaTransferFinished(__UART_HandleTypeDef*, daisy::UartHandler::Result)
 .text._ZN5daisy11UartHandler4Impl8InitPinsEv
                0x08010348      0x150 ../../../libDaisy/build\libdaisy.a(uart.o)
                0x08010348                daisy::UartHandler::Impl::InitPins()
 .text.HAL_UART_MspInit
                0x08010498      0x210 ../../../libDaisy/build\libdaisy.a(uart.o)
                0x08010498                HAL_UART_MspInit
 .text.dsy_uart_global_init
                0x080106a8      0x110 ../../../libDaisy/build\libdaisy.a(uart.o)
                0x080106a8                dsy_uart_global_init
 .text.USART1_IRQHandler
                0x080107b8       0x30 ../../../libDaisy/build\libdaisy.a(uart.o)
                0x080107b8                USART1_IRQHandler
 .text.USART2_IRQHandler
                0x080107e8       0x34 ../../../libDaisy/build\libdaisy.a(uart.o)
                0x080107e8                USART2_IRQHandler
 .text.USART3_IRQHandler
                0x0801081c       0x34 ../../../libDaisy/build\libdaisy.a(uart.o)
                0x0801081c                USART3_IRQHandler
 .text.UART4_IRQHandler
                0x08010850       0x34 ../../../libDaisy/build\libdaisy.a(uart.o)
                0x08010850                UART4_IRQHandler
 .text.UART5_IRQHandler
                0x08010884       0x34 ../../../libDaisy/build\libdaisy.a(uart.o)
                0x08010884                UART5_IRQHandler
 .text.USART6_IRQHandler
                0x080108b8       0x34 ../../../libDaisy/build\libdaisy.a(uart.o)
                0x080108b8                USART6_IRQHandler
 .text.UART7_IRQHandler
                0x080108ec       0x30 ../../../libDaisy/build\libdaisy.a(uart.o)
                0x080108ec                UART7_IRQHandler
 .text.UART8_IRQHandler
                0x0801091c       0x34 ../../../libDaisy/build\libdaisy.a(uart.o)
                0x0801091c                UART8_IRQHandler
 .text.LPUART1_IRQHandler
                0x08010950       0x34 ../../../libDaisy/build\libdaisy.a(uart.o)
                0x08010950                LPUART1_IRQHandler
 .text.DMA1_Stream5_IRQHandler
                0x08010984       0x34 ../../../libDaisy/build\libdaisy.a(uart.o)
                0x08010984                DMA1_Stream5_IRQHandler
 .text.DMA2_Stream4_IRQHandler
                0x080109b8       0x34 ../../../libDaisy/build\libdaisy.a(uart.o)
                0x080109b8                DMA2_Stream4_IRQHandler
 .text.HAL_UART_TxCpltCallback
                0x080109ec        0x8 ../../../libDaisy/build\libdaisy.a(uart.o)
                0x080109ec                HAL_UART_TxCpltCallback
 .text.HAL_UART_RxCpltCallback
                0x080109f4        0x8 ../../../libDaisy/build\libdaisy.a(uart.o)
                0x080109f4                HAL_UART_RxCpltCallback
 .text.HAL_UART_ErrorCallback
                0x080109fc        0x8 ../../../libDaisy/build\libdaisy.a(uart.o)
                0x080109fc                HAL_UART_ErrorCallback
 .text.startup._GLOBAL__sub_I__Z19MapInstanceToHandleP13USART_TypeDef
                0x08010a04      0x190 ../../../libDaisy/build\libdaisy.a(uart.o)
 .text.dsy_dma_init
                0x08010b94      0x100 ../../../libDaisy/build\libdaisy.a(dma.o)
                0x08010b94                dsy_dma_init
 .text.dummy_rx_callback
                0x08010c94        0x4 ../../../libDaisy/build\libdaisy.a(usbd_cdc_if.o)
                0x08010c94                dummy_rx_callback
 .text.CDC_DeInit_FS
                0x08010c98        0x4 ../../../libDaisy/build\libdaisy.a(usbd_cdc_if.o)
 .text.CDC_Receive_FS
                0x08010c9c       0x2c ../../../libDaisy/build\libdaisy.a(usbd_cdc_if.o)
 .text.CDC_Receive_HS
                0x08010cc8       0x2c ../../../libDaisy/build\libdaisy.a(usbd_cdc_if.o)
 .text.CDC_Init_FS
                0x08010cf4       0x3c ../../../libDaisy/build\libdaisy.a(usbd_cdc_if.o)
 .text.CDC_Init_HS
                0x08010d30       0x3c ../../../libDaisy/build\libdaisy.a(usbd_cdc_if.o)
 .text.CDC_Control_FS
                0x08010d6c       0x34 ../../../libDaisy/build\libdaisy.a(usbd_cdc_if.o)
 .text.CDC_Control_HS
                0x08010da0       0x34 ../../../libDaisy/build\libdaisy.a(usbd_cdc_if.o)
 .text.CDC_DeInit_HS
                0x08010dd4        0x4 ../../../libDaisy/build\libdaisy.a(usbd_cdc_if.o)
 .text.CDC_Set_Rx_Callback_FS
                0x08010dd8        0xc ../../../libDaisy/build\libdaisy.a(usbd_cdc_if.o)
                0x08010dd8                CDC_Set_Rx_Callback_FS
 .text.CDC_Set_Rx_Callback_HS
                0x08010de4        0xc ../../../libDaisy/build\libdaisy.a(usbd_cdc_if.o)
                0x08010de4                CDC_Set_Rx_Callback_HS
 .text.USBD_HS_DeviceDescriptor
                0x08010df0        0xc ../../../libDaisy/build\libdaisy.a(usbd_desc.o)
                0x08010df0                USBD_HS_DeviceDescriptor
 .text.USBD_FS_DeviceDescriptor
                0x08010dfc        0xc ../../../libDaisy/build\libdaisy.a(usbd_desc.o)
                0x08010dfc                USBD_FS_DeviceDescriptor
 .text.USBD_FS_LangIDStrDescriptor
                0x08010e08        0xc ../../../libDaisy/build\libdaisy.a(usbd_desc.o)
                0x08010e08                USBD_FS_LangIDStrDescriptor
 .text.USBD_FS_ManufacturerStrDescriptor
                0x08010e14       0x1c ../../../libDaisy/build\libdaisy.a(usbd_desc.o)
                0x08010e14                USBD_FS_ManufacturerStrDescriptor
 .text.USBD_HS_ProductStrDescriptor
                0x08010e30       0x1c ../../../libDaisy/build\libdaisy.a(usbd_desc.o)
                0x08010e30                USBD_HS_ProductStrDescriptor
 .text.USBD_FS_ConfigStrDescriptor
                0x08010e4c       0x1c ../../../libDaisy/build\libdaisy.a(usbd_desc.o)
                0x08010e4c                USBD_FS_ConfigStrDescriptor
 .text.USBD_FS_InterfaceStrDescriptor
                0x08010e68       0x1c ../../../libDaisy/build\libdaisy.a(usbd_desc.o)
                0x08010e68                USBD_FS_InterfaceStrDescriptor
 .text.USBD_FS_ProductStrDescriptor
                0x08010e84       0x1c ../../../libDaisy/build\libdaisy.a(usbd_desc.o)
                0x08010e84                USBD_FS_ProductStrDescriptor
 .text.USBD_HS_LangIDStrDescriptor
                0x08010ea0        0xc ../../../libDaisy/build\libdaisy.a(usbd_desc.o)
                0x08010ea0                USBD_HS_LangIDStrDescriptor
 .text.USBD_HS_ManufacturerStrDescriptor
                0x08010eac       0x1c ../../../libDaisy/build\libdaisy.a(usbd_desc.o)
                0x08010eac                USBD_HS_ManufacturerStrDescriptor
 .text.USBD_FS_SerialStrDescriptor
                0x08010ec8      0x124 ../../../libDaisy/build\libdaisy.a(usbd_desc.o)
                0x08010ec8                USBD_FS_SerialStrDescriptor
 .text.USBD_HS_SerialStrDescriptor
                0x08010fec      0x124 ../../../libDaisy/build\libdaisy.a(usbd_desc.o)
                0x08010fec                USBD_HS_SerialStrDescriptor
 .text.USBD_HS_InterfaceStrDescriptor
                0x08011110       0x1c ../../../libDaisy/build\libdaisy.a(usbd_desc.o)
                0x08011110                USBD_HS_InterfaceStrDescriptor
 .text.USBD_HS_ConfigStrDescriptor
                0x0801112c       0x1c ../../../libDaisy/build\libdaisy.a(usbd_desc.o)
                0x0801112c                USBD_HS_ConfigStrDescriptor
 .text.HAL_MDMA_Abort_IT
                0x08011148       0x2c ../../../libDaisy/build\libdaisy.a(stm32h7xx_hal_mdma.o)
                0x08011148                HAL_MDMA_Abort_IT
 .text.SPI_CloseTransfer
                0x08011174       0xb8 ../../../libDaisy/build\libdaisy.a(stm32h7xx_hal_spi.o)
 .text.HAL_SPI_Init
                0x0801122c      0x15c ../../../libDaisy/build\libdaisy.a(stm32h7xx_hal_spi.o)
                0x0801122c                HAL_SPI_Init
 .text.HAL_SPI_Transmit_DMA
                0x08011388      0x170 ../../../libDaisy/build\libdaisy.a(stm32h7xx_hal_spi.o)
                0x08011388                HAL_SPI_Transmit_DMA
 .text.HAL_SPI_TransmitReceive_DMA
                0x080114f8      0x218 ../../../libDaisy/build\libdaisy.a(stm32h7xx_hal_spi.o)
                0x080114f8                HAL_SPI_TransmitReceive_DMA
 .text.HAL_SPI_Receive_DMA
                0x08011710      0x1b4 ../../../libDaisy/build\libdaisy.a(stm32h7xx_hal_spi.o)
                0x08011710                HAL_SPI_Receive_DMA
 .text.SPI_DMATransmitCplt
                0x080118c4       0x28 ../../../libDaisy/build\libdaisy.a(stm32h7xx_hal_spi.o)
 .text.SPI_DMAReceiveCplt
                0x080118ec       0x28 ../../../libDaisy/build\libdaisy.a(stm32h7xx_hal_spi.o)
 .text.SPI_DMATransmitReceiveCplt
                0x08011914       0x28 ../../../libDaisy/build\libdaisy.a(stm32h7xx_hal_spi.o)
 .text.HAL_SPI_TxHalfCpltCallback