Archive member included to satisfy reference by file (symbol)

../../../libDaisy/build\libdaisy.a(daisy_seed.o)
                              build/adsr.o (daisy::DaisySeed::Configure())
../../../libDaisy/build\libdaisy.a(codec_ak4556.o)
                              ../../../libDaisy/build\libdaisy.a(daisy_seed.o) (daisy::Ak4556::Init(dsy_gpio_pin))
../../../libDaisy/build\libdaisy.a(codec_wm8731.o)
                              ../../../libDaisy/build\libdaisy.a(daisy_seed.o) (daisy::Wm8731::Init(daisy::Wm8731::Config const&, daisy::I2CHandle))
../../../libDaisy/build\libdaisy.a(sdram.o)
                              ../../../libDaisy/build\libdaisy.a(daisy_seed.o) (SdramHandle::Init())
../../../libDaisy/build\libdaisy.a(audio.o)
                              ../../../libDaisy/build\libdaisy.a(daisy_seed.o) (daisy::AudioHandle::Init(daisy::AudioHandle::Config const&, daisy::SaiHandle))
../../../libDaisy/build\libdaisy.a(usb_midi.o)
                              build/adsr.o (daisy::MidiUsbTransport::Init(daisy::MidiUsbTransport::Config))
../../../libDaisy/build\libdaisy.a(adc.o)
                              build/adsr.o (daisy::AdcChannelConfig::InitSingle(dsy_gpio_pin))
../../../libDaisy/build\libdaisy.a(gpio.o)
                              ../../../libDaisy/build\libdaisy.a(daisy_seed.o) (dsy_gpio_init)
../../../libDaisy/build\libdaisy.a(i2c.o)
                              ../../../libDaisy/build\libdaisy.a(daisy_seed.o) (daisy::I2CHandle::Init(daisy::I2CHandle::Config const&))
../../../libDaisy/build\libdaisy.a(qspi.o)
                              ../../../libDaisy/build\libdaisy.a(daisy_seed.o) (daisy::QSPIHandle::Init(daisy::QSPIHandle::Config const&))
../../../libDaisy/build\libdaisy.a(sai.o)
                              ../../../libDaisy/build\libdaisy.a(daisy_seed.o) (daisy::SaiHandle::Init(daisy::SaiHandle::Config const&))
../../../libDaisy/build\libdaisy.a(system.o)
                              ../../../libDaisy/build\libdaisy.a(daisy_seed.o) (daisy::System::DeInit())
../../../libDaisy/build\libdaisy.a(system_stm32h7xx.o)
                              build/startup_stm32h750xx.o (SystemInit)
../../../libDaisy/build\libdaisy.a(usbd_conf.o)
                              ../../../libDaisy/build\libdaisy.a(system.o) (hpcd_USB_OTG_HS)
../../../libDaisy/build\libdaisy.a(usbh_conf.o)
                              ../../../libDaisy/build\libdaisy.a(system.o) (hhcd_USB_OTG_HS)
../../../libDaisy/build\libdaisy.a(hal_map.o)
                              ../../../libDaisy/build\libdaisy.a(gpio.o) (dsy_hal_map_get_port)
../../../libDaisy/build\libdaisy.a(stm32h7xx_hal.o)
                              ../../../libDaisy/build\libdaisy.a(system.o) (HAL_Init)
../../../libDaisy/build\libdaisy.a(stm32h7xx_hal_adc.o)
                              ../../../libDaisy/build\libdaisy.a(adc.o) (HAL_ADC_ConfigChannel)
../../../libDaisy/build\libdaisy.a(stm32h7xx_hal_adc_ex.o)
                              ../../../libDaisy/build\libdaisy.a(adc.o) (HAL_ADCEx_Calibration_Start)
../../../libDaisy/build\libdaisy.a(stm32h7xx_hal_cortex.o)
                              ../../../libDaisy/build\libdaisy.a(stm32h7xx_hal.o) (HAL_NVIC_SetPriorityGrouping)
../../../libDaisy/build\libdaisy.a(stm32h7xx_hal_dma.o)
                              ../../../libDaisy/build\libdaisy.a(adc.o) (HAL_DMA_Init)
../../../libDaisy/build\libdaisy.a(stm32h7xx_hal_gpio.o)
                              ../../../libDaisy/build\libdaisy.a(sdram.o) (HAL_GPIO_Init)
../../../libDaisy/build\libdaisy.a(stm32h7xx_hal_hcd.o)
                              ../../../libDaisy/build\libdaisy.a(usbh_conf.o) (HAL_HCD_HC_Init)
../../../libDaisy/build\libdaisy.a(stm32h7xx_hal_i2c.o)
                              ../../../libDaisy/build\libdaisy.a(i2c.o) (HAL_I2C_Init)
../../../libDaisy/build\libdaisy.a(stm32h7xx_hal_i2c_ex.o)
                              ../../../libDaisy/build\libdaisy.a(i2c.o) (HAL_I2CEx_ConfigAnalogFilter)
../../../libDaisy/build\libdaisy.a(stm32h7xx_hal_pcd.o)
                              ../../../libDaisy/build\libdaisy.a(usbd_conf.o) (HAL_PCD_Init)
../../../libDaisy/build\libdaisy.a(stm32h7xx_hal_pcd_ex.o)
                              ../../../libDaisy/build\libdaisy.a(usbd_conf.o) (HAL_PCDEx_SetTxFiFo)
../../../libDaisy/build\libdaisy.a(stm32h7xx_hal_pwr_ex.o)
                              ../../../libDaisy/build\libdaisy.a(system.o) (HAL_PWREx_ConfigSupply)
../../../libDaisy/build\libdaisy.a(stm32h7xx_hal_qspi.o)
                              ../../../libDaisy/build\libdaisy.a(qspi.o) (HAL_QSPI_Init)
../../../libDaisy/build\libdaisy.a(stm32h7xx_hal_rcc.o)
                              ../../../libDaisy/build\libdaisy.a(system.o) (HAL_RCC_OscConfig)
../../../libDaisy/build\libdaisy.a(stm32h7xx_hal_rcc_ex.o)
                              ../../../libDaisy/build\libdaisy.a(system.o) (HAL_RCCEx_PeriphCLKConfig)
../../../libDaisy/build\libdaisy.a(stm32h7xx_hal_sai.o)
[...]
Memory Configuration

Name             Origin             Length             Attributes
FLASH            0x08000000         0x00020000         xr
DTCMRAM          0x20000000         0x00020000         xrw
SRAM             0x24000000         0x00080000         xrw
RAM_D2           0x30000000         0x00048000         xrw
RAM_D3           0x38000000         0x00010000         xrw
ITCMRAM          0x00000000         0x00010000         xrw
SDRAM            0xc0000000         0x04000000         xrw
QSPIFLASH        0x90000000         0x00800000         xr
*default*        0x00000000         0xffffffff

Linker script and memory map

LOAD c:/users/toesc/documents/daisytoolchain/windows/bin/../lib/gcc/arm-none-eabi/10.2.1/thumb/v7e-m+dp/hard/crti.o
LOAD c:/users/toesc/documents/daisytoolchain/windows/bin/../lib/gcc/arm-none-eabi/10.2.1/thumb/v7e-m+dp/hard/crtbegin.o
LOAD c:/users/toesc/documents/daisytoolchain/windows/bin/../lib/gcc/arm-none-eabi/10.2.1/../../../../arm-none-eabi/lib/thumb/v7e-m+dp/hard/crt0.o
LOAD build/startup_stm32h750xx.o
LOAD build/adsr.o
LOAD ../../../libDaisy/build\libdaisy.a
LOAD c:/users/toesc/documents/daisytoolchain/windows/bin/../lib/gcc/arm-none-eabi/10.2.1/../../../../arm-none-eabi/lib/thumb/v7e-m+dp/hard\libnosys.a
LOAD ../../../DaisySP/build\libdaisysp.a
LOAD c:/users/toesc/documents/daisytoolchain/windows/bin/../lib/gcc/arm-none-eabi/10.2.1/../../../../arm-none-eabi/lib/thumb/v7e-m+dp/hard\libstdc++_nano.a
LOAD c:/users/toesc/documents/daisytoolchain/windows/bin/../lib/gcc/arm-none-eabi/10.2.1/../../../../arm-none-eabi/lib/thumb/v7e-m+dp/hard\libm.a
LOAD c:/users/toesc/documents/daisytoolchain/windows/bin/../lib/gcc/arm-none-eabi/10.2.1/../../../../arm-none-eabi/lib/thumb/v7e-m+dp/hard\libc_nano.a
START GROUP
LOAD c:/users/toesc/documents/daisytoolchain/windows/bin/../lib/gcc/arm-none-eabi/10.2.1/thumb/v7e-m+dp/hard\libgcc.a
LOAD c:/users/toesc/documents/daisytoolchain/windows/bin/../lib/gcc/arm-none-eabi/10.2.1/../../../../arm-none-eabi/lib/thumb/v7e-m+dp/hard\libc_nano.a
END GROUP
START GROUP
LOAD c:/users/toesc/documents/daisytoolchain/windows/bin/../lib/gcc/arm-none-eabi/10.2.1/thumb/v7e-m+dp/hard\libgcc.a
LOAD c:/users/toesc/documents/daisytoolchain/windows/bin/../lib/gcc/arm-none-eabi/10.2.1/../../../../arm-none-eabi/lib/thumb/v7e-m+dp/hard\libc_nano.a
LOAD c:/users/toesc/documents/daisytoolchain/windows/bin/../lib/gcc/arm-none-eabi/10.2.1/../../../../arm-none-eabi/lib/thumb/v7e-m+dp/hard\libnosys.a
END GROUP
START GROUP
LOAD c:/users/toesc/documents/daisytoolchain/windows/bin/../lib/gcc/arm-none-eabi/10.2.1/thumb/v7e-m+dp/hard\libgcc.a
LOAD c:/users/toesc/documents/daisytoolchain/windows/bin/../lib/gcc/arm-none-eabi/10.2.1/../../../../arm-none-eabi/lib/thumb/v7e-m+dp/hard\libc_nano.a
LOAD c:/users/toesc/documents/daisytoolchain/windows/bin/../lib/gcc/arm-none-eabi/10.2.1/../../../../arm-none-eabi/lib/thumb/v7e-m+dp/hard\libnosys.a
END GROUP
LOAD c:/users/toesc/documents/daisytoolchain/windows/bin/../lib/gcc/arm-none-eabi/10.2.1/thumb/v7e-m+dp/hard/crtend.o
LOAD c:/users/toesc/documents/daisytoolchain/windows/bin/../lib/gcc/arm-none-eabi/10.2.1/thumb/v7e-m+dp/hard/crtn.o
                0x20020000                _estack = 0x20020000

.isr_vector     0x08000000      0x298
                0x08000000                . = ALIGN (0x4)
 *(.isr_vector)
 .isr_vector    0x08000000      0x298 build/startup_stm32h750xx.o
                0x08000000                g_pfnVectors
                0x08000298                . = ALIGN (0x4)

.text           0x080002a0    0x15df8
                0x080002a0                . = ALIGN (0x4)
                0x080002a0                _stext = .
 *(.text)
 .text          0x080002a0       0x40 c:/users/toesc/documents/daisytoolchain/windows/bin/../lib/gcc/arm-none-eabi/10.2.1/thumb/v7e-m+dp/hard/crtbegin.o
 .text          0x080002e0       0xa0 c:/users/toesc/documents/daisytoolchain/windows/bin/../lib/gcc/arm-none-eabi/10.2.1/../../../../arm-none-eabi/lib/thumb/v7e-m+dp/hard\libc_nano.a(lib_a-memchr.o)
                0x080002e0                memchr
 .text          0x08000380      0x378 c:/users/toesc/documents/daisytoolchain/windows/bin/../lib/gcc/arm-none-eabi/10.2.1/thumb/v7e-m+dp/hard\libgcc.a(_arm_addsubdf3.o)
                0x08000380                __aeabi_drsub
                0x08000388                __aeabi_dsub
                0x08000388                __subdf3
                0x0800038c                __aeabi_dadd
                0x0800038c                __adddf3
                0x08000604                __floatunsidf
                0x08000604                __aeabi_ui2d
                0x08000624                __floatsidf
                0x08000624                __aeabi_i2d
                0x08000648                __aeabi_f2d
                0x08000648                __extendsfdf2
                0x0800068c                __floatundidf
                0x0800068c                __aeabi_ul2d
                0x0800069c                __floatdidf
                0x0800069c                __aeabi_l2d
 .text          0x080006f8       0x30 c:/users/toesc/documents/daisytoolchain/windows/bin/../lib/gcc/arm-none-eabi/10.2.1/thumb/v7e-m+dp/hard\libgcc.a(_aeabi_uldivmod.o)
                0x080006f8                __aeabi_uldivmod
 .text          0x08000728      0x2d0 c:/users/toesc/documents/daisytoolchain/windows/bin/../lib/gcc/arm-none-eabi/10.2.1/thumb/v7e-m+dp/hard\libgcc.a(_udivmoddi4.o)
                0x08000728                __udivmoddi4
 .text          0x080009f8        0x4 c:/users/toesc/documents/daisytoolchain/windows/bin/../lib/gcc/arm-none-eabi/10.2.1/thumb/v7e-m+dp/hard\libgcc.a(_dvmd_tls.o)
                0x080009f8                __aeabi_idiv0
                0x080009f8                __aeabi_ldiv0
 *(.text*)
 .text.Default_Handler
                0x080009fc        0x4 build/startup_stm32h750xx.o
                0x080009fc                RTC_Alarm_IRQHandler
                0x080009fc                HASH_RNG_IRQHandler
                0x080009fc                EXTI2_IRQHandler
                0x080009fc                TIM8_CC_IRQHandler
                0x080009fc                HRTIM1_Master_IRQHandler
                0x080009fc                DebugMon_Handler
                0x080009fc                TIM1_CC_IRQHandler
                0x080009fc                BDMA_Channel6_IRQHandler
                0x080009fc                DMA2_Stream5_IRQHandler
                0x080009fc                HRTIM1_FLT_IRQHandler
                0x080009fc                JPEG_IRQHandler
                0x080009fc                BDMA_Channel1_IRQHandler
                0x080009fc                HRTIM1_TIMD_IRQHandler
                0x080009fc                TAMP_STAMP_IRQHandler
                0x080009fc                PendSV_Handler
                0x080009fc                NMI_Handler
                0x080009fc                EXTI3_IRQHandler
                0x080009fc                LPTIM4_IRQHandler
                0x080009fc                TIM8_TRG_COM_TIM14_IRQHandler
                0x080009fc                LPTIM2_IRQHandler
                0x080009fc                DFSDM1_FLT1_IRQHandler
                0x080009fc                DMAMUX2_OVR_IRQHandler
                0x080009fc                TIM8_UP_TIM13_IRQHandler
                0x080009fc                I2C3_ER_IRQHandler
                0x080009fc                DFSDM1_FLT2_IRQHandler
                0x080009fc                MDMA_IRQHandler
                0x080009fc                LPTIM3_IRQHandler
                0x080009fc                HSEM1_IRQHandler
                0x080009fc                EXTI0_IRQHandler
                0x080009fc                FPU_IRQHandler
                0x080009fc                OTG_HS_WKUP_IRQHandler
                0x080009fc                FDCAN1_IT1_IRQHandler
                0x080009fc                UsageFault_Handler
                0x080009fc                LTDC_ER_IRQHandler
                0x080009fc                HRTIM1_TIME_IRQHandler
                0x080009fc                TIM6_DAC_IRQHandler
                0x080009fc                DCMI_IRQHandler
                0x080009fc                HRTIM1_TIMC_IRQHandler
                0x080009fc                SAI2_IRQHandler
                0x080009fc                DFSDM1_FLT3_IRQHandler
                0x080009fc                TIM17_IRQHandler
                0x080009fc                CRYP_IRQHandler
                0x080009fc                BDMA_Channel7_IRQHandler
                0x080009fc                LPTIM5_IRQHandler
                0x080009fc                ADC3_IRQHandler
                0x080009fc                DMA2_Stream0_IRQHandler
                0x080009fc                BDMA_Channel2_IRQHandler
                0x080009fc                DMAMUX1_OVR_IRQHandler
                0x080009fc                TIM16_IRQHandler
                0x080009fc                BDMA_Channel5_IRQHandler
                0x080009fc                RCC_IRQHandler
                0x080009fc                TIM8_BRK_TIM12_IRQHandler
                0x080009fc                TIM1_TRG_COM_IRQHandler
                0x080009fc                Default_Handler
                0x080009fc                ECC_IRQHandler
                0x080009fc                CEC_IRQHandler
                0x080009fc                EXTI15_10_IRQHandler
                0x080009fc                BDMA_Channel0_IRQHandler
                0x080009fc                ADC_IRQHandler
                0x080009fc                DMA1_Stream7_IRQHandler
                0x080009fc                HRTIM1_TIMA_IRQHandler
                0x080009fc                TIM7_IRQHandler
                0x080009fc                SDMMC1_IRQHandler
                0x080009fc                DMA2_Stream7_IRQHandler
                0x080009fc                TIM15_IRQHandler
                0x080009fc                PVD_AVD_IRQHandler
                0x080009fc                EXTI9_5_IRQHandler
                0x080009fc                RTC_WKUP_IRQHandler
                0x080009fc                LTDC_IRQHandler
                0x080009fc                SAI3_IRQHandler
                0x080009fc                ETH_WKUP_IRQHandler
                0x080009fc                SPDIF_RX_IRQHandler
                0x080009fc                MemManage_Handler
                0x080009fc                SVC_Handler
                0x080009fc                CRS_IRQHandler
                0x080009fc                EXTI4_IRQHandler
                0x080009fc                HRTIM1_TIMB_IRQHandler
                0x080009fc                FDCAN2_IT1_IRQHandler
                0x080009fc                ETH_IRQHandler
                0x080009fc                TIM1_UP_IRQHandler
                0x080009fc                BDMA_Channel4_IRQHandler
                0x080009fc                WWDG_IRQHandler
                0x080009fc                SPI6_IRQHandler
                0x080009fc                I2C4_EV_IRQHandler
                0x080009fc                MDIOS_IRQHandler
                0x080009fc                FDCAN2_IT0_IRQHandler
                0x080009fc                FDCAN1_IT0_IRQHandler
                0x080009fc                OTG_FS_WKUP_IRQHandler
                0x080009fc                DMA2D_IRQHandler
                0x080009fc                TIM1_BRK_IRQHandler
                0x080009fc                EXTI1_IRQHandler
                0x080009fc                SDMMC2_IRQHandler
                0x080009fc                BDMA_Channel3_IRQHandler
                0x080009fc                MDIOS_WKUP_IRQHandler
                0x080009fc                DFSDM1_FLT0_IRQHandler
                0x080009fc                SAI4_IRQHandler
                0x080009fc                I2C2_ER_IRQHandler
                0x080009fc                DMA2_Stream1_IRQHandler
                0x080009fc                FLASH_IRQHandler
                0x080009fc                BusFault_Handler
                0x080009fc                WAKEUP_PIN_IRQHandler
                0x080009fc                I2C1_ER_IRQHandler
                0x080009fc                FMC_IRQHandler
                0x080009fc                FDCAN_CAL_IRQHandler
                0x080009fc                SWPMI1_IRQHandler
                0x080009fc                COMP1_IRQHandler
                0x080009fc                LPTIM1_IRQHandler
                0x080009fc                I2C4_ER_IRQHandler
                0x080009fc                DMA2_Stream6_IRQHandler
                0x080009fc                SAI1_IRQHandler
 .text.Reset_Handler
                0x08000a00       0x44 build/startup_stm32h750xx.o
                0x08000a00                Reset_Handler
 .text._ZN7daisysp4AdsrD2Ev
                0x08000a44        0x4 build/adsr.o
                0x08000a44                daisysp::Adsr::~Adsr()
                0x08000a44                daisysp::Adsr::~Adsr()
 .text._ZN7daisysp10OscillatorD2Ev
                0x08000a48        0x4 build/adsr.o
                0x08000a48                daisysp::Oscillator::~Oscillator()
                0x08000a48                daisysp::Oscillator::~Oscillator()
 .text._ZN7daisysp8ReverbScD2Ev
                0x08000a4c        0x4 build/adsr.o
                0x08000a4c                daisysp::ReverbSc::~ReverbSc()
                0x08000a4c                daisysp::ReverbSc::~ReverbSc()
 .text._ZN7daisysp10MoogLadderD2Ev
                0x08000a50        0x4 build/adsr.o
                0x08000a50                daisysp::MoogLadder::~MoogLadder()
                0x08000a50                daisysp::MoogLadder::~MoogLadder()
 .text._ZN7daisysp5BlOscD2Ev
                0x08000a54        0x4 build/adsr.o
                0x08000a54                daisysp::BlOsc::~BlOsc()
                0x08000a54                daisysp::BlOsc::~BlOsc()
 .text._ZN5daisy9DaisySeedD2Ev
                0x08000a58        0x4 build/adsr.o
                0x08000a58                daisy::DaisySeed::~DaisySeed()
                0x08000a58                daisy::DaisySeed::~DaisySeed()
 .text._ZN5daisy11MidiHandlerINS_16MidiUsbTransportEED2Ev
                0x08000a5c        0x4 build/adsr.o
                0x08000a5c                daisy::MidiHandler<daisy::MidiUsbTransport>::~MidiHandler()
                0x08000a5c                daisy::MidiHandler<daisy::MidiUsbTransport>::~MidiHandler()
 .text._ZL13AudioCallbackPKfPfj
                0x08000a60       0xb4 build/adsr.o
 .text._ZN5daisy11MidiHandlerINS_16MidiUsbTransportEE5ParseEh
                0x08000b14      0x2c0 build/adsr.o
                0x08000b14                daisy::MidiHandler<daisy::MidiUsbTransport>::Parse(unsigned char)
 .text.startup.main
                0x08000dd4      0x3dc build/adsr.o
                0x08000dd4                main
 .text.startup._GLOBAL__sub_I_mygate
                0x080011b0       0xcc build/adsr.o
 .text._ZN5daisy9DaisySeed9ConfigureEv
                0x0800127c        0x4 ../../../libDaisy/build\libdaisy.a(daisy_seed.o)
                0x0800127c                daisy::DaisySeed::Configure()
 .text._ZN5daisy9DaisySeed10StartAudioEPFvPKfPfjE
                0x08001280        0x8 ../../../libDaisy/build\libdaisy.a(daisy_seed.o)
                0x08001280                daisy::DaisySeed::StartAudio(void (*)(float const*, float*, unsigned int))
 .text._ZN5daisy9DaisySeed15AudioSampleRateEv
                0x08001288        0x8 ../../../libDaisy/build\libdaisy.a(daisy_seed.o)
                0x08001288                daisy::DaisySeed::AudioSampleRate()
 .text._ZN5daisy9DaisySeed17SetAudioBlockSizeEj
                0x08001290       0x38 ../../../libDaisy/build\libdaisy.a(daisy_seed.o)
                0x08001290                daisy::DaisySeed::SetAudioBlockSize(unsigned int)
 .text._ZN5daisy9DaisySeed6SetLedEb
                0x080012c8        0x8 ../../../libDaisy/build\libdaisy.a(daisy_seed.o)
                0x080012c8                daisy::DaisySeed::SetLed(bool)
 .text._ZN5daisy9DaisySeed14ConfigureAudioEv
                0x080012d0       0xd0 ../../../libDaisy/build\libdaisy.a(daisy_seed.o)
                0x080012d0                daisy::DaisySeed::ConfigureAudio()
 .text._ZN5daisy9DaisySeed4InitEb
                0x080013a0       0xf0 ../../../libDaisy/build\libdaisy.a(daisy_seed.o)
                0x080013a0                daisy::DaisySeed::Init(bool)
 .text._ZN5daisy6Ak45564InitE12dsy_gpio_pin
                0x08001490       0x44 ../../../libDaisy/build\libdaisy.a(codec_ak4556.o)
                0x08001490                daisy::Ak4556::Init(dsy_gpio_pin)
 .text._ZN5daisy6Wm873120WriteControlRegisterEht
                0x080014d4       0x3c ../../../libDaisy/build\libdaisy.a(codec_wm8731.o)
                0x080014d4                daisy::Wm8731::WriteControlRegister(unsigned char, unsigned short)
 .text._ZN5daisy6Wm87314InitERKNS0_6ConfigENS_9I2CHandleE
                0x08001510      0x1bc ../../../libDaisy/build\libdaisy.a(codec_wm8731.o)
                0x08001510                daisy::Wm8731::Init(daisy::Wm8731::Config const&, daisy::I2CHandle)
 .text._ZN11SdramHandle10DeviceInitEv
                0x080016cc       0x98 ../../../libDaisy/build\libdaisy.a(sdram.o)
                0x080016cc                SdramHandle::DeviceInit()
 .text._ZN11SdramHandle4InitEv
                0x08001764       0x7c ../../../libDaisy/build\libdaisy.a(sdram.o)
                0x08001764                SdramHandle::Init()
 .text.HAL_SDRAM_MspInit
                0x080017e0      0x1a8 ../../../libDaisy/build\libdaisy.a(sdram.o)
                0x080017e0                HAL_SDRAM_MspInit
 .text._ZN5daisy11AudioHandle4Impl16InternalCallbackEPlS2_j
                0x08001988      0xbbc ../../../libDaisy/build\libdaisy.a(audio.o)
                0x08001988                daisy::AudioHandle::Impl::InternalCallback(long*, long*, unsigned int)
 .text._ZN5daisy11AudioHandle4InitERKNS0_6ConfigENS_9SaiHandleE
                0x08002544       0x70 ../../../libDaisy/build\libdaisy.a(audio.o)
                0x08002544                daisy::AudioHandle::Init(daisy::AudioHandle::Config const&, daisy::SaiHandle)
 .text._ZNK5daisy11AudioHandle9GetConfigEv
                0x080025b4        0x8 ../../../libDaisy/build\libdaisy.a(audio.o)
                0x080025b4                daisy::AudioHandle::GetConfig() const
 .text._ZN5daisy11AudioHandle12SetBlockSizeEj
                0x080025bc       0x1c ../../../libDaisy/build\libdaisy.a(audio.o)
                0x080025bc                daisy::AudioHandle::SetBlockSize(unsigned int)
 .text._ZN5daisy11AudioHandle13GetSampleRateEv
                0x080025d8        0x8 ../../../libDaisy/build\libdaisy.a(audio.o)
                0x080025d8                daisy::AudioHandle::GetSampleRate()
 .text._ZN5daisy11AudioHandle5StartEPFvPKfPfjE
                0x080025e0       0x2c ../../../libDaisy/build\libdaisy.a(audio.o)
                0x080025e0                daisy::AudioHandle::Start(void (*)(float const*, float*, unsigned int))
 .text.startup._GLOBAL__sub_I__ZN5daisy11AudioHandle4Impl4InitENS0_6ConfigENS_9SaiHandleE
                0x0800260c       0x24 ../../../libDaisy/build\libdaisy.a(audio.o)
 .text._ZN5daisy16MidiUsbTransport4ImplD2Ev
                0x08002630        0x4 ../../../libDaisy/build\libdaisy.a(usb_midi.o)
                0x08002630                daisy::MidiUsbTransport::Impl::~Impl()
                0x08002630                daisy::MidiUsbTransport::Impl::~Impl()
 .text._Z15ReceiveCallbackPhPm
                0x08002634       0x9c ../../../libDaisy/build\libdaisy.a(usb_midi.o)
                0x08002634                ReceiveCallback(unsigned char*, unsigned long*)
 .text._ZN5daisy16MidiUsbTransport4InitENS0_6ConfigE
                0x080026d0       0x50 ../../../libDaisy/build\libdaisy.a(usb_midi.o)
                0x080026d0                daisy::MidiUsbTransport::Init(daisy::MidiUsbTransport::Config)
 .text._ZN5daisy16MidiUsbTransport7StartRxEv
                0x08002720        0x8 ../../../libDaisy/build\libdaisy.a(usb_midi.o)
                0x08002720                daisy::MidiUsbTransport::StartRx()
 .text._ZN5daisy16MidiUsbTransport8ReadableEv
                0x08002728       0x14 ../../../libDaisy/build\libdaisy.a(usb_midi.o)
                0x08002728                daisy::MidiUsbTransport::Readable()
 .text._ZN5daisy16MidiUsbTransport2RxEv
                0x0800273c       0x28 ../../../libDaisy/build\libdaisy.a(usb_midi.o)
                0x0800273c                daisy::MidiUsbTransport::Rx()
 .text._ZN5daisy16MidiUsbTransport8RxActiveEv
                0x08002764        0x8 ../../../libDaisy/build\libdaisy.a(usb_midi.o)
                0x08002764                daisy::MidiUsbTransport::RxActive()
 .text._ZN5daisy16MidiUsbTransport7FlushRxEv
                0x0800276c        0xc ../../../libDaisy/build\libdaisy.a(usb_midi.o)
                0x0800276c                daisy::MidiUsbTransport::FlushRx()
 .text.startup._GLOBAL__sub_I__Z15ReceiveCallbackPhPm
                0x08002778       0x58 ../../../libDaisy/build\libdaisy.a(usb_midi.o)
 .text._ZN5daisy16AdcChannelConfig10InitSingleE12dsy_gpio_pin
                0x080027d0       0x1c ../../../libDaisy/build\libdaisy.a(adc.o)
                0x080027d0                daisy::AdcChannelConfig::InitSingle(dsy_gpio_pin)
 .text._ZN5daisy9AdcHandle4InitEPNS_16AdcChannelConfigEjNS0_12OverSamplingE
                0x080027ec      0x3c8 ../../../libDaisy/build\libdaisy.a(adc.o)
                0x080027ec                daisy::AdcHandle::Init(daisy::AdcChannelConfig*, unsigned int, daisy::AdcHandle::OverSampling)
 .text._ZN5daisy9AdcHandle5StartEv
                0x08002bb4       0x2c ../../../libDaisy/build\libdaisy.a(adc.o)
                0x08002bb4                daisy::AdcHandle::Start()
 .text._ZNK5daisy9AdcHandle8GetFloatEh
                0x08002be0       0x20 ../../../libDaisy/build\libdaisy.a(adc.o)
                0x08002be0                daisy::AdcHandle::GetFloat(unsigned char) const
 .text.HAL_ADC_MspInit
                0x08002c00       0x98 ../../../libDaisy/build\libdaisy.a(adc.o)
                0x08002c00                HAL_ADC_MspInit
 .text.DMA1_Stream2_IRQHandler
                0x08002c98        0xc ../../../libDaisy/build\libdaisy.a(adc.o)
                0x08002c98                DMA1_Stream2_IRQHandler
 .text.HAL_ADC_ConvCpltCallback
                0x08002ca4      0x148 ../../../libDaisy/build\libdaisy.a(adc.o)
                0x08002ca4                HAL_ADC_ConvCpltCallback
 .text.HAL_ADC_ErrorCallback
                0x08002dec        0x4 ../../../libDaisy/build\libdaisy.a(adc.o)
                0x08002dec                HAL_ADC_ErrorCallback
 .text.dsy_gpio_init
                0x08002df0      0x1b8 ../../../libDaisy/build\libdaisy.a(gpio.o)
                0x08002df0                dsy_gpio_init
 .text.dsy_gpio_read
                0x08002fa8       0x1c ../../../libDaisy/build\libdaisy.a(gpio.o)
                0x08002fa8                dsy_gpio_read
 .text.dsy_gpio_write
                0x08002fc4       0x24 ../../../libDaisy/build\libdaisy.a(gpio.o)
                0x08002fc4                dsy_gpio_write
 .text._ZN5daisy9I2CHandle4Impl8InitPinsEv
                0x08002fe8       0x58 ../../../libDaisy/build\libdaisy.a(i2c.o)
                0x08002fe8                daisy::I2CHandle::Impl::InitPins()
 .text.HAL_I2C_MspInit
                0x08003040      0x1b4 ../../../libDaisy/build\libdaisy.a(i2c.o)
                0x08003040                HAL_I2C_MspInit
 .text.dsy_i2c_global_init
                0x080031f4       0x78 ../../../libDaisy/build\libdaisy.a(i2c.o)
                0x080031f4                dsy_i2c_global_init
 .text.DMA1_Stream6_IRQHandler
                0x0800326c       0x34 ../../../libDaisy/build\libdaisy.a(i2c.o)
                0x0800326c                DMA1_Stream6_IRQHandler
 .text.I2C1_EV_IRQHandler
                0x080032a0        0xc ../../../libDaisy/build\libdaisy.a(i2c.o)
                0x080032a0                I2C1_EV_IRQHandler
 .text.I2C2_EV_IRQHandler
                0x080032ac        0xc ../../../libDaisy/build\libdaisy.a(i2c.o)
                0x080032ac                I2C2_EV_IRQHandler
 .text.I2C3_EV_IRQHandler
                0x080032b8        0xc ../../../libDaisy/build\libdaisy.a(i2c.o)
                0x080032b8                I2C3_EV_IRQHandler
 .text._ZN5daisy9I2CHandle4InitERKNS0_6ConfigE
                0x080032c4      0x12c ../../../libDaisy/build\libdaisy.a(i2c.o)
                0x080032c4                daisy::I2CHandle::Init(daisy::I2CHandle::Config const&)
 .text._ZN5daisy9I2CHandle16TransmitBlockingEtPhtm
                0x080033f0       0x50 ../../../libDaisy/build\libdaisy.a(i2c.o)
                0x080033f0                daisy::I2CHandle::TransmitBlocking(unsigned short, unsigned char*, unsigned short, unsigned long)
 .text.startup._GLOBAL__sub_I__ZN5daisy9I2CHandle4Impl10GlobalInitEv
                0x08003440       0x18 ../../../libDaisy/build\libdaisy.a(i2c.o)
 .text._ZN5daisy10QSPIHandle4Impl11WriteEnableEv
                0x08003458       0x8c ../../../libDaisy/build\libdaisy.a(qspi.o)
                0x08003458                daisy::QSPIHandle::Impl::WriteEnable()
 *fill*         0x080034e4        0x4 
 .text._ZN5daisy10QSPIHandle4Impl17DummyCyclesConfigENS0_6Config6DeviceE
                0x080034e8      0x118 ../../../libDaisy/build\libdaisy.a(qspi.o)
                0x080034e8                daisy::QSPIHandle::Impl::DummyCyclesConfig(daisy::QSPIHandle::Config::Device)
 .text._ZN5daisy10QSPIHandle4Impl10QuadEnableEv
                0x08003600      0x158 ../../../libDaisy/build\libdaisy.a(qspi.o)
                0x08003600                daisy::QSPIHandle::Impl::QuadEnable()
 .text._ZN5daisy10QSPIHandle4InitERKNS0_6ConfigE
                0x08003758      0x198 ../../../libDaisy/build\libdaisy.a(qspi.o)
                0x08003758                daisy::QSPIHandle::Init(daisy::QSPIHandle::Config const&)
 .text.HAL_QSPI_MspInit
                0x080038f0      0x11c ../../../libDaisy/build\libdaisy.a(qspi.o)
                0x080038f0                HAL_QSPI_MspInit
 .text.HAL_QSPI_MspDeInit
                0x08003a0c       0x54 ../../../libDaisy/build\libdaisy.a(qspi.o)
                0x08003a0c                HAL_QSPI_MspDeInit
 .text.QUADSPI_IRQHandler
                0x08003a60        0xc ../../../libDaisy/build\libdaisy.a(qspi.o)
                0x08003a60                QUADSPI_IRQHandler
 .text.startup._GLOBAL__sub_I__ZN5daisy10QSPIHandle4Impl4InitERKNS0_6ConfigE
                0x08003a6c       0x28 ../../../libDaisy/build\libdaisy.a(qspi.o)
 .text._ZN5daisy9SaiHandle4Impl7InitDmaENS1_15PeripheralBlockE
                0x08003a94       0xa0 ../../../libDaisy/build\libdaisy.a(sai.o)
                0x08003a94                daisy::SaiHandle::Impl::InitDma(daisy::SaiHandle::Impl::PeripheralBlock)
 .text._ZN5daisy9SaiHandle4Impl8InitPinsEv
                0x08003b34       0xa8 ../../../libDaisy/build\libdaisy.a(sai.o)
                0x08003b34                daisy::SaiHandle::Impl::InitPins()
 .text.HAL_SAI_MspInit
                0x08003bdc      0x164 ../../../libDaisy/build\libdaisy.a(sai.o)
                0x08003bdc                HAL_SAI_MspInit
 .text.DMA1_Stream0_IRQHandler
                0x08003d40        0xc ../../../libDaisy/build\libdaisy.a(sai.o)
                0x08003d40                DMA1_Stream0_IRQHandler
 .text.DMA1_Stream1_IRQHandler
                0x08003d4c        0xc ../../../libDaisy/build\libdaisy.a(sai.o)
                0x08003d4c                DMA1_Stream1_IRQHandler
 .text.DMA1_Stream3_IRQHandler
                0x08003d58        0xc ../../../libDaisy/build\libdaisy.a(sai.o)
                0x08003d58                DMA1_Stream3_IRQHandler
 .text.DMA1_Stream4_IRQHandler
                0x08003d64        0xc ../../../libDaisy/build\libdaisy.a(sai.o)
                0x08003d64                DMA1_Stream4_IRQHandler
 .text.HAL_SAI_RxHalfCpltCallback
                0x08003d70       0x78 ../../../libDaisy/build\libdaisy.a(sai.o)
                0x08003d70                HAL_SAI_RxHalfCpltCallback
 .text.HAL_SAI_RxCpltCallback
                0x08003de8       0x70 ../../../libDaisy/build\libdaisy.a(sai.o)
                0x08003de8                HAL_SAI_RxCpltCallback
 .text._ZN5daisy9SaiHandle4InitERKNS0_6ConfigE
                0x08003e58      0x1f0 ../../../libDaisy/build\libdaisy.a(sai.o)
                0x08003e58                daisy::SaiHandle::Init(daisy::SaiHandle::Config const&)
 .text._ZNK5daisy9SaiHandle9GetConfigEv
                0x08004048        0x4 ../../../libDaisy/build\libdaisy.a(sai.o)
                0x08004048                daisy::SaiHandle::GetConfig() const
 .text._ZN5daisy9SaiHandle8StartDmaEPlS1_jPFvS1_S1_jE
                0x0800404c       0xbc ../../../libDaisy/build\libdaisy.a(sai.o)
                0x0800404c                daisy::SaiHandle::StartDma(long*, long*, unsigned int, void (*)(long*, long*, unsigned int))
 .text._ZN5daisy9SaiHandle13GetSampleRateEv
                0x08004108       0x24 ../../../libDaisy/build\libdaisy.a(sai.o)
                0x08004108                daisy::SaiHandle::GetSampleRate()
 .text._ZNK5daisy9SaiHandle9GetOffsetEv
                0x0800412c        0x8 ../../../libDaisy/build\libdaisy.a(sai.o)
                0x0800412c                daisy::SaiHandle::GetOffset() const
 .text._ZN5daisy11TimerHandleD2Ev
                0x08004134        0x4 ../../../libDaisy/build\libdaisy.a(system.o)
                0x08004134                daisy::TimerHandle::~TimerHandle()
                0x08004134                daisy::TimerHandle::~TimerHandle()
 .text.SysTick_Handler
                0x08004138       0x10 ../../../libDaisy/build\libdaisy.a(system.o)
                0x08004138                SysTick_Handler
 .text.OTG_HS_EP1_OUT_IRQHandler
                0x08004148       0x24 ../../../libDaisy/build\libdaisy.a(system.o)
                0x08004148                OTG_HS_EP1_OUT_IRQHandler
 .text.OTG_HS_EP1_IN_IRQHandler
                0x0800416c       0x24 ../../../libDaisy/build\libdaisy.a(system.o)
                0x0800416c                OTG_HS_EP1_IN_IRQHandler
 .text.OTG_HS_IRQHandler
                0x08004190       0x24 ../../../libDaisy/build\libdaisy.a(system.o)
                0x08004190                OTG_HS_IRQHandler
 .text.HardFault_Handler
                0x080041b4       0xe0 ../../../libDaisy/build\libdaisy.a(system.o)
                0x080041b4                HardFault_Handler
 .text._ZN5daisy6System6GetNowEv
                0x08004294        0x4 ../../../libDaisy/build\libdaisy.a(system.o)
                0x08004294                daisy::System::GetNow()
 .text._ZN5daisy6System5DelayEm
                0x08004298        0x4 ../../../libDaisy/build\libdaisy.a(system.o)
                0x08004298                daisy::System::Delay(unsigned long)
 .text._ZN5daisy6System15ConfigureClocksEv
                0x0800429c      0x194 ../../../libDaisy/build\libdaisy.a(system.o)
                0x0800429c                daisy::System::ConfigureClocks()
 .text._ZN5daisy6System4InitERKNS0_6ConfigE
                0x08004430      0x140 ../../../libDaisy/build\libdaisy.a(system.o)
                0x08004430                daisy::System::Init(daisy::System::Config const&)
 .text._ZN5daisy6System12GetPClk1FreqEv
                0x08004570        0x4 ../../../libDaisy/build\libdaisy.a(system.o)
                0x08004570                daisy::System::GetPClk1Freq()
 .text._ZN5daisy6System22GetProgramMemoryRegionEv
                0x08004574       0x78 ../../../libDaisy/build\libdaisy.a(system.o)
                0x08004574                daisy::System::GetProgramMemoryRegion()
 .text.startup._GLOBAL__sub_I_SysTick_Handler
                0x080045ec       0x1c ../../../libDaisy/build\libdaisy.a(system.o)
 .text.SystemInit
                0x08004608       0x9c ../../../libDaisy/build\libdaisy.a(system_stm32h7xx.o)
                0x08004608                SystemInit
 .text.HAL_PCD_MspInit
                0x080046a4      0x144 ../../../libDaisy/build\libdaisy.a(usbd_conf.o)
                0x080046a4                HAL_PCD_MspInit
 .text.HAL_PCD_SetupStageCallback
                0x080047e8        0xc ../../../libDaisy/build\libdaisy.a(usbd_conf.o)
                0x080047e8                HAL_PCD_SetupStageCallback
 .text.HAL_PCD_DataOutStageCallback
                0x080047f4       0x14 ../../../libDaisy/build\libdaisy.a(usbd_conf.o)
                0x080047f4                HAL_PCD_DataOutStageCallback
 .text.HAL_PCD_DataInStageCallback
                0x08004808       0x14 ../../../libDaisy/build\libdaisy.a(usbd_conf.o)
                0x08004808                HAL_PCD_DataInStageCallback
 .text.HAL_PCD_SOFCallback
                0x0800481c        0x8 ../../../libDaisy/build\libdaisy.a(usbd_conf.o)
                0x0800481c                HAL_PCD_SOFCallback
 .text.HAL_PCD_ResetCallback
                0x08004824       0x24 ../../../libDaisy/build\libdaisy.a(usbd_conf.o)
                0x08004824                HAL_PCD_ResetCallback
 .text.HAL_PCD_SuspendCallback
                0x08004848       0x30 ../../../libDaisy/build\libdaisy.a(usbd_conf.o)
                0x08004848                HAL_PCD_SuspendCallback
 .text.HAL_PCD_ResumeCallback
                0x08004878        0x8 ../../../libDaisy/build\libdaisy.a(usbd_conf.o)
                0x08004878                HAL_PCD_ResumeCallback
 .text.HAL_PCD_ISOOUTIncompleteCallback
                0x08004880        0x8 ../../../libDaisy/build\libdaisy.a(usbd_conf.o)
                0x08004880                HAL_PCD_ISOOUTIncompleteCallback
 .text.HAL_PCD_ISOINIncompleteCallback
                0x08004888        0x8 ../../../libDaisy/build\libdaisy.a(usbd_conf.o)
                0x08004888                HAL_PCD_ISOINIncompleteCallback
 .text.HAL_PCD_ConnectCallback
                0x08004890        0x8 ../../../libDaisy/build\libdaisy.a(usbd_conf.o)
                0x08004890                HAL_PCD_ConnectCallback
 .text.HAL_PCD_DisconnectCallback
                0x08004898        0x8 ../../../libDaisy/build\libdaisy.a(usbd_conf.o)
                0x08004898                HAL_PCD_DisconnectCallback
 .text.USBD_LL_Init
                0x080048a0       0xe4 ../../../libDaisy/build\libdaisy.a(usbd_conf.o)
                0x080048a0                USBD_LL_Init
 .text.USBD_LL_Start
                0x08004984       0x1c ../../../libDaisy/build\libdaisy.a(usbd_conf.o)
                0x08004984                USBD_LL_Start
 .text.USBD_LL_OpenEP
                0x080049a0       0x24 ../../../libDaisy/build\libdaisy.a(usbd_conf.o)
                0x080049a0                USBD_LL_OpenEP
 .text.USBD_LL_CloseEP
                0x080049c4       0x1c ../../../libDaisy/build\libdaisy.a(usbd_conf.o)
                0x080049c4                USBD_LL_CloseEP
 .text.USBD_LL_StallEP
                0x080049e0       0x1c ../../../libDaisy/build\libdaisy.a(usbd_conf.o)
                0x080049e0                USBD_LL_StallEP
 .text.USBD_LL_ClearStallEP
                0x080049fc       0x1c ../../../libDaisy/build\libdaisy.a(usbd_conf.o)
                0x080049fc                USBD_LL_ClearStallEP
 .text.USBD_LL_IsStallEP
                0x08004a18       0x28 ../../../libDaisy/build\libdaisy.a(usbd_conf.o)
                0x08004a18                USBD_LL_IsStallEP
 .text.USBD_LL_SetUSBAddress
                0x08004a40       0x1c ../../../libDaisy/build\libdaisy.a(usbd_conf.o)
                0x08004a40                USBD_LL_SetUSBAddress
 .text.USBD_LL_Transmit
                0x08004a5c       0x1c ../../../libDaisy/build\libdaisy.a(usbd_conf.o)
                0x08004a5c                USBD_LL_Transmit
 .text.USBD_LL_PrepareReceive
                0x08004a78       0x1c ../../../libDaisy/build\libdaisy.a(usbd_conf.o)
                0x08004a78                USBD_LL_PrepareReceive
 .text.USBD_LL_GetRxDataSize
                0x08004a94        0x8 ../../../libDaisy/build\libdaisy.a(usbd_conf.o)
                0x08004a94                USBD_LL_GetRxDataSize
 .text.HAL_HCD_SOF_Callback
                0x08004a9c        0x8 ../../../libDaisy/build\libdaisy.a(usbh_conf.o)
                0x08004a9c                HAL_HCD_SOF_Callback
 .text.HAL_HCD_Connect_Callback
                0x08004aa4        0x8 ../../../libDaisy/build\libdaisy.a(usbh_conf.o)
                0x08004aa4                HAL_HCD_Connect_Callback
 .text.HAL_HCD_Disconnect_Callback
                0x08004aac        0x8 ../../../libDaisy/build\libdaisy.a(usbh_conf.o)
                0x08004aac                HAL_HCD_Disconnect_Callback
 .text.HAL_HCD_HC_NotifyURBChange_Callback
                0x08004ab4        0x4 ../../../libDaisy/build\libdaisy.a(usbh_conf.o)
                0x08004ab4                HAL_HCD_HC_NotifyURBChange_Callback
 .text.HAL_HCD_PortEnabled_Callback
                0x08004ab8        0x8 ../../../libDaisy/build\libdaisy.a(usbh_conf.o)
                0x08004ab8                HAL_HCD_PortEnabled_Callback
 .text.HAL_HCD_PortDisabled_Callback
                0x08004ac0        0x8 ../../../libDaisy/build\libdaisy.a(usbh_conf.o)
                0x08004ac0                HAL_HCD_PortDisabled_Callback
 .text.USBH_LL_Stop
                0x08004ac8       0x1c ../../../libDaisy/build\libdaisy.a(usbh_conf.o)
                0x08004ac8                USBH_LL_Stop
 .text.dsy_hal_map_get_port
                0x08004ae4       0x10 ../../../libDaisy/build\libdaisy.a(hal_map.o)
                0x08004ae4                dsy_hal_map_get_port
 .text.dsy_hal_map_get_pin
                0x08004af4       0x10 ../../../libDaisy/build\libdaisy.a(hal_map.o)
                0x08004af4                dsy_hal_map_get_pin
 .text.dsy_hal_map_gpio_clk_enable
                0x08004b04      0x150 ../../../libDaisy/build\libdaisy.a(hal_map.o)
                0x08004b04                dsy_hal_map_gpio_clk_enable
 .text.HAL_MspInit
                0x08004c54        0x4 ../../../libDaisy/build\libdaisy.a(stm32h7xx_hal.o)
                0x08004c54                HAL_MspInit
 .text.HAL_InitTick
                0x08004c58       0x4c ../../../libDaisy/build\libdaisy.a(stm32h7xx_hal.o)
                0x08004c58                HAL_InitTick
 .text.HAL_Init
                0x08004ca4       0x60 ../../../libDaisy/build\libdaisy.a(stm32h7xx_hal.o)
                0x08004ca4                HAL_Init
 .text.HAL_IncTick
                0x08004d04       0x18 ../../../libDaisy/build\libdaisy.a(stm32h7xx_hal.o)
                0x08004d04                HAL_IncTick
 .text.HAL_GetTick
                0x08004d1c        0xc ../../../libDaisy/build\libdaisy.a(stm32h7xx_hal.o)
                0x08004d1c                HAL_GetTick
 .text.HAL_Delay
                0x08004d28       0x24 ../../../libDaisy/build\libdaisy.a(stm32h7xx_hal.o)
                0x08004d28                HAL_Delay
 .text.HAL_GetREVID
                0x08004d4c        0xc ../../../libDaisy/build\libdaisy.a(stm32h7xx_hal.o)
                0x08004d4c                HAL_GetREVID
 .text.HAL_ADC_ConvHalfCpltCallback
                0x08004d58        0x4 ../../../libDaisy/build\libdaisy.a(stm32h7xx_hal_adc.o)
                0x08004d58                HAL_ADC_ConvHalfCpltCallback
 .text.ADC_DMAHalfConvCplt
                0x08004d5c        0xc ../../../libDaisy/build\libdaisy.a(stm32h7xx_hal_adc.o)
                0x08004d5c                ADC_DMAHalfConvCplt
 .text.ADC_DMAConvCplt
                0x08004d68       0x6c ../../../libDaisy/build\libdaisy.a(stm32h7xx_hal_adc.o)
                0x08004d68                ADC_DMAConvCplt
 .text.ADC_DMAError
                0x08004dd4       0x1c ../../../libDaisy/build\libdaisy.a(stm32h7xx_hal_adc.o)
                0x08004dd4                ADC_DMAError
 .text.HAL_ADC_ConfigChannel
                0x08004df0      0x3fc ../../../libDaisy/build\libdaisy.a(stm32h7xx_hal_adc.o)
                0x08004df0                HAL_ADC_ConfigChannel
 .text.ADC_Enable
                0x080051ec       0xac ../../../libDaisy/build\libdaisy.a(stm32h7xx_hal_adc.o)
                0x080051ec                ADC_Enable
 .text.HAL_ADC_Start_DMA
                0x08005298      0x114 ../../../libDaisy/build\libdaisy.a(stm32h7xx_hal_adc.o)
                0x08005298                HAL_ADC_Start_DMA
 .text.ADC_Disable
                0x080053ac       0x68 ../../../libDaisy/build\libdaisy.a(stm32h7xx_hal_adc.o)
                0x080053ac                ADC_Disable
 .text.ADC_ConfigureBoostMode
                0x08005414      0x184 ../../../libDaisy/build\libdaisy.a(stm32h7xx_hal_adc.o)
                0x08005414                ADC_ConfigureBoostMode
 .text.HAL_ADC_Init
                0x08005598      0x218 ../../../libDaisy/build\libdaisy.a(stm32h7xx_hal_adc.o)
                0x08005598                HAL_ADC_Init
 .text.HAL_ADCEx_Calibration_Start
                0x080057b0       0xa4 ../../../libDaisy/build\libdaisy.a(stm32h7xx_hal_adc_ex.o)
                0x080057b0                HAL_ADCEx_Calibration_Start
 .text.HAL_ADCEx_MultiModeConfigChannel
                0x08005854       0xc4 ../../../libDaisy/build\libdaisy.a(stm32h7xx_hal_adc_ex.o)
                0x08005854                HAL_ADCEx_MultiModeConfigChannel
 .text.HAL_NVIC_SetPriorityGrouping
                0x08005918       0x24 ../../../libDaisy/build\libdaisy.a(stm32h7xx_hal_cortex.o)
                0x08005918                HAL_NVIC_SetPriorityGrouping
 .text.HAL_NVIC_SetPriority
                0x0800593c       0x7c ../../../libDaisy/build\libdaisy.a(stm32h7xx_hal_cortex.o)
                0x0800593c                HAL_NVIC_SetPriority
 .text.HAL_NVIC_EnableIRQ
                0x080059b8       0x1c ../../../libDaisy/build\libdaisy.a(stm32h7xx_hal_cortex.o)
                0x080059b8                HAL_NVIC_EnableIRQ
 .text.HAL_NVIC_DisableIRQ
                0x080059d4       0x28 ../../../libDaisy/build\libdaisy.a(stm32h7xx_hal_cortex.o)
                0x080059d4                HAL_NVIC_DisableIRQ
 .text.HAL_SYSTICK_Config
                0x080059fc       0x2c ../../../libDaisy/build\libdaisy.a(stm32h7xx_hal_cortex.o)
                0x080059fc                HAL_SYSTICK_Config
 .text.HAL_MPU_Disable
                0x08005a28       0x1c ../../../libDaisy/build\libdaisy.a(stm32h7xx_hal_cortex.o)
                0x08005a28                HAL_MPU_Disable
 .text.HAL_MPU_Enable
                0x08005a44       0x20 ../../../libDaisy/build\libdaisy.a(stm32h7xx_hal_cortex.o)
                0x08005a44                HAL_MPU_Enable
 .text.HAL_MPU_ConfigRegion
                0x08005a64       0x64 ../../../libDaisy/build\libdaisy.a(stm32h7xx_hal_cortex.o)
                0x08005a64                HAL_MPU_ConfigRegion
 .text.HAL_SYSTICK_Callback
                0x08005ac8        0x4 ../../../libDaisy/build\libdaisy.a(stm32h7xx_hal_cortex.o)
                0x08005ac8                HAL_SYSTICK_Callback
 .text.HAL_SYSTICK_IRQHandler
                0x08005acc        0x8 ../../../libDaisy/build\libdaisy.a(stm32h7xx_hal_cortex.o)
                0x08005acc                HAL_SYSTICK_IRQHandler
 .text.DMA_CalcBaseAndBitshift
                0x08005ad4       0xf4 ../../../libDaisy/build\libdaisy.a(stm32h7xx_hal_dma.o)
 .text.DMA_CalcDMAMUXChannelBaseAndMask
                0x08005bc8       0xd8 ../../../libDaisy/build\libdaisy.a(stm32h7xx_hal_dma.o)
 .text.HAL_DMA_Init
                0x08005ca0      0x37c ../../../libDaisy/build\libdaisy.a(stm32h7xx_hal_dma.o)
                0x08005ca0                HAL_DMA_Init
 .text.HAL_DMA_Start_IT
                0x0800601c      0x240 ../../../libDaisy/build\libdaisy.a(stm32h7xx_hal_dma.o)
                0x0800601c                HAL_DMA_Start_IT
 .text.HAL_DMA_Abort_IT
                0x0800625c      0x134 ../../../libDaisy/build\libdaisy.a(stm32h7xx_hal_dma.o)
                0x0800625c                HAL_DMA_Abort_IT
 .text.HAL_DMA_IRQHandler
                0x08006390      0x6a0 ../../../libDaisy/build\libdaisy.a(stm32h7xx_hal_dma.o)
                0x08006390                HAL_DMA_IRQHandler
 .text.HAL_DMA_GetError
                0x08006a30        0x4 ../../../libDaisy/build\libdaisy.a(stm32h7xx_hal_dma.o)
                0x08006a30                HAL_DMA_GetError
 .text.HAL_GPIO_Init
                0x08006a34      0x280 ../../../libDaisy/build\libdaisy.a(stm32h7xx_hal_gpio.o)
                0x08006a34                HAL_GPIO_Init
 .text.HAL_GPIO_DeInit
                0x08006cb4      0x190 ../../../libDaisy/build\libdaisy.a(stm32h7xx_hal_gpio.o)
                0x08006cb4                HAL_GPIO_DeInit
 .text.HAL_GPIO_ReadPin
                0x08006e44        0xc ../../../libDaisy/build\libdaisy.a(stm32h7xx_hal_gpio.o)
                0x08006e44                HAL_GPIO_ReadPin
 .text.HAL_GPIO_WritePin
                0x08006e50        0x8 ../../../libDaisy/build\libdaisy.a(stm32h7xx_hal_gpio.o)
                0x08006e50                HAL_GPIO_WritePin
 .text.HAL_HCD_IRQHandler
                0x08006e58      0x780 ../../../libDaisy/build\libdaisy.a(stm32h7xx_hal_hcd.o)
                0x08006e58                HAL_HCD_IRQHandler
 .text.HAL_HCD_Stop
                0x080075d8       0x28 ../../../libDaisy/build\libdaisy.a(stm32h7xx_hal_hcd.o)
                0x080075d8                HAL_HCD_Stop
 .text.I2C_WaitOnTXISFlagUntilTimeout
                0x08007600       0xb8 ../../../libDaisy/build\libdaisy.a(stm32h7xx_hal_i2c.o)
 .text.I2C_WaitOnSTOPFlagUntilTimeout
                0x080076b8       0xac ../../../libDaisy/build\libdaisy.a(stm32h7xx_hal_i2c.o)
 .text.HAL_I2C_Init
                0x08007764       0xac ../../../libDaisy/build\libdaisy.a(stm32h7xx_hal_i2c.o)
                0x08007764                HAL_I2C_Init
 .text.HAL_I2C_Master_Transmit
                0x08007810      0x1a8 ../../../libDaisy/build\libdaisy.a(stm32h7xx_hal_i2c.o)
                0x08007810                HAL_I2C_Master_Transmit
 .text.HAL_I2C_Slave_Transmit
                0x080079b8      0x1c8 ../../../libDaisy/build\libdaisy.a(stm32h7xx_hal_i2c.o)
                0x080079b8                HAL_I2C_Slave_Transmit
 .text.HAL_I2C_EV_IRQHandler
                0x08007b80       0x10 ../../../libDaisy/build\libdaisy.a(stm32h7xx_hal_i2c.o)
                0x08007b80                HAL_I2C_EV_IRQHandler
 .text.HAL_I2C_GetState
                0x08007b90        0x8 ../../../libDaisy/build\libdaisy.a(stm32h7xx_hal_i2c.o)
                0x08007b90                HAL_I2C_GetState
 .text.HAL_I2CEx_ConfigAnalogFilter
                0x08007b98       0x54 ../../../libDaisy/build\libdaisy.a(stm32h7xx_hal_i2c_ex.o)
                0x08007b98                HAL_I2CEx_ConfigAnalogFilter
 .text.HAL_I2CEx_ConfigDigitalFilter
                0x08007bec       0x58 ../../../libDaisy/build\libdaisy.a(stm32h7xx_hal_i2c_ex.o)
                0x08007bec                HAL_I2CEx_ConfigDigitalFilter
 .text.HAL_PCD_Init
                0x08007c44      0x12c ../../../libDaisy/build\libdaisy.a(stm32h7xx_hal_pcd.o)
                0x08007c44                HAL_PCD_Init
 .text.HAL_PCD_Start
                0x08007d70       0x44 ../../../libDaisy/build\libdaisy.a(stm32h7xx_hal_pcd.o)
                0x08007d70                HAL_PCD_Start
 .text.HAL_PCD_IRQHandler
                0x08007db4      0x69c ../../../libDaisy/build\libdaisy.a(stm32h7xx_hal_pcd.o)
                0x08007db4                HAL_PCD_IRQHandler
 .text.HAL_PCD_SetAddress
                0x08008450       0x2c ../../../libDaisy/build\libdaisy.a(stm32h7xx_hal_pcd.o)
                0x08008450                HAL_PCD_SetAddress
 .text.HAL_PCD_EP_Open
                0x0800847c       0x7c ../../../libDaisy/build\libdaisy.a(stm32h7xx_hal_pcd.o)
                0x0800847c                HAL_PCD_EP_Open
 .text.HAL_PCD_EP_Close
                0x080084f8       0x6c ../../../libDaisy/build\libdaisy.a(stm32h7xx_hal_pcd.o)
                0x080084f8                HAL_PCD_EP_Close
 .text.HAL_PCD_EP_Receive
                0x08008564       0x50 ../../../libDaisy/build\libdaisy.a(stm32h7xx_hal_pcd.o)
                0x08008564                HAL_PCD_EP_Receive
 .text.HAL_PCD_EP_GetRxCount
                0x080085b4       0x14 ../../../libDaisy/build\libdaisy.a(stm32h7xx_hal_pcd.o)
                0x080085b4                HAL_PCD_EP_GetRxCount
 .text.HAL_PCD_EP_Transmit
                0x080085c8       0x50 ../../../libDaisy/build\libdaisy.a(stm32h7xx_hal_pcd.o)
                0x080085c8                HAL_PCD_EP_Transmit
 .text.HAL_PCD_EP_SetStall
                0x08008618       0x88 ../../../libDaisy/build\libdaisy.a(stm32h7xx_hal_pcd.o)
                0x08008618                HAL_PCD_EP_SetStall
 .text.HAL_PCD_EP_ClrStall
                0x080086a0       0x78 ../../../libDaisy/build\libdaisy.a(stm32h7xx_hal_pcd.o)
                0x080086a0                HAL_PCD_EP_ClrStall
 .text.HAL_PCDEx_SetTxFiFo
                0x08008718       0x54 ../../../libDaisy/build\libdaisy.a(stm32h7xx_hal_pcd_ex.o)
                0x08008718                HAL_PCDEx_SetTxFiFo
 .text.HAL_PCDEx_SetRxFiFo
                0x0800876c        0xc ../../../libDaisy/build\libdaisy.a(stm32h7xx_hal_pcd_ex.o)
                0x0800876c                HAL_PCDEx_SetRxFiFo
 .text.HAL_PCDEx_ActivateLPM
                0x08008778       0x30 ../../../libDaisy/build\libdaisy.a(stm32h7xx_hal_pcd_ex.o)
                0x08008778                HAL_PCDEx_ActivateLPM
 .text.HAL_PCDEx_LPM_Callback
                0x080087a8        0x4 ../../../libDaisy/build\libdaisy.a(stm32h7xx_hal_pcd_ex.o)
                0x080087a8                HAL_PCDEx_LPM_Callback
 .text.HAL_PWREx_ConfigSupply
                0x080087ac       0x4c ../../../libDaisy/build\libdaisy.a(stm32h7xx_hal_pwr_ex.o)
                0x080087ac                HAL_PWREx_ConfigSupply
 .text.HAL_PWREx_EnableUSBVoltageDetector
                0x080087f8       0x10 ../../../libDaisy/build\libdaisy.a(stm32h7xx_hal_pwr_ex.o)
                0x080087f8                HAL_PWREx_EnableUSBVoltageDetector
 .text.QSPI_Config
                0x08008808      0x174 ../../../libDaisy/build\libdaisy.a(stm32h7xx_hal_qspi.o)
 .text.HAL_QSPI_Init
                0x0800897c       0xd8 ../../../libDaisy/build\libdaisy.a(stm32h7xx_hal_qspi.o)
                0x0800897c                HAL_QSPI_Init
 .text.HAL_QSPI_DeInit
                0x08008a54       0x3c ../../../libDaisy/build\libdaisy.a(stm32h7xx_hal_qspi.o)
                0x08008a54                HAL_QSPI_DeInit
 .text.HAL_QSPI_Command
                0x08008a90       0xd4 ../../../libDaisy/build\libdaisy.a(stm32h7xx_hal_qspi.o)
                0x08008a90                HAL_QSPI_Command
 .text.HAL_QSPI_Transmit
                0x08008b64       0xfc ../../../libDaisy/build\libdaisy.a(stm32h7xx_hal_qspi.o)
                0x08008b64                HAL_QSPI_Transmit
 .text.HAL_QSPI_Receive
                0x08008c60      0x108 ../../../libDaisy/build\libdaisy.a(stm32h7xx_hal_qspi.o)
                0x08008c60                HAL_QSPI_Receive
 .text.HAL_QSPI_AutoPolling
                0x08008d68       0xf0 ../../../libDaisy/build\libdaisy.a(stm32h7xx_hal_qspi.o)
                0x08008d68                HAL_QSPI_AutoPolling
 .text.HAL_QSPI_MemoryMapped
                0x08008e58       0xc0 ../../../libDaisy/build\libdaisy.a(stm32h7xx_hal_qspi.o)
                0x08008e58                HAL_QSPI_MemoryMapped
 .text.HAL_QSPI_ErrorCallback
                0x08008f18        0x4 ../../../libDaisy/build\libdaisy.a(stm32h7xx_hal_qspi.o)
                0x08008f18                HAL_QSPI_ErrorCallback
 .text.QSPI_DMAAbortCplt
                0x08008f1c       0x38 ../../../libDaisy/build\libdaisy.a(stm32h7xx_hal_qspi.o)
 .text.HAL_QSPI_AbortCpltCallback
                0x08008f54        0x4 ../../../libDaisy/build\libdaisy.a(stm32h7xx_hal_qspi.o)
                0x08008f54                HAL_QSPI_AbortCpltCallback
 .text.HAL_QSPI_CmdCpltCallback
                0x08008f58        0x4 ../../../libDaisy/build\libdaisy.a(stm32h7xx_hal_qspi.o)
                0x08008f58                HAL_QSPI_CmdCpltCallback
 .text.HAL_QSPI_RxCpltCallback
                0x08008f5c        0x4 ../../../libDaisy/build\libdaisy.a(stm32h7xx_hal_qspi.o)
                0x08008f5c                HAL_QSPI_RxCpltCallback
 .text.HAL_QSPI_TxCpltCallback
                0x08008f60        0x4 ../../../libDaisy/build\libdaisy.a(stm32h7xx_hal_qspi.o)
                0x08008f60                HAL_QSPI_TxCpltCallback
 .text.HAL_QSPI_FifoThresholdCallback
                0x08008f64        0x4 ../../../libDaisy/build\libdaisy.a(stm32h7xx_hal_qspi.o)
                0x08008f64                HAL_QSPI_FifoThresholdCallback
 .text.HAL_QSPI_StatusMatchCallback
                0x08008f68        0x4 ../../../libDaisy/build\libdaisy.a(stm32h7xx_hal_qspi.o)
                0x08008f68                HAL_QSPI_StatusMatchCallback
 .text.HAL_QSPI_TimeOutCallback
                0x08008f6c        0x4 ../../../libDaisy/build\libdaisy.a(stm32h7xx_hal_qspi.o)
                0x08008f6c                HAL_QSPI_TimeOutCallback
 .text.HAL_QSPI_IRQHandler
                0x08008f70      0x210 ../../../libDaisy/build\libdaisy.a(stm32h7xx_hal_qspi.o)
                0x08008f70                HAL_QSPI_IRQHandler
 .text.HAL_RCC_OscConfig
                0x08009180      0x51c ../../../libDaisy/build\libdaisy.a(stm32h7xx_hal_rcc.o)
                0x08009180                HAL_RCC_OscConfig
 .text.HAL_RCC_GetSysClockFreq
                0x0800969c      0x140 ../../../libDaisy/build\libdaisy.a(stm32h7xx_hal_rcc.o)
                0x0800969c                HAL_RCC_GetSysClockFreq
 .text.HAL_RCC_ClockConfig
                0x080097dc      0x234 ../../../libDaisy/build\libdaisy.a(stm32h7xx_hal_rcc.o)
                0x080097dc                HAL_RCC_ClockConfig
 .text.HAL_RCC_GetHCLKFreq
                0x08009a10       0x2c ../../../libDaisy/build\libdaisy.a(stm32h7xx_hal_rcc.o)
                0x08009a10                HAL_RCC_GetHCLKFreq
 .text.HAL_RCC_GetPCLK1Freq
                0x08009a3c       0x38 ../../../libDaisy/build\libdaisy.a(stm32h7xx_hal_rcc.o)
                0x08009a3c                HAL_RCC_GetPCLK1Freq
 .text.HAL_RCC_GetPCLK2Freq
                0x08009a74       0x38 ../../../libDaisy/build\libdaisy.a(stm32h7xx_hal_rcc.o)
                0x08009a74                HAL_RCC_GetPCLK2Freq
 .text.RCCEx_PLL2_Config
                0x08009aac       0xf4 ../../../libDaisy/build\libdaisy.a(stm32h7xx_hal_rcc_ex.o)
 .text.RCCEx_PLL3_Config
                0x08009ba0       0xf4 ../../../libDaisy/build\libdaisy.a(stm32h7xx_hal_rcc_ex.o)
 .text.HAL_RCCEx_PeriphCLKConfig
                0x08009c94      0xa7c ../../../libDaisy/build\libdaisy.a(stm32h7xx_hal_rcc_ex.o)
                0x08009c94                HAL_RCCEx_PeriphCLKConfig
 .text.HAL_RCCEx_GetD3PCLK1Freq
                0x0800a710       0x24 ../../../libDaisy/build\libdaisy.a(stm32h7xx_hal_rcc_ex.o)
                0x0800a710                HAL_RCCEx_GetD3PCLK1Freq
 .text.HAL_RCCEx_GetPLL2ClockFreq
                0x0800a734      0x17c ../../../libDaisy/build\libdaisy.a(stm32h7xx_hal_rcc_ex.o)
                0x0800a734                HAL_RCCEx_GetPLL2ClockFreq
 .text.HAL_RCCEx_GetPLL3ClockFreq
                0x0800a8b0      0x17c ../../../libDaisy/build\libdaisy.a(stm32h7xx_hal_rcc_ex.o)
                0x0800a8b0                HAL_RCCEx_GetPLL3ClockFreq
 .text.HAL_RCCEx_GetPLL1ClockFreq
                0x0800aa2c      0x17c ../../../libDaisy/build\libdaisy.a(stm32h7xx_hal_rcc_ex.o)
                0x0800aa2c                HAL_RCCEx_GetPLL1ClockFreq
 .text.HAL_RCCEx_GetPeriphCLKFreq
                0x0800aba8      0x198 ../../../libDaisy/build\libdaisy.a(stm32h7xx_hal_rcc_ex.o)
                0x0800aba8                HAL_RCCEx_GetPeriphCLKFreq
 .text.HAL_RCCEx_GetD1SysClockFreq
                0x0800ad40       0x2c ../../../libDaisy/build\libdaisy.a(stm32h7xx_hal_rcc_ex.o)
                0x0800ad40                HAL_RCCEx_GetD1SysClockFreq
 .text.HAL_SAI_Init.part.0
                0x0800ad6c      0x348 ../../../libDaisy/build\libdaisy.a(stm32h7xx_hal_sai.o)
 .text.HAL_SAI_InitProtocol
                0x0800b0b4      0x178 ../../../libDaisy/build\libdaisy.a(stm32h7xx_hal_sai.o)
                0x0800b0b4                HAL_SAI_InitProtocol
 .text.HAL_SAI_Transmit_DMA
                0x0800b22c      0x124 ../../../libDaisy/build\libdaisy.a(stm32h7xx_hal_sai.o)
                0x0800b22c                HAL_SAI_Transmit_DMA
 .text.HAL_SAI_Receive_DMA
                0x0800b350       0xd0 ../../../libDaisy/build\libdaisy.a(stm32h7xx_hal_sai.o)
                0x0800b350                HAL_SAI_Receive_DMA
 .text.HAL_SAI_TxCpltCallback
                0x0800b420        0x4 ../../../libDaisy/build\libdaisy.a(stm32h7xx_hal_sai.o)
                0x0800b420                HAL_SAI_TxCpltCallback
 .text.SAI_DMATxCplt
                0x0800b424       0x64 ../../../libDaisy/build\libdaisy.a(stm32h7xx_hal_sai.o)
 .text.HAL_SAI_TxHalfCpltCallback
                0x0800b488        0x4 ../../../libDaisy/build\libdaisy.a(stm32h7xx_hal_sai.o)
                0x0800b488                HAL_SAI_TxHalfCpltCallback
 .text.SAI_DMATxHalfCplt
                0x0800b48c        0xc ../../../libDaisy/build\libdaisy.a(stm32h7xx_hal_sai.o)
 .text.SAI_DMARxCplt
                0x0800b498       0x64 ../../../libDaisy/build\libdaisy.a(stm32h7xx_hal_sai.o)
 .text.SAI_DMARxHalfCplt
                0x0800b4fc        0xc ../../../libDaisy/build\libdaisy.a(stm32h7xx_hal_sai.o)
 .text.HAL_SAI_ErrorCallback
                0x0800b508        0x4 ../../../libDaisy/build\libdaisy.a(stm32h7xx_hal_sai.o)
                0x0800b508                HAL_SAI_ErrorCallback
 .text.SAI_DMAError
                0x0800b50c       0x6c ../../../libDaisy/build\libdaisy.a(stm32h7xx_hal_sai.o)
 .text.HAL_SDRAM_Init
                0x0800b578       0x54 ../../../libDaisy/build\libdaisy.a(stm32h7xx_hal_sdram.o)
                0x0800b578                HAL_SDRAM_Init
 .text.HAL_SDRAM_SendCommand
                0x0800b5cc       0x40 ../../../libDaisy/build\libdaisy.a(stm32h7xx_hal_sdram.o)
                0x0800b5cc                HAL_SDRAM_SendCommand
 .text.HAL_SDRAM_ProgramRefreshRate
                0x0800b60c       0x30 ../../../libDaisy/build\libdaisy.a(stm32h7xx_hal_sdram.o)
                0x0800b60c                HAL_SDRAM_ProgramRefreshRate
 .text.FMC_SDRAM_Init
                0x0800b63c       0x7c ../../../libDaisy/build\libdaisy.a(stm32h7xx_ll_fmc.o)
                0x0800b63c                FMC_SDRAM_Init
 .text.FMC_SDRAM_Timing_Init
                0x0800b6b8       0x98 ../../../libDaisy/build\libdaisy.a(stm32h7xx_ll_fmc.o)
                0x0800b6b8                FMC_SDRAM_Timing_Init
 .text.FMC_SDRAM_SendCommand
                0x0800b750       0x28 ../../../libDaisy/build\libdaisy.a(stm32h7xx_ll_fmc.o)
                0x0800b750                FMC_SDRAM_SendCommand
 .text.FMC_SDRAM_ProgramRefreshRate
                0x0800b778       0x1c ../../../libDaisy/build\libdaisy.a(stm32h7xx_ll_fmc.o)
                0x0800b778                FMC_SDRAM_ProgramRefreshRate
 .text.USB_CoreInit
                0x0800b794      0x124 ../../../libDaisy/build\libdaisy.a(stm32h7xx_ll_usb.o)
                0x0800b794                USB_CoreInit
 .text.USB_SetTurnaroundTime
                0x0800b8b8      0x104 ../../../libDaisy/build\libdaisy.a(stm32h7xx_ll_usb.o)
                0x0800b8b8                USB_SetTurnaroundTime
 .text.USB_EnableGlobalInt
                0x0800b9bc       0x10 ../../../libDaisy/build\libdaisy.a(stm32h7xx_ll_usb.o)
                0x0800b9bc                USB_EnableGlobalInt
 .text.USB_DisableGlobalInt
                0x0800b9cc       0x10 ../../../libDaisy/build\libdaisy.a(stm32h7xx_ll_usb.o)
                0x0800b9cc                USB_DisableGlobalInt
 .text.USB_SetCurrentMode
                0x0800b9dc       0x30 ../../../libDaisy/build\libdaisy.a(stm32h7xx_ll_usb.o)
                0x0800b9dc                USB_SetCurrentMode
 .text.USB_DevInit
                0x0800ba0c      0x20c ../../../libDaisy/build\libdaisy.a(stm32h7xx_ll_usb.o)
                0x0800ba0c                USB_DevInit
 .text.USB_FlushTxFifo
                0x0800bc18       0x34 ../../../libDaisy/build\libdaisy.a(stm32h7xx_ll_usb.o)
                0x0800bc18                USB_FlushTxFifo
 .text.USB_GetDevSpeed
                0x0800bc4c       0x24 ../../../libDaisy/build\libdaisy.a(stm32h7xx_ll_usb.o)
                0x0800bc4c                USB_GetDevSpeed
 .text.USB_ActivateEndpoint
                0x0800bc70       0x90 ../../../libDaisy/build\libdaisy.a(stm32h7xx_ll_usb.o)
                0x0800bc70                USB_ActivateEndpoint
 .text.USB_DeactivateEndpoint
                0x0800bd00       0x84 ../../../libDaisy/build\libdaisy.a(stm32h7xx_ll_usb.o)
                0x0800bd00                USB_DeactivateEndpoint
 .text.USB_EPStartXfer
                0x0800bd84      0x230 ../../../libDaisy/build\libdaisy.a(stm32h7xx_ll_usb.o)
                0x0800bd84                USB_EPStartXfer
 .text.USB_EP0StartXfer
                0x0800bfb4      0x174 ../../../libDaisy/build\libdaisy.a(stm32h7xx_ll_usb.o)
                0x0800bfb4                USB_EP0StartXfer
 .text.USB_WritePacket
                0x0800c128       0x2c ../../../libDaisy/build\libdaisy.a(stm32h7xx_ll_usb.o)
                0x0800c128                USB_WritePacket
 .text.USB_ReadPacket
                0x0800c154       0x20 ../../../libDaisy/build\libdaisy.a(stm32h7xx_ll_usb.o)
                0x0800c154                USB_ReadPacket
 .text.USB_EPSetStall
                0x0800c174       0x68 ../../../libDaisy/build\libdaisy.a(stm32h7xx_ll_usb.o)
                0x0800c174                USB_EPSetStall
 .text.USB_EPClearStall
                0x0800c1dc       0x58 ../../../libDaisy/build\libdaisy.a(stm32h7xx_ll_usb.o)
                0x0800c1dc                USB_EPClearStall
 .text.USB_SetDevAddress
                0x0800c234       0x24 ../../../libDaisy/build\libdaisy.a(stm32h7xx_ll_usb.o)
                0x0800c234                USB_SetDevAddress
 .text.USB_DevConnect
                0x0800c258       0x1c ../../../libDaisy/build\libdaisy.a(stm32h7xx_ll_usb.o)
                0x0800c258                USB_DevConnect
 .text.USB_DevDisconnect
                0x0800c274       0x1c ../../../libDaisy/build\libdaisy.a(stm32h7xx_ll_usb.o)
                0x0800c274                USB_DevDisconnect
 .text.USB_ReadInterrupts
                0x0800c290       0x14 ../../../libDaisy/build\libdaisy.a(stm32h7xx_ll_usb.o)
                0x0800c290                USB_ReadInterrupts
 .text.USB_ReadDevAllOutEpInterrupt
                0x0800c2a4       0x1c ../../../libDaisy/build\libdaisy.a(stm32h7xx_ll_usb.o)
                0x0800c2a4                USB_ReadDevAllOutEpInterrupt
 .text.USB_ReadDevAllInEpInterrupt
                0x0800c2c0       0x1c ../../../libDaisy/build\libdaisy.a(stm32h7xx_ll_usb.o)
                0x0800c2c0                USB_ReadDevAllInEpInterrupt
 .text.USB_ReadDevOutEPInterrupt
                0x0800c2dc       0x1c ../../../libDaisy/build\libdaisy.a(stm32h7xx_ll_usb.o)
                0x0800c2dc                USB_ReadDevOutEPInterrupt
 .text.USB_ReadDevInEPInterrupt
                0x0800c2f8       0x38 ../../../libDaisy/build\libdaisy.a(stm32h7xx_ll_usb.o)
                0x0800c2f8                USB_ReadDevInEPInterrupt
 .text.USB_GetMode
                0x0800c330        0x8 ../../../libDaisy/build\libdaisy.a(stm32h7xx_ll_usb.o)
                0x0800c330                USB_GetMode
 .text.USB_ActivateSetup
                0x0800c338       0x38 ../../../libDaisy/build\libdaisy.a(stm32h7xx_ll_usb.o)
                0x0800c338                USB_ActivateSetup
 .text.USB_EP0_OutStart
                0x0800c370       0x58 ../../../libDaisy/build\libdaisy.a(stm32h7xx_ll_usb.o)
                0x0800c370                USB_EP0_OutStart
 .text.USB_InitFSLSPClkSel
                0x0800c3c8       0x44 ../../../libDaisy/build\libdaisy.a(stm32h7xx_ll_usb.o)
                0x0800c3c8                USB_InitFSLSPClkSel
 .text.USB_HC_ReadInterrupt
                0x0800c40c        0x8 ../../../libDaisy/build\libdaisy.a(stm32h7xx_ll_usb.o)
                0x0800c40c                USB_HC_ReadInterrupt
 .text.USB_HC_Halt
                0x0800c414       0xc0 ../../../libDaisy/build\libdaisy.a(stm32h7xx_ll_usb.o)
                0x0800c414                USB_HC_Halt
 .text.USB_StopHost
                0x0800c4d4      0x2ec ../../../libDaisy/build\libdaisy.a(stm32h7xx_ll_usb.o)
                0x0800c4d4                USB_StopHost
 .text.USBD_Init
                0x0800c7c0       0x44 ../../../libDaisy/build\libdaisy.a(usbd_core.o)
                0x0800c7c0                USBD_Init
 .text.USBD_RegisterClass
                0x0800c804       0x2c ../../../libDaisy/build\libdaisy.a(usbd_core.o)
                0x0800c804                USBD_RegisterClass
 .text.USBD_Start
                0x0800c830        0xc ../../../libDaisy/build\libdaisy.a(usbd_core.o)
                0x0800c830                USBD_Start
 .text.USBD_SetClassConfig
                0x0800c83c       0x14 ../../../libDaisy/build\libdaisy.a(usbd_core.o)
                0x0800c83c                USBD_SetClassConfig
 .text.USBD_ClrClassConfig
                0x0800c850       0x10 ../../../libDaisy/build\libdaisy.a(usbd_core.o)
                0x0800c850                USBD_ClrClassConfig
 .text.USBD_LL_SetupStage
                0x0800c860       0x5c ../../../libDaisy/build\libdaisy.a(usbd_core.o)
                0x0800c860                USBD_LL_SetupStage
 .text.USBD_LL_DataOutStage
                0x0800c8bc       0x7c ../../../libDaisy/build\libdaisy.a(usbd_core.o)
                0x0800c8bc                USBD_LL_DataOutStage
 .text.USBD_LL_DataInStage
                0x0800c938       0xcc ../../../libDaisy/build\libdaisy.a(usbd_core.o)
                0x0800c938                USBD_LL_DataInStage
 .text.USBD_LL_Reset
                0x0800ca04       0x50 ../../../libDaisy/build\libdaisy.a(usbd_core.o)
                0x0800ca04                USBD_LL_Reset
 .text.USBD_LL_SetSpeed
                0x0800ca54        0x8 ../../../libDaisy/build\libdaisy.a(usbd_core.o)
                0x0800ca54                USBD_LL_SetSpeed
 .text.USBD_LL_Suspend
                0x0800ca5c       0x14 ../../../libDaisy/build\libdaisy.a(usbd_core.o)
                0x0800ca5c                USBD_LL_Suspend
 .text.USBD_LL_Resume
                0x0800ca70       0x10 ../../../libDaisy/build\libdaisy.a(usbd_core.o)
                0x0800ca70                USBD_LL_Resume
 .text.USBD_LL_SOF
                0x0800ca80       0x1c ../../../libDaisy/build\libdaisy.a(usbd_core.o)
                0x0800ca80                USBD_LL_SOF
 .text.USBD_LL_IsoINIncomplete
                0x0800ca9c        0x4 ../../../libDaisy/build\libdaisy.a(usbd_core.o)
                0x0800ca9c                USBD_LL_IsoINIncomplete
 .text.USBD_LL_IsoOUTIncomplete
                0x0800caa0        0x4 ../../../libDaisy/build\libdaisy.a(usbd_core.o)
                0x0800caa0                USBD_LL_IsoOUTIncomplete
 .text.USBD_LL_DevConnected
                0x0800caa4        0x4 ../../../libDaisy/build\libdaisy.a(usbd_core.o)
                0x0800caa4                USBD_LL_DevConnected
 .text.USBD_LL_DevDisconnected
                0x0800caa8       0x18 ../../../libDaisy/build\libdaisy.a(usbd_core.o)
                0x0800caa8                USBD_LL_DevDisconnected
 .text.USBD_StdDevReq
                0x0800cac0      0x304 ../../../libDaisy/build\libdaisy.a(usbd_ctlreq.o)
                0x0800cac0                USBD_StdDevReq
 .text.USBD_StdItfReq
                0x0800cdc4       0x68 ../../../libDaisy/build\libdaisy.a(usbd_ctlreq.o)
                0x0800cdc4                USBD_StdItfReq
 .text.USBD_StdEPReq
                0x0800ce2c      0x13c ../../../libDaisy/build\libdaisy.a(usbd_ctlreq.o)
                0x0800ce2c                USBD_StdEPReq
 .text.USBD_ParseSetupRequest
                0x0800cf68       0x28 ../../../libDaisy/build\libdaisy.a(usbd_ctlreq.o)
                0x0800cf68                USBD_ParseSetupRequest
 .text.USBD_CtlError
                0x0800cf90       0x18 ../../../libDaisy/build\libdaisy.a(usbd_ctlreq.o)
                0x0800cf90                USBD_CtlError
 .text.USBD_GetString
                0x0800cfa8       0x54 ../../../libDaisy/build\libdaisy.a(usbd_ctlreq.o)
                0x0800cfa8                USBD_GetString
 .text.USBD_CtlSendData
                0x0800cffc       0x1c ../../../libDaisy/build\libdaisy.a(usbd_ioreq.o)
                0x0800cffc                USBD_CtlSendData
 .text.USBD_CtlContinueSendData
                0x0800d018       0x14 ../../../libDaisy/build\libdaisy.a(usbd_ioreq.o)
                0x0800d018                USBD_CtlContinueSendData
 .text.USBD_CtlPrepareRx
                0x0800d02c       0x1c ../../../libDaisy/build\libdaisy.a(usbd_ioreq.o)
                0x0800d02c                USBD_CtlPrepareRx
 .text.USBD_CtlContinueRx
                0x0800d048       0x14 ../../../libDaisy/build\libdaisy.a(usbd_ioreq.o)
                0x0800d048                USBD_CtlContinueRx
 .text.USBD_CtlSendStatus
                0x0800d05c       0x18 ../../../libDaisy/build\libdaisy.a(usbd_ioreq.o)
                0x0800d05c                USBD_CtlSendStatus
 .text.USBD_CtlReceiveStatus
                0x0800d074       0x18 ../../../libDaisy/build\libdaisy.a(usbd_ioreq.o)
                0x0800d074                USBD_CtlReceiveStatus
 .text.USBH_LL_IncTimer
                0x0800d08c       0x20 ../../../libDaisy/build\libdaisy.a(usbh_core.o)
                0x0800d08c                USBH_LL_IncTimer
 .text.USBH_LL_PortEnabled
                0x0800d0ac        0x8 ../../../libDaisy/build\libdaisy.a(usbh_core.o)
                0x0800d0ac                USBH_LL_PortEnabled
 .text.USBH_LL_PortDisabled
                0x0800d0b4        0x8 ../../../libDaisy/build\libdaisy.a(usbh_core.o)
                0x0800d0b4                USBH_LL_PortDisabled
 .text.USBH_LL_Connect
                0x0800d0bc       0x18 ../../../libDaisy/build\libdaisy.a(usbh_core.o)
                0x0800d0bc                USBH_LL_Connect
 .text.USBH_LL_Disconnect
                0x0800d0d4       0x2c ../../../libDaisy/build\libdaisy.a(usbh_core.o)
                0x0800d0d4                USBH_LL_Disconnect
 .text.USBH_FreePipe
                0x0800d100       0x18 ../../../libDaisy/build\libdaisy.a(usbh_pipes.o)
                0x0800d100                USBH_FreePipe
 .text.DummyRxCallback
                0x0800d118        0x4 ../../../libDaisy/build\libdaisy.a(usb.o)
                0x0800d118                DummyRxCallback
 .text._ZN5daisy9UsbHandle4InitENS0_9UsbPeriphE
                0x0800d11c      0x10c ../../../libDaisy/build\libdaisy.a(usb.o)
                0x0800d11c                daisy::UsbHandle::Init(daisy::UsbHandle::UsbPeriph)
 .text._ZN5daisy9UsbHandle18SetReceiveCallbackEPFvPhPmENS0_9UsbPeriphE
                0x0800d228       0x38 ../../../libDaisy/build\libdaisy.a(usb.o)
                0x0800d228                daisy::UsbHandle::SetReceiveCallback(void (*)(unsigned char*, unsigned long*), daisy::UsbHandle::UsbPeriph)
 .text.OTG_FS_EP1_OUT_IRQHandler
                0x0800d260        0xc ../../../libDaisy/build\libdaisy.a(usb.o)
                0x0800d260                OTG_FS_EP1_OUT_IRQHandler
 .text.OTG_FS_EP1_IN_IRQHandler
                0x0800d26c        0xc ../../../libDaisy/build\libdaisy.a(usb.o)
                0x0800d26c                OTG_FS_EP1_IN_IRQHandler
 .text.OTG_FS_IRQHandler
                0x0800d278        0xc ../../../libDaisy/build\libdaisy.a(usb.o)
                0x0800d278                OTG_FS_IRQHandler
 .text._ZN5daisy6Random4InitEv
                0x0800d284       0x3c ../../../libDaisy/build\libdaisy.a(rng.o)
                0x0800d284                daisy::Random::Init()
 .text._ZN5daisy9SpiHandle4Impl7InitDmaEv
                0x0800d2c0       0xec ../../../libDaisy/build\libdaisy.a(spi.o)
                0x0800d2c0                daisy::SpiHandle::Impl::InitDma()
 .text._ZN5daisy9SpiHandle4Impl10StartDmaTxEPhjPFvPvEPFvS3_NS0_6ResultEES3_
                0x0800d3ac       0xc8 ../../../libDaisy/build\libdaisy.a(spi.o)
                0x0800d3ac                daisy::SpiHandle::Impl::StartDmaTx(unsigned char*, unsigned int, void (*)(void*), void (*)(void*, daisy::SpiHandle::Result), void*)
 .text._ZN5daisy9SpiHandle4Impl10StartDmaRxEPhjPFvPvEPFvS3_NS0_6ResultEES3_
                0x0800d474       0xc8 ../../../libDaisy/build\libdaisy.a(spi.o)
                0x0800d474                daisy::SpiHandle::Impl::StartDmaRx(unsigned char*, unsigned int, void (*)(void*), void (*)(void*, daisy::SpiHandle::Result), void*)
 .text._ZN5daisy9SpiHandle4Impl12StartDmaRxTxEPhS2_jPFvPvEPFvS3_NS0_6ResultEES3_
                0x0800d53c       0xcc ../../../libDaisy/build\libdaisy.a(spi.o)
                0x0800d53c                daisy::SpiHandle::Impl::StartDmaRxTx(unsigned char*, unsigned char*, unsigned int, void (*)(void*), void (*)(void*, daisy::SpiHandle::Result), void*)
 .text._ZN5daisy9SpiHandle4Impl8InitPinsEv
                0x0800d608      0x274 ../../../libDaisy/build\libdaisy.a(spi.o)
                0x0800d608                daisy::SpiHandle::Impl::InitPins()
 .text.HAL_SPI_MspInit
                0x0800d87c      0x1a8 ../../../libDaisy/build\libdaisy.a(spi.o)
                0x0800d87c                HAL_SPI_MspInit
 .text.dsy_spi_global_init
                0x0800da24       0x80 ../../../libDaisy/build\libdaisy.a(spi.o)
                0x0800da24                dsy_spi_global_init
 .text.SPI1_IRQHandler
                0x0800daa4        0xc ../../../libDaisy/build\libdaisy.a(spi.o)
                0x0800daa4                SPI1_IRQHandler
 .text.SPI2_IRQHandler
                0x0800dab0        0xc ../../../libDaisy/build\libdaisy.a(spi.o)
                0x0800dab0                SPI2_IRQHandler
 .text.SPI3_IRQHandler
                0x0800dabc        0xc ../../../libDaisy/build\libdaisy.a(spi.o)
                0x0800dabc                SPI3_IRQHandler
 .text.SPI4_IRQHandler
                0x0800dac8        0xc ../../../libDaisy/build\libdaisy.a(spi.o)
                0x0800dac8                SPI4_IRQHandler
 .text.SPI5_IRQHandler
                0x0800dad4        0xc ../../../libDaisy/build\libdaisy.a(spi.o)
                0x0800dad4                SPI5_IRQHandler
 .text.DMA2_Stream2_IRQHandler
                0x0800dae0       0x34 ../../../libDaisy/build\libdaisy.a(spi.o)
                0x0800dae0                DMA2_Stream2_IRQHandler
 .text.DMA2_Stream3_IRQHandler
                0x0800db14       0x38 ../../../libDaisy/build\libdaisy.a(spi.o)
                0x0800db14                DMA2_Stream3_IRQHandler
 .text.HAL_SPI_TxCpltCallback
                0x0800db4c       0xc4 ../../../libDaisy/build\libdaisy.a(spi.o)
                0x0800db4c                HAL_SPI_TxCpltCallback
 .text.HAL_SPI_RxCpltCallback
                0x0800dc10       0xc4 ../../../libDaisy/build\libdaisy.a(spi.o)
                0x0800dc10                HAL_SPI_RxCpltCallback
 .text.HAL_SPI_TxRxCpltCallback
                0x0800dcd4       0xc4 ../../../libDaisy/build\libdaisy.a(spi.o)
                0x0800dcd4                HAL_SPI_TxRxCpltCallback
 .text.HAL_SPI_ErrorCallback
                0x0800dd98       0xc8 ../../../libDaisy/build\libdaisy.a(spi.o)
                0x0800dd98                HAL_SPI_ErrorCallback
 .text.startup._GLOBAL__sub_I__Z19MapInstanceToHandleP11SPI_TypeDef
                0x0800de60      0x1b0 ../../../libDaisy/build\libdaisy.a(spi.o)
 .text.HAL_TIM_Base_MspInit
                0x0800e010      0x1e0 ../../../libDaisy/build\libdaisy.a(tim.o)
                0x0800e010                HAL_TIM_Base_MspInit
 .text.HAL_TIM_PeriodElapsedCallback
                0x0800e1f0       0x44 ../../../libDaisy/build\libdaisy.a(tim.o)
                0x0800e1f0                HAL_TIM_PeriodElapsedCallback
 .text.TIM2_IRQHandler
                0x0800e234        0xc ../../../libDaisy/build\libdaisy.a(tim.o)
                0x0800e234                TIM2_IRQHandler
 .text.TIM3_IRQHandler
                0x0800e240        0xc ../../../libDaisy/build\libdaisy.a(tim.o)
                0x0800e240                TIM3_IRQHandler
 .text.TIM4_IRQHandler
                0x0800e24c        0xc ../../../libDaisy/build\libdaisy.a(tim.o)
                0x0800e24c                TIM4_IRQHandler
 .text.TIM5_IRQHandler
                0x0800e258        0xc ../../../libDaisy/build\libdaisy.a(tim.o)
                0x0800e258                TIM5_IRQHandler
 .text._ZN5daisy11TimerHandle4InitERKNS0_6ConfigE
                0x0800e264       0xd0 ../../../libDaisy/build\libdaisy.a(tim.o)
                0x0800e264                daisy::TimerHandle::Init(daisy::TimerHandle::Config const&)
 .text._ZN5daisy11TimerHandle5StartEv
                0x0800e334       0x24 ../../../libDaisy/build\libdaisy.a(tim.o)
                0x0800e334                daisy::TimerHandle::Start()
 .text.startup._GLOBAL__sub_I__ZN5daisy11TimerHandle4Impl4InitERKNS0_6ConfigE
                0x0800e358       0x38 ../../../libDaisy/build\libdaisy.a(tim.o)
 .text._ZN5daisy11UartHandler4Impl7InitDmaEbb
                0x0800e390      0x164 ../../../libDaisy/build\libdaisy.a(uart.o)
                0x0800e390                daisy::UartHandler::Impl::InitDma(bool, bool)
 .text._ZN5daisy11UartHandler4Impl10HandleFifoEv
                0x0800e4f4       0xec ../../../libDaisy/build\libdaisy.a(uart.o)
                0x0800e4f4                daisy::UartHandler::Impl::HandleFifo()
 .text._ZN5daisy11UartHandler4Impl10StartDmaTxEPhjPFvPvEPFvS3_NS0_6ResultEES3_
                0x0800e5e0       0xcc ../../../libDaisy/build\libdaisy.a(uart.o)
                0x0800e5e0                daisy::UartHandler::Impl::StartDmaTx(unsigned char*, unsigned int, void (*)(void*), void (*)(void*, daisy::UartHandler::Result), void*)
 .text._ZN5daisy11UartHandler4Impl10StartDmaRxEPhjPFvPvEPFvS3_NS0_6ResultEES3_
                0x0800e6ac       0xcc ../../../libDaisy/build\libdaisy.a(uart.o)
                0x0800e6ac                daisy::UartHandler::Impl::StartDmaRx(unsigned char*, unsigned int, void (*)(void*), void (*)(void*, daisy::UartHandler::Result), void*)
 .text._ZN5daisy11UartHandler4Impl19DmaTransferFinishedEP20__UART_HandleTypeDefNS0_6ResultE
                0x0800e778       0xc0 ../../../libDaisy/build\libdaisy.a(uart.o)
                0x0800e778                daisy::UartHandler::Impl::DmaTransferFinished(__UART_HandleTypeDef*, daisy::UartHandler::Result)
 .text._ZN5daisy11UartHandler4Impl8InitPinsEv
                0x0800e838      0x150 ../../../libDaisy/build\libdaisy.a(uart.o)
                0x0800e838                daisy::UartHandler::Impl::InitPins()
 .text.HAL_UART_MspInit
                0x0800e988      0x210 ../../../libDaisy/build\libdaisy.a(uart.o)
                0x0800e988                HAL_UART_MspInit
 .text.dsy_uart_global_init
                0x0800eb98      0x110 ../../../libDaisy/build\libdaisy.a(uart.o)
                0x0800eb98                dsy_uart_global_init
 .text.USART1_IRQHandler
                0x0800eca8       0x30 ../../../libDaisy/build\libdaisy.a(uart.o)
                0x0800eca8                USART1_IRQHandler
 .text.USART2_IRQHandler
                0x0800ecd8       0x34 ../../../libDaisy/build\libdaisy.a(uart.o)
                0x0800ecd8                USART2_IRQHandler
 .text.USART3_IRQHandler
                0x0800ed0c       0x34 ../../../libDaisy/build\libdaisy.a(uart.o)
                0x0800ed0c                USART3_IRQHandler
 .text.UART4_IRQHandler
                0x0800ed40       0x34 ../../../libDaisy/build\libdaisy.a(uart.o)
                0x0800ed40                UART4_IRQHandler
 .text.UART5_IRQHandler
                0x0800ed74       0x34 ../../../libDaisy/build\libdaisy.a(uart.o)
                0x0800ed74                UART5_IRQHandler
 .text.USART6_IRQHandler
                0x0800eda8       0x34 ../../../libDaisy/build\libdaisy.a(uart.o)
                0x0800eda8                USART6_IRQHandler
 .text.UART7_IRQHandler
                0x0800eddc       0x30 ../../../libDaisy/build\libdaisy.a(uart.o)
                0x0800eddc                UART7_IRQHandler
 .text.UART8_IRQHandler
                0x0800ee0c       0x34 ../../../libDaisy/build\libdaisy.a(uart.o)
                0x0800ee0c                UART8_IRQHandler
 .text.LPUART1_IRQHandler
                0x0800ee40       0x34 ../../../libDaisy/build\libdaisy.a(uart.o)
                0x0800ee40                LPUART1_IRQHandler
 .text.DMA1_Stream5_IRQHandler
                0x0800ee74       0x34 ../../../libDaisy/build\libdaisy.a(uart.o)
                0x0800ee74                DMA1_Stream5_IRQHandler
 .text.DMA2_Stream4_IRQHandler
                0x0800eea8       0x34 ../../../libDaisy/build\libdaisy.a(uart.o)
                0x0800eea8                DMA2_Stream4_IRQHandler
 .text.HAL_UART_TxCpltCallback
                0x0800eedc        0x8 ../../../libDaisy/build\libdaisy.a(uart.o)
                0x0800eedc                HAL_UART_TxCpltCallback
 .text.HAL_UART_RxCpltCallback
                0x0800eee4        0x8 ../../../libDaisy/build\libdaisy.a(uart.o)
                0x0800eee4                HAL_UART_RxCpltCallback
 .text.HAL_UART_ErrorCallback
                0x0800eeec        0x8 ../../../libDaisy/build\libdaisy.a(uart.o)
                0x0800eeec                HAL_UART_ErrorCallback
 .text.startup._GLOBAL__sub_I__Z19MapInstanceToHandleP13USART_TypeDef
                0x0800eef4      0x190 ../../../libDaisy/build\libdaisy.a(uart.o)
 .text.dsy_dma_init
                0x0800f084      0x100 ../../../libDaisy/build\libdaisy.a(dma.o)
                0x0800f084                dsy_dma_init
 .text.dummy_rx_callback
                0x0800f184        0x4 ../../../libDaisy/build\libdaisy.a(usbd_cdc_if.o)
                0x0800f184                dummy_rx_callback
 .text.CDC_DeInit_FS
                0x0800f188        0x4 ../../../libDaisy/build\libdaisy.a(usbd_cdc_if.o)
 .text.CDC_Receive_FS
                0x0800f18c       0x2c ../../../libDaisy/build\libdaisy.a(usbd_cdc_if.o)
 .text.CDC_Receive_HS
                0x0800f1b8       0x2c ../../../libDaisy/build\libdaisy.a(usbd_cdc_if.o)
 .text.CDC_Init_FS
                0x0800f1e4       0x3c ../../../libDaisy/build\libdaisy.a(usbd_cdc_if.o)
 .text.CDC_Init_HS
                0x0800f220       0x3c ../../../libDaisy/build\libdaisy.a(usbd_cdc_if.o)
 .text.CDC_Control_FS
                0x0800f25c       0x34 ../../../libDaisy/build\libdaisy.a(usbd_cdc_if.o)
 .text.CDC_Control_HS
                0x0800f290       0x34 ../../../libDaisy/build\libdaisy.a(usbd_cdc_if.o)
 .text.CDC_DeInit_HS
                0x0800f2c4        0x4 ../../../libDaisy/build\libdaisy.a(usbd_cdc_if.o)
 .text.CDC_Set_Rx_Callback_FS
                0x0800f2c8        0xc ../../../libDaisy/build\libdaisy.a(usbd_cdc_if.o)
                0x0800f2c8                CDC_Set_Rx_Callback_FS
 .text.CDC_Set_Rx_Callback_HS
                0x0800f2d4        0xc ../../../libDaisy/build\libdaisy.a(usbd_cdc_if.o)
                0x0800f2d4                CDC_Set_Rx_Callback_HS
 .text.USBD_HS_DeviceDescriptor
                0x0800f2e0        0xc ../../../libDaisy/build\libdaisy.a(usbd_desc.o)
                0x0800f2e0                USBD_HS_DeviceDescriptor
 .text.USBD_FS_DeviceDescriptor
                0x0800f2ec        0xc ../../../libDaisy/build\libdaisy.a(usbd_desc.o)
                0x0800f2ec                USBD_FS_DeviceDescriptor
 .text.USBD_FS_LangIDStrDescriptor
                0x0800f2f8        0xc ../../../libDaisy/build\libdaisy.a(usbd_desc.o)
                0x0800f2f8                USBD_FS_LangIDStrDescriptor
 .text.USBD_FS_ManufacturerStrDescriptor
                0x0800f304       0x1c ../../../libDaisy/build\libdaisy.a(usbd_desc.o)
                0x0800f304                USBD_FS_ManufacturerStrDescriptor
 .text.USBD_HS_ProductStrDescriptor
                0x0800f320       0x1c ../../../libDaisy/build\libdaisy.a(usbd_desc.o)
                0x0800f320                USBD_HS_ProductStrDescriptor
 .text.USBD_FS_ConfigStrDescriptor
                0x0800f33c       0x1c ../../../libDaisy/build\libdaisy.a(usbd_desc.o)
                0x0800f33c                USBD_FS_ConfigStrDescriptor
 .text.USBD_FS_InterfaceStrDescriptor
                0x0800f358       0x1c ../../../libDaisy/build\libdaisy.a(usbd_desc.o)
                0x0800f358                USBD_FS_InterfaceStrDescriptor
 .text.USBD_FS_ProductStrDescriptor
                0x0800f374       0x1c ../../../libDaisy/build\libdaisy.a(usbd_desc.o)
                0x0800f374                USBD_FS_ProductStrDescriptor
 .text.USBD_HS_LangIDStrDescriptor
                0x0800f390        0xc ../../../libDaisy/build\libdaisy.a(usbd_desc.o)
                0x0800f390                USBD_HS_LangIDStrDescriptor
 .text.USBD_HS_ManufacturerStrDescriptor
                0x0800f39c       0x1c ../../../libDaisy/build\libdaisy.a(usbd_desc.o)
                0x0800f39c                USBD_HS_ManufacturerStrDescriptor
 .text.USBD_FS_SerialStrDescriptor
                0x0800f3b8      0x124 ../../../libDaisy/build\libdaisy.a(usbd_desc.o)
                0x0800f3b8                USBD_FS_SerialStrDescriptor
 .text.USBD_HS_SerialStrDescriptor
                0x0800f4dc      0x124 ../../../libDaisy/build\libdaisy.a(usbd_desc.o)
                0x0800f4dc                USBD_HS_SerialStrDescriptor
 .text.USBD_HS_InterfaceStrDescriptor
                0x0800f600       0x1c ../../../libDaisy/build\libdaisy.a(usbd_desc.o)
                0x0800f600                USBD_HS_InterfaceStrDescriptor
 .text.USBD_HS_ConfigStrDescriptor
                0x0800f61c       0x1c ../../../libDaisy/build\libdaisy.a(usbd_desc.o)
                0x0800f61c                USBD_HS_ConfigStrDescriptor
 .text.HAL_MDMA_Abort_IT
                0x0800f638       0x2c ../../../libDaisy/build\libdaisy.a(stm32h7xx_hal_mdma.o)
                0x0800f638                HAL_MDMA_Abort_IT
 .text.SPI_CloseTransfer
                0x0800f664       0xb8 ../../../libDaisy/build\libdaisy.a(stm32h7xx_hal_spi.o)
 .text.HAL_SPI_Init
                0x0800f71c      0x15c ../../../libDaisy/build\libdaisy.a(stm32h7xx_hal_spi.o)
                0x0800f71c                HAL_SPI_Init
 .text.HAL_SPI_Transmit_DMA
                0x0800f878      0x170 ../../../libDaisy/build\libdaisy.a(stm32h7xx_hal_spi.o)
                0x0800f878                HAL_SPI_Transmit_DMA
 .text.HAL_SPI_TransmitReceive_DMA
                0x0800f9e8      0x218 ../../../libDaisy/build\libdaisy.a(stm32h7xx_hal_spi.o)
                0x0800f9e8                HAL_SPI_TransmitReceive_DMA
 .text.HAL_SPI_Receive_DMA
                0x0800fc00      0x1b4 ../../../libDaisy/build\libdaisy.a(stm32h7xx_hal_spi.o)
                0x0800fc00                HAL_SPI_Receive_DMA
 .text.SPI_DMATransmitCplt
                0x0800fdb4       0x28 ../../../libDaisy/build\libdaisy.a(stm32h7xx_hal_spi.o)
 .text.SPI_DMAReceiveCplt
                0x0800fddc       0x28 ../../../libDaisy/build\libdaisy.a(stm32h7xx_hal_spi.o)
 .text.SPI_DMATransmitReceiveCplt
                0x0800fe04       0x28 ../../../libDaisy/build\libdaisy.a(stm32h7xx_hal_spi.o)
 .text.HAL_SPI_TxHalfCpltCallback
                0x0800fe2c        0x4 ../../../libDaisy/build\libdaisy.a(stm32h7xx_hal_spi.o)
                0x0800fe2c                HAL_SPI_TxHalfCpltCallback
 .text.SPI_DMAHalfTransmitCplt
                0x0800fe30        0xc ../../../libDaisy/build\libdaisy.a(stm32h7xx_hal_spi.o)
 .text.HAL_SPI_RxHalfCpltCallback
                0x0800fe3c        0x4 ../../../libDaisy/build\libdaisy.a(stm32h7xx_hal_spi.o)
                0x0800fe3c                HAL_SPI_RxHalfCpltCallback
 .text.SPI_DMAHalfReceiveCplt
                0x0800fe40        0xc ../../../libDaisy/build\libdaisy.a(stm32h7xx_hal_spi.o)
 .text.HAL_SPI_TxRxHalfCpltCallback
                0x0800fe4c        0x4 ../../../libDaisy/build\libdaisy.a(stm32h7xx_hal_spi.o)
                0x0800fe4c                HAL_SPI_TxRxHalfCpltCallback
 .text.SPI_DMAHalfTransmitReceiveCplt
                0x0800fe50        0xc ../../../libDaisy/build\libdaisy.a(stm32h7xx_hal_spi.o)
 .text.SPI_DMAError
                0x0800fe5c       0xd8 ../../../libDaisy/build\libdaisy.a(stm32h7xx_hal_spi.o)
 .text.HAL_SPI_IRQHandler
                0x0800ff34      0x23c ../../../libDaisy/build\libdaisy.a(stm32h7xx_hal_spi.o)
                0x0800ff34                HAL_SPI_IRQHandler
 .text.SPI_DMAAbortOnError
                0x08010170       0x1c ../../../libDaisy/build\libdaisy.a(stm32h7xx_hal_spi.o)
 .text.HAL_SPI_GetState
                0x0801018c        0x8 ../../../libDaisy/build\libdaisy.a(stm32h7xx_hal_spi.o)
                0x0801018c                HAL_SPI_GetState
 .text.HAL_TIM_Base_Init
                0x08010194      0x140 ../../../libDaisy/build\libdaisy.a(stm32h7xx_hal_tim.o)
                0x08010194                HAL_TIM_Base_Init
 .text.HAL_TIM_Base_Start
                0x080102d4       0x34 ../../../libDaisy/build\libdaisy.a(stm32h7xx_hal_tim.o)
                0x080102d4                HAL_TIM_Base_Start
 .text.HAL_TIM_Base_Start_IT
                0x08010308       0x2c ../../../libDaisy/build\libdaisy.a(stm32h7xx_hal_tim.o)
                0x08010308                HAL_TIM_Base_Start_IT
 .text.HAL_TIM_ConfigClockSource
                0x08010334      0x17c ../../../libDaisy/build\libdaisy.a(stm32h7xx_hal_tim.o)
                0x08010334                HAL_TIM_ConfigClockSource
 .text.HAL_TIM_OC_DelayElapsedCallback
                0x080104b0        0x4 ../../../libDaisy/build\libdaisy.a(stm32h7xx_hal_tim.o)
                0x080104b0                HAL_TIM_OC_DelayElapsedCallback
 .text.HAL_TIM_IC_CaptureCallback
                0x080104b4        0x4 ../../../libDaisy/build\libdaisy.a(stm32h7xx_hal_tim.o)
                0x080104b4                HAL_TIM_IC_CaptureCallback
 .text.HAL_TIM_PWM_PulseFinishedCallback
                0x080104b8        0x4 ../../../libDaisy/build\libdaisy.a(stm32h7xx_hal_tim.o)
                0x080104b8                HAL_TIM_PWM_PulseFinishedCallback
 .text.HAL_TIM_TriggerCallback
                0x080104bc        0x4 ../../../libDaisy/build\libdaisy.a(stm32h7xx_hal_tim.o)
                0x080104bc                HAL_TIM_TriggerCallback
 .text.HAL_TIM_IRQHandler
                0x080104c0      0x170 ../../../libDaisy/build\libdaisy.a(stm32h7xx_hal_tim.o)
                0x080104c0                HAL_TIM_IRQHandler
 .text.HAL_TIMEx_MasterConfigSynchronization
                0x08010630       0x64 ../../../libDaisy/build\libdaisy.a(stm32h7xx_hal_tim_ex.o)
                0x08010630                HAL_TIMEx_MasterConfigSynchronization
 .text.HAL_TIMEx_CommutCallback
                0x08010694        0x4 ../../../libDaisy/build\libdaisy.a(stm32h7xx_hal_tim_ex.o)
                0x08010694                HAL_TIMEx_CommutCallback
 .text.HAL_TIMEx_BreakCallback
                0x08010698        0x4 ../../../libDaisy/build\libdaisy.a(stm32h7xx_hal_tim_ex.o)
                0x08010698                HAL_TIMEx_BreakCallback
 .text.HAL_TIMEx_Break2Callback
                0x0801069c        0x4 ../../../libDaisy/build\libdaisy.a(stm32h7xx_hal_tim_ex.o)
                0x0801069c                HAL_TIMEx_Break2Callback
 .text.HAL_UART_Transmit_DMA
                0x080106a0       0xa4 ../../../libDaisy/build\libdaisy.a(stm32h7xx_hal_uart.o)
                0x080106a0                HAL_UART_Transmit_DMA
 .text.HAL_UART_Receive_DMA
                0x08010744       0xac ../../../libDaisy/build\libdaisy.a(stm32h7xx_hal_uart.o)
                0x08010744                HAL_UART_Receive_DMA
 .text.UART_DMATransmitCplt
                0x080107f0       0x2c ../../../libDaisy/build\libdaisy.a(stm32h7xx_hal_uart.o)
 .text.HAL_UART_TxHalfCpltCallback
                0x0801081c        0x4 ../../../libDaisy/build\libdaisy.a(stm32h7xx_hal_uart.o)
                0x0801081c                HAL_UART_TxHalfCpltCallback
 .text.UART_DMATxHalfCplt
                0x08010820        0xc ../../../libDaisy/build\libdaisy.a(stm32h7xx_hal_uart.o)
 .text.UART_DMAReceiveCplt
                0x0801082c       0x38 ../../../libDaisy/build\libdaisy.a(stm32h7xx_hal_uart.o)
 .text.HAL_UART_RxHalfCpltCallback
                0x08010864        0x4 ../../../libDaisy/build\libdaisy.a(stm32h7xx_hal_uart.o)
                0x08010864                HAL_UART_RxHalfCpltCallback
 .text.UART_DMARxHalfCplt
                0x08010868        0xc ../../../libDaisy/build\libdaisy.a(stm32h7xx_hal_uart.o)
 .text.UART_DMAError
                0x08010874       0x78 ../../../libDaisy/build\libdaisy.a(stm32h7xx_hal_uart.o)
 .text.HAL_UART_IRQHandler
                0x080108ec      0x1d0 ../../../libDaisy/build\libdaisy.a(stm32h7xx_hal_uart.o)
                0x080108ec                HAL_UART_IRQHandler
 .text.UART_DMAAbortOnError